Component: ARM Compiler 5.05 update 1 (build 106) Tool: armlink [4d0efa]

==============================================================================

Section Cross References

    main.o(.text) refers to thread_pump.o(.text) for watering_isItTime
    main.o(.text) refers to rt_cmsis.o(i.osSignalSet) for osSignalSet
    main.o(.text) refers to rt_cmsis.o(i.osKernelInitialize) for osKernelInitialize
    main.o(.text) refers to dave.o(.text) for DAVE_Init
    main.o(.text) refers to thread_sensors.o(.text) for Init_Thread_Sensors
    main.o(.text) refers to thread_webserver.o(.text) for Init_Thread_WebServer
    main.o(.text) refers to net_sys.o(i.net_initialize) for net_initialize
    main.o(.text) refers to rt_cmsis.o(i.osKernelStart) for osKernelStart
    main.o(.text) refers to rt_cmsis.o(i.osDelay) for osDelay
    main.o(.text) refers to digital_io_conf.o(.data) for DIGITAL_IO_0
    main.o(.text) refers to thread_pump.o(.data) for t_pump
    thread_pump.o(.text) refers to rt_cmsis.o(i.osThreadCreate) for osThreadCreate
    thread_pump.o(.text) refers to pwm.o(.text) for PWM_SetDutyCycle
    thread_pump.o(.text) refers to rt_cmsis.o(i.osDelay) for osDelay
    thread_pump.o(.text) refers to rt_cmsis.o(i.osSignalWait) for osSignalWait
    thread_pump.o(.text) refers to rtc.o(.text) for RTC_GetTime
    thread_pump.o(.text) refers to thread_pump.o(.constdata) for os_thread_def_pump
    thread_pump.o(.text) refers to thread_pump.o(.data) for t_pump
    thread_pump.o(.text) refers to pwm_conf.o(.data) for PWM_0
    thread_pump.o(.constdata) refers to thread_pump.o(.text) for pump
    thread_sensors.o(.text) refers to rt_cmsis.o(i.osThreadCreate) for osThreadCreate
    thread_sensors.o(.text) refers to adc_measurement.o(.text) for ADC_MEASUREMENT_StartConversion
    thread_sensors.o(.text) refers to rt_cmsis.o(i.osDelay) for osDelay
    thread_sensors.o(.text) refers to logging_system.o(.text) for data_Write
    thread_sensors.o(.text) refers to thread_sensors.o(.constdata) for os_thread_def_sensors
    thread_sensors.o(.text) refers to thread_sensors.o(.data) for t_sensors
    thread_sensors.o(.text) refers to adc_measurement_conf.o(.data) for ADC_MEASUREMENT_0
    thread_sensors.o(.text) refers to thread_sensors.o(.bss) for data_buffer
    thread_sensors.o(.constdata) refers to thread_sensors.o(.text) for sensors
    thread_webserver.o(.text) refers to rt_cmsis.o(i.osThreadCreate) for osThreadCreate
    thread_webserver.o(.text) refers to net_sys.o(i.net_main) for net_main
    thread_webserver.o(.text) refers to rt_cmsis.o(i.osThreadYield) for osThreadYield
    thread_webserver.o(.text) refers to thread_webserver.o(.constdata) for os_thread_def_webServer
    thread_webserver.o(.text) refers to thread_webserver.o(.data) for t_webServer
    thread_webserver.o(.constdata) refers to thread_webserver.o(.text) for webServer
    http_server_cgi.o(.text) refers to net_http_server.o(i.http_get_env_var) for http_get_env_var
    http_server_cgi.o(.text) refers to printf8.o(i.__0sprintf$8) for __2sprintf
    http_server_cgi.o(.text) refers to strlen.o(.text) for strlen
    http_server_cgi.o(.text) refers to digital_io_conf.o(.data) for DIGITAL_IO_0
    http_server_cgi.o(.text) refers to thread_sensors.o(.bss) for data_buffer
    web.o(.text) refers to web.o(.constdata) for imageFileTable
    rtx_conf_cm.o(.ARM.Collect$$$$000000FF) refers to rt_cmsis.o(i.osKernelInitialize) for osKernelInitialize
    rtx_conf_cm.o(.ARM.Collect$$$$000000FF) refers to rt_cmsis.o(i.osThreadCreate) for osThreadCreate
    rtx_conf_cm.o(.ARM.Collect$$$$000000FF) refers to rt_cmsis.o(i.osKernelStart) for osKernelStart
    rtx_conf_cm.o(.ARM.Collect$$$$000000FF) refers to rtx_conf_cm.o(.data) for .data
    rtx_conf_cm.o(.constdata) refers to rt_cmsis.o(i.osTimerThread) for osTimerThread
    rtx_conf_cm.o(.constdata) refers to rtx_conf_cm.o(.bss) for os_messageQ_q_osTimerMessageQ
    rtx_conf_cm.o(.data) refers to main.o(.text) for main
    eth_mac.o(.text) refers to xmc4_gpio.o(.text) for XMC_GPIO_Init
    eth_mac.o(.text) refers to xmc_gpio.o(.text) for XMC_GPIO_SetHardwareControl
    eth_mac.o(.text) refers to eth_mac.o(RW_IRAM1) for rx_desc
    eth_mac.o(.text) refers to eth_mac.o(.bss) for handler
    eth_mac.o(.text) refers to system_xmc4500.o(.ARM.__AT_0x2000FFC0) for SystemCoreClock
    eth_mac.o(.text) refers to eth_mac.o(.constdata) for DriverVersion
    eth_mac.o(.text) refers to eth_mac.o(.data) for frame_end
    eth_mac.o(.text) refers to rt_cmsis.o(i.osKernelSysTick) for osKernelSysTick
    eth_mac.o(.text) refers to rtx_conf_cm.o(.constdata) for os_tickus_i
    eth_mac.o(.constdata) refers to eth_mac.o(.text) for ETH_MAC_GetVersion
    eth_phy_ksz8031.o(.text) refers to eth_phy_ksz8031.o(.constdata) for DriverVersion
    eth_phy_ksz8031.o(.text) refers to eth_phy_ksz8031.o(.data) for reg_rd
    eth_phy_ksz8031.o(.constdata) refers to eth_phy_ksz8031.o(.text) for GetVersion
[...]
    CCU40_0_IRQHandler_Veneer                0x08004457   Thumb Code    18  startup_xmc4500.o(.text)
    CCU40_1_IRQHandler                       0x08004469   Thumb Code     2  startup_xmc4500.o(.text)
    CCU40_1_IRQHandler_Veneer                0x0800446b   Thumb Code    18  startup_xmc4500.o(.text)
    CCU40_2_IRQHandler                       0x0800447d   Thumb Code     2  startup_xmc4500.o(.text)
    CCU40_2_IRQHandler_Veneer                0x0800447f   Thumb Code    18  startup_xmc4500.o(.text)
    CCU40_3_IRQHandler                       0x08004491   Thumb Code     2  startup_xmc4500.o(.text)
    CCU40_3_IRQHandler_Veneer                0x08004493   Thumb Code    18  startup_xmc4500.o(.text)
    CCU41_0_IRQHandler                       0x080044a5   Thumb Code     2  startup_xmc4500.o(.text)
    CCU41_0_IRQHandler_Veneer                0x080044a7   Thumb Code    18  startup_xmc4500.o(.text)
    CCU41_1_IRQHandler                       0x080044b9   Thumb Code     2  startup_xmc4500.o(.text)
    CCU41_1_IRQHandler_Veneer                0x080044bb   Thumb Code    18  startup_xmc4500.o(.text)
    CCU41_2_IRQHandler                       0x080044cd   Thumb Code     2  startup_xmc4500.o(.text)
    CCU41_2_IRQHandler_Veneer                0x080044cf   Thumb Code    18  startup_xmc4500.o(.text)
    CCU41_3_IRQHandler                       0x080044e1   Thumb Code     2  startup_xmc4500.o(.text)
    CCU41_3_IRQHandler_Veneer                0x080044e3   Thumb Code    18  startup_xmc4500.o(.text)
    CCU42_0_IRQHandler                       0x080044f5   Thumb Code     2  startup_xmc4500.o(.text)
    CCU42_0_IRQHandler_Veneer                0x080044f7   Thumb Code    18  startup_xmc4500.o(.text)
    CCU42_1_IRQHandler                       0x08004509   Thumb Code     2  startup_xmc4500.o(.text)
    CCU42_1_IRQHandler_Veneer                0x0800450b   Thumb Code    18  startup_xmc4500.o(.text)
    CCU42_2_IRQHandler                       0x0800451d   Thumb Code     2  startup_xmc4500.o(.text)
    CCU42_2_IRQHandler_Veneer                0x0800451f   Thumb Code    18  startup_xmc4500.o(.text)
    CCU42_3_IRQHandler                       0x08004531   Thumb Code     2  startup_xmc4500.o(.text)
    CCU42_3_IRQHandler_Veneer                0x08004533   Thumb Code    18  startup_xmc4500.o(.text)
    CCU43_0_IRQHandler                       0x08004545   Thumb Code     2  startup_xmc4500.o(.text)
    CCU43_0_IRQHandler_Veneer                0x08004547   Thumb Code    18  startup_xmc4500.o(.text)
    CCU43_1_IRQHandler                       0x08004559   Thumb Code     2  startup_xmc4500.o(.text)
    CCU43_1_IRQHandler_Veneer                0x0800455b   Thumb Code    18  startup_xmc4500.o(.text)
    CCU43_2_IRQHandler                       0x0800456d   Thumb Code     2  startup_xmc4500.o(.text)
    CCU43_2_IRQHandler_Veneer                0x0800456f   Thumb Code    18  startup_xmc4500.o(.text)
    CCU43_3_IRQHandler                       0x08004581   Thumb Code     2  startup_xmc4500.o(.text)
    CCU43_3_IRQHandler_Veneer                0x08004583   Thumb Code    18  startup_xmc4500.o(.text)
    CCU80_0_IRQHandler                       0x08004595   Thumb Code     2  startup_xmc4500.o(.text)
    CCU80_0_IRQHandler_Veneer                0x08004597   Thumb Code    18  startup_xmc4500.o(.text)
    CCU80_1_IRQHandler                       0x080045a9   Thumb Code     2  startup_xmc4500.o(.text)
    CCU80_1_IRQHandler_Veneer                0x080045ab   Thumb Code    18  startup_xmc4500.o(.text)
    CCU80_2_IRQHandler                       0x080045bd   Thumb Code     2  startup_xmc4500.o(.text)
    CCU80_2_IRQHandler_Veneer                0x080045bf   Thumb Code    18  startup_xmc4500.o(.text)
    CCU80_3_IRQHandler                       0x080045d1   Thumb Code     2  startup_xmc4500.o(.text)
    CCU80_3_IRQHandler_Veneer                0x080045d3   Thumb Code    18  startup_xmc4500.o(.text)
    CCU81_0_IRQHandler                       0x080045e5   Thumb Code     2  startup_xmc4500.o(.text)
    CCU81_0_IRQHandler_Veneer                0x080045e7   Thumb Code    18  startup_xmc4500.o(.text)
    CCU81_1_IRQHandler                       0x080045f9   Thumb Code     2  startup_xmc4500.o(.text)
    CCU81_1_IRQHandler_Veneer                0x080045fb   Thumb Code    18  startup_xmc4500.o(.text)
    CCU81_2_IRQHandler                       0x0800460d   Thumb Code     2  startup_xmc4500.o(.text)
    CCU81_2_IRQHandler_Veneer                0x0800460f   Thumb Code    18  startup_xmc4500.o(.text)
    CCU81_3_IRQHandler                       0x08004621   Thumb Code     2  startup_xmc4500.o(.text)
    CCU81_3_IRQHandler_Veneer                0x08004623   Thumb Code    18  startup_xmc4500.o(.text)
    POSIF0_0_IRQHandler                      0x08004635   Thumb Code     2  startup_xmc4500.o(.text)
    POSIF0_0_IRQHandler_Veneer               0x08004637   Thumb Code    18  startup_xmc4500.o(.text)
    POSIF0_1_IRQHandler                      0x08004649   Thumb Code     2  startup_xmc4500.o(.text)
    POSIF0_1_IRQHandler_Veneer               0x0800464b   Thumb Code    18  startup_xmc4500.o(.text)
    POSIF1_0_IRQHandler                      0x0800465d   Thumb Code     2  startup_xmc4500.o(.text)
    POSIF1_0_IRQHandler_Veneer               0x0800465f   Thumb Code    18  startup_xmc4500.o(.text)
    POSIF1_1_IRQHandler                      0x08004671   Thumb Code     2  startup_xmc4500.o(.text)
    POSIF1_1_IRQHandler_Veneer               0x08004673   Thumb Code    18  startup_xmc4500.o(.text)
    CAN0_0_IRQHandler                        0x08004685   Thumb Code     2  startup_xmc4500.o(.text)
    CAN0_0_IRQHandler_Veneer                 0x08004687   Thumb Code    18  startup_xmc4500.o(.text)
    CAN0_1_IRQHandler                        0x08004699   Thumb Code     2  startup_xmc4500.o(.text)
    CAN0_1_IRQHandler_Veneer                 0x0800469b   Thumb Code    18  startup_xmc4500.o(.text)
    CAN0_2_IRQHandler                        0x080046ad   Thumb Code     2  startup_xmc4500.o(.text)
    CAN0_2_IRQHandler_Veneer                 0x080046af   Thumb Code    18  startup_xmc4500.o(.text)
    CAN0_3_IRQHandler                        0x080046c1   Thumb Code     2  startup_xmc4500.o(.text)
    CAN0_3_IRQHandler_Veneer                 0x080046c3   Thumb Code    18  startup_xmc4500.o(.text)
    CAN0_4_IRQHandler                        0x080046d5   Thumb Code     2  startup_xmc4500.o(.text)
    CAN0_4_IRQHandler_Veneer                 0x080046d7   Thumb Code    18  startup_xmc4500.o(.text)
    CAN0_5_IRQHandler                        0x080046e9   Thumb Code     2  startup_xmc4500.o(.text)
    CAN0_5_IRQHandler_Veneer                 0x080046eb   Thumb Code    18  startup_xmc4500.o(.text)
    CAN0_6_IRQHandler                        0x080046fd   Thumb Code     2  startup_xmc4500.o(.text)
    CAN0_6_IRQHandler_Veneer                 0x080046ff   Thumb Code    18  startup_xmc4500.o(.text)
    CAN0_7_IRQHandler                        0x08004711   Thumb Code     2  startup_xmc4500.o(.text)
    CAN0_7_IRQHandler_Veneer                 0x08004713   Thumb Code    18  startup_xmc4500.o(.text)
    USIC0_0_IRQHandler                       0x08004725   Thumb Code     2  startup_xmc4500.o(.text)
    USIC0_0_IRQHandler_Veneer                0x08004727   Thumb Code    18  startup_xmc4500.o(.text)
    USIC0_1_IRQHandler                       0x08004739   Thumb Code     2  startup_xmc4500.o(.text)
    USIC0_1_IRQHandler_Veneer                0x0800473b   Thumb Code    18  startup_xmc4500.o(.text)
    USIC0_2_IRQHandler                       0x0800474d   Thumb Code     2  startup_xmc4500.o(.text)
    USIC0_2_IRQHandler_Veneer                0x0800474f   Thumb Code    18  startup_xmc4500.o(.text)
    USIC0_3_IRQHandler                       0x08004761   Thumb Code     2  startup_xmc4500.o(.text)
    USIC0_3_IRQHandler_Veneer                0x08004763   Thumb Code    18  startup_xmc4500.o(.text)
    USIC0_4_IRQHandler                       0x08004775   Thumb Code     2  startup_xmc4500.o(.text)
    USIC0_4_IRQHandler_Veneer                0x08004777   Thumb Code    18  startup_xmc4500.o(.text)
    USIC0_5_IRQHandler                       0x08004789   Thumb Code     2  startup_xmc4500.o(.text)
    USIC0_5_IRQHandler_Veneer                0x0800478b   Thumb Code    18  startup_xmc4500.o(.text)
    USIC1_0_IRQHandler                       0x0800479d   Thumb Code     2  startup_xmc4500.o(.text)
    USIC1_0_IRQHandler_Veneer                0x0800479f   Thumb Code    18  startup_xmc4500.o(.text)
    USIC1_1_IRQHandler                       0x080047b1   Thumb Code     2  startup_xmc4500.o(.text)
    USIC1_1_IRQHandler_Veneer                0x080047b3   Thumb Code    18  startup_xmc4500.o(.text)
    USIC1_2_IRQHandler                       0x080047c5   Thumb Code     2  startup_xmc4500.o(.text)
    USIC1_2_IRQHandler_Veneer                0x080047c7   Thumb Code    18  startup_xmc4500.o(.text)
    USIC1_3_IRQHandler                       0x080047d9   Thumb Code     2  startup_xmc4500.o(.text)
    USIC1_3_IRQHandler_Veneer                0x080047db   Thumb Code    18  startup_xmc4500.o(.text)
    USIC1_4_IRQHandler                       0x080047ed   Thumb Code     2  startup_xmc4500.o(.text)
    USIC1_4_IRQHandler_Veneer                0x080047ef   Thumb Code    18  startup_xmc4500.o(.text)
    USIC1_5_IRQHandler                       0x08004801   Thumb Code     2  startup_xmc4500.o(.text)
    USIC1_5_IRQHandler_Veneer                0x08004803   Thumb Code    18  startup_xmc4500.o(.text)
    USIC2_0_IRQHandler                       0x08004815   Thumb Code     2  startup_xmc4500.o(.text)
    USIC2_0_IRQHandler_Veneer                0x08004817   Thumb Code    18  startup_xmc4500.o(.text)
    USIC2_1_IRQHandler                       0x08004829   Thumb Code     2  startup_xmc4500.o(.text)
    USIC2_1_IRQHandler_Veneer                0x0800482b   Thumb Code    18  startup_xmc4500.o(.text)
    USIC2_2_IRQHandler                       0x0800483d   Thumb Code     2  startup_xmc4500.o(.text)
    USIC2_2_IRQHandler_Veneer                0x0800483f   Thumb Code    18  startup_xmc4500.o(.text)
    USIC2_3_IRQHandler                       0x08004851   Thumb Code     2  startup_xmc4500.o(.text)
    USIC2_3_IRQHandler_Veneer                0x08004853   Thumb Code    18  startup_xmc4500.o(.text)
    USIC2_4_IRQHandler                       0x08004865   Thumb Code     2  startup_xmc4500.o(.text)
    USIC2_4_IRQHandler_Veneer                0x08004867   Thumb Code    18  startup_xmc4500.o(.text)
    USIC2_5_IRQHandler                       0x08004879   Thumb Code     2  startup_xmc4500.o(.text)
    USIC2_5_IRQHandler_Veneer                0x0800487b   Thumb Code    18  startup_xmc4500.o(.text)
    LEDTS0_0_IRQHandler                      0x0800488d   Thumb Code     2  startup_xmc4500.o(.text)
    LEDTS0_0_IRQHandler_Veneer               0x0800488f   Thumb Code    18  startup_xmc4500.o(.text)
    FCE0_0_IRQHandler                        0x080048a1   Thumb Code     2  startup_xmc4500.o(.text)
    FCE0_0_IRQHandler_Veneer                 0x080048a3   Thumb Code    18  startup_xmc4500.o(.text)
    GPDMA0_0_IRQHandler                      0x080048b5   Thumb Code     2  startup_xmc4500.o(.text)
    GPDMA0_0_IRQHandler_Veneer               0x080048b7   Thumb Code    18  startup_xmc4500.o(.text)
    SDMMC0_0_IRQHandler                      0x080048c9   Thumb Code     2  startup_xmc4500.o(.text)
    SDMMC0_0_IRQHandler_Veneer               0x080048cb   Thumb Code    18  startup_xmc4500.o(.text)
    USB0_0_IRQHandler                        0x080048dd   Thumb Code     2  startup_xmc4500.o(.text)
    USB0_0_IRQHandler_Veneer                 0x080048df   Thumb Code    18  startup_xmc4500.o(.text)
    ETH0_0_IRQHandler_Veneer                 0x080048f3   Thumb Code    18  startup_xmc4500.o(.text)
    GPDMA1_0_IRQHandler                      0x08004905   Thumb Code     2  startup_xmc4500.o(.text)
    GPDMA1_0_IRQHandler_Veneer               0x08004907   Thumb Code    18  startup_xmc4500.o(.text)
    SystemInit_DAVE3                         0x08004919   Thumb Code     4  startup_xmc4500.o(.text)
    AllowPLLInitByStartup                    0x0800491d   Thumb Code     6  startup_xmc4500.o(.text)
    SystemCoreClockUpdate                    0x08004941   Thumb Code   148  system_xmc4500.o(.text)
    SystemCoreSetup                          0x08004bd1   Thumb Code    74  system_xmc4500.o(.text)
    SystemInit                               0x08004c1b   Thumb Code    22  system_xmc4500.o(.text)
    net_sys_init                             0x08004c79   Thumb Code    38  net_config.o(.text)
    net_sys_run                              0x08004c9f   Thumb Code    30  net_config.o(.text)
    igmp_is_member                           0x08004cbd   Thumb Code     4  net_config.o(.text)
    igmp_process                             0x08004cc1   Thumb Code     2  net_config.o(.text)
    ppp_send_frame                           0x08004cc3   Thumb Code     4  net_config.o(.text)
    slip_send_frame                          0x08004cc7   Thumb Code     4  net_config.o(.text)
    sntp_get_time                            0x08004ccb   Thumb Code     4  net_config.o(.text)
    http_server_fopen                        0x08004ccf   Thumb Code     4  net_config.o(.text)
    http_server_fclose                       0x08004cd3   Thumb Code     2  net_config.o(.text)
    http_server_fread                        0x08004cd5   Thumb Code     4  net_config.o(.text)
    http_server_fgets                        0x08004cd9   Thumb Code     4  net_config.o(.text)
    http_server_ftime                        0x08004cdd   Thumb Code     4  net_config.o(.text)
    net_sys_error                            0x08004ce1   Thumb Code     2  net_config.o(.text)
    __aeabi_uldivmod                         0x08004ce3   Thumb Code    98  uldiv.o(.text)
    __aeabi_memcpy                           0x08004d45   Thumb Code    36  memcpya.o(.text)
    __aeabi_memcpy4                          0x08004d45   Thumb Code     0  memcpya.o(.text)
    __aeabi_memcpy8                          0x08004d45   Thumb Code     0  memcpya.o(.text)
    __aeabi_memset                           0x08004d69   Thumb Code    14  memseta.o(.text)
    __aeabi_memset4                          0x08004d69   Thumb Code     0  memseta.o(.text)
    __aeabi_memset8                          0x08004d69   Thumb Code     0  memseta.o(.text)
    __aeabi_memclr                           0x08004d77   Thumb Code     4  memseta.o(.text)
    __aeabi_memclr4                          0x08004d77   Thumb Code     0  memseta.o(.text)
    __aeabi_memclr8                          0x08004d77   Thumb Code     0  memseta.o(.text)
    _memset$wrapper                          0x08004d7b   Thumb Code    18  memseta.o(.text)
    strlen                                   0x08004d8d   Thumb Code    14  strlen.o(.text)
    strcmp                                   0x08004d9b   Thumb Code    28  strcmp.o(.text)
    memcmp                                   0x08004db7   Thumb Code    26  memcmp.o(.text)
    atoi                                     0x08004dd1   Thumb Code    26  atoi.o(.text)
    __aeabi_llsl                             0x08004deb   Thumb Code    30  llshl.o(.text)
    _ll_shift_l                              0x08004deb   Thumb Code     0  llshl.o(.text)
    __aeabi_llsr                             0x08004e09   Thumb Code    32  llushr.o(.text)
    _ll_ushift_r                             0x08004e09   Thumb Code     0  llushr.o(.text)
    _chval                                   0x08004e29   Thumb Code    28  _chval.o(.text)
    strtol                                   0x08004e45   Thumb Code   112  strtol.o(.text)
    __scatterload                            0x08004eb5   Thumb Code    28  init.o(.text)
    __scatterload_rt2                        0x08004eb5   Thumb Code     0  init.o(.text)
    __rt_ctype_table                         0x08004ed9   Thumb Code     4  ctype_o.o(.text)
    _strtoul                                 0x08004ee1   Thumb Code   158  _strtoul.o(.text)
    __decompress                             0x08004f7f   Thumb Code     0  __dczerorl2.o(.text)
    __decompress1                            0x08004f7f   Thumb Code    86  __dczerorl2.o(.text)
    SVC_Count                                0x08004fd4   Data           4  svc_table.o(SVC_TABLE)
    SVC_Table                                0x08004fd8   Data           0  svc_table.o(SVC_TABLE)
    __0sprintf$8                             0x08004fd9   Thumb Code    34  printf8.o(i.__0sprintf$8)
    __1sprintf$8                             0x08004fd9   Thumb Code     0  printf8.o(i.__0sprintf$8)
    __2sprintf                               0x08004fd9   Thumb Code     0  printf8.o(i.__0sprintf$8)
    __aeabi_errno_addr                       0x08005001   Thumb Code     4  errno.o(i.__aeabi_errno_addr)
    __rt_errno_addr                          0x08005001   Thumb Code     0  errno.o(i.__aeabi_errno_addr)
    __scatterload_copy                       0x08005009   Thumb Code    14  handlers.o(i.__scatterload_copy)
    __scatterload_null                       0x08005017   Thumb Code     2  handlers.o(i.__scatterload_null)
    __scatterload_zeroinit                   0x08005019   Thumb Code    14  handlers.o(i.__scatterload_zeroinit)
    _init_box                                0x08005027   Thumb Code    70  rt_membox.o(i._init_box)
    arp_cache_add                            0x0800550d   Thumb Code   156  net_arp.o(i.arp_cache_add)
    arp_cache_early                          0x08005639   Thumb Code   128  net_arp.o(i.arp_cache_early)
    arp_cache_find                           0x080056c1   Thumb Code   148  net_arp.o(i.arp_cache_find)
    arp_cache_update                         0x08005761   Thumb Code   212  net_arp.o(i.arp_cache_update)
    arp_init                                 0x08005845   Thumb Code    38  net_arp.o(i.arp_init)
    arp_notify                               0x080058b1   Thumb Code    26  net_arp.o(i.arp_notify)
    arp_probe                                0x080058d9   Thumb Code    14  net_arp.o(i.arp_probe)
    arp_process                              0x08005961   Thumb Code   276  net_arp.o(i.arp_process)
    b64_to_asc                               0x08005bd1   Thumb Code   122  net_common.o(i.b64_to_asc)
    cgi_content_type                         0x08005c4b   Thumb Code     4  net_http_server.o(i.cgi_content_type)
    chksum16                                 0x08005e11   Thumb Code    50  net_common.o(i.chksum16)
    dbg_init                                 0x08005e89   Thumb Code    34  hal_cm.o(i.dbg_init)
    dbg_task_notify                          0x08005eb9   Thumb Code    32  hal_cm.o(i.dbg_task_notify)
    dbg_task_switch                          0x08005ed9   Thumb Code    16  hal_cm.o(i.dbg_task_switch)
    dhcp_client_init                         0x08005ee9   Thumb Code    70  net_dhcp_client.o(i.dhcp_client_init)
    dhcp_client_run                          0x08005f3d   Thumb Code   560  net_dhcp_client.o(i.dhcp_client_run)
    eth_chk_addr                             0x08006635   Thumb Code    28  net_eth.o(i.eth_chk_addr)
    eth_init_link                            0x080066c9   Thumb Code   222  net_eth.o(i.eth_init_link)
    eth_link_notify                          0x080067c1   Thumb Code     2  net_eth.o(i.eth_link_notify)
    eth_run_link                             0x080067d9   Thumb Code   210  net_eth.o(i.eth_run_link)
    eth_send_frame                           0x080068bd   Thumb Code   152  net_eth.o(i.eth_send_frame)
    eth_thread                               0x08006965   Thumb Code    14  net_eth.o(i.eth_thread)
    get_rnd32                                0x080069ed   Thumb Code    18  net_sys.o(i.get_rnd32)
    http_accept_client                       0x08006a1b   Thumb Code     4  net_http_server.o(i.http_accept_client)
    http_check_account                       0x08006d31   Thumb Code     4  net_http_server.o(i.http_check_account)
    http_file_access                         0x08006ead   Thumb Code     4  net_http_server.o(i.http_file_access)
    http_get_env_var                         0x08006eb1   Thumb Code   104  net_http_server.o(i.http_get_env_var)
    http_server_init                         0x080076b1   Thumb Code    82  net_http_server.o(i.http_server_init)
    http_server_run                          0x0800770d   Thumb Code   808  net_http_server.o(i.http_server_run)
    icmp_process                             0x08007b05   Thumb Code   210  net_icmp.o(i.icmp_process)
    icmp_service_init                        0x08007c61   Thumb Code    10  net_icmp.o(i.icmp_service_init)
    icmp_service_run                         0x08007c71   Thumb Code    58  net_icmp.o(i.icmp_service_run)
    ip4_checksum                             0x08007cb9   Thumb Code    76  net_ip.o(i.ip4_checksum)
    ip_chk_frame                             0x08007d05   Thumb Code   196  net_ip.o(i.ip_chk_frame)
    ip_get_locadr                            0x08007de1   Thumb Code    54  net_ip.o(i.ip_get_locadr)
    ip_localhost_init                        0x08007eb1   Thumb Code    20  net_ip.o(i.ip_localhost_init)
    ip_localhost_run                         0x08007ecd   Thumb Code    86  net_ip.o(i.ip_localhost_run)
    ip_send_frame                            0x08007f2d   Thumb Code   312  net_ip.o(i.ip_send_frame)
    ip_tx_offload                            0x0800806d   Thumb Code    40  net_ip.o(i.ip_tx_offload)
    is_subnet                                0x0800809d   Thumb Code    26  net_addr4.o(i.is_subnet)
    is_subnet_bcast                          0x080080b9   Thumb Code    34  net_ip.o(i.is_subnet_bcast)
    isrMessageGet                            0x080080e1   Thumb Code    42  rt_cmsis.o(i.isrMessageGet)
    isrMessagePut                            0x0800810b   Thumb Code    44  rt_cmsis.o(i.isrMessagePut)
    isrSignalSet                             0x08008137   Thumb Code    36  rt_cmsis.o(i.isrSignalSet)
    isr_evt_set                              0x0800815d   Thumb Code    34  rt_event.o(i.isr_evt_set)
    isr_mbx_receive                          0x08008185   Thumb Code    82  rt_mailbox.o(i.isr_mbx_receive)
    isr_mbx_send                             0x080081d7   Thumb Code    14  rt_mailbox.o(i.isr_mbx_send)
    mem_alloc                                0x080081e5   Thumb Code   130  net_mem.o(i.mem_alloc)
    mem_avail                                0x08008271   Thumb Code    22  net_mem.o(i.mem_avail)
    mem_crc32                                0x0800828d   Thumb Code    32  net_common.o(i.mem_crc32)
    mem_free                                 0x080082ad   Thumb Code   100  net_mem.o(i.mem_free)
    mem_init                                 0x08008319   Thumb Code    86  net_mem.o(i.mem_init)
    mem_resize                               0x0800838d   Thumb Code    50  net_mem.o(i.mem_resize)
    nbns_client_init                         0x080083d1   Thumb Code    40  net_nbns_client.o(i.nbns_client_init)
    net_initialize                           0x08008561   Thumb Code    58  net_sys.o(i.net_initialize)
    net_main                                 0x080085ad   Thumb Code    86  net_sys.o(i.net_main)
    osDelay                                  0x08008625   Thumb Code    18  rt_cmsis.o(i.osDelay)
    osKernelInitialize                       0x0800863d   Thumb Code    30  rt_cmsis.o(i.osKernelInitialize)
    osKernelStart                            0x08008661   Thumb Code    98  rt_cmsis.o(i.osKernelStart)
    osKernelSysTick                          0x080086cd   Thumb Code    18  rt_cmsis.o(i.osKernelSysTick)
    osMessageGet                             0x080086e5   Thumb Code    18  rt_cmsis.o(i.osMessageGet)
    osMutexCreate                            0x080086fd   Thumb Code    38  rt_cmsis.o(i.osMutexCreate)
    osMutexRelease                           0x0800872d   Thumb Code    18  rt_cmsis.o(i.osMutexRelease)
    osMutexWait                              0x08008745   Thumb Code    18  rt_cmsis.o(i.osMutexWait)
    osSignalSet                              0x0800875d   Thumb Code    18  rt_cmsis.o(i.osSignalSet)
    osSignalWait                             0x08008775   Thumb Code    18  rt_cmsis.o(i.osSignalWait)
    osThreadCreate                           0x0800878d   Thumb Code    38  rt_cmsis.o(i.osThreadCreate)
    osThreadExit                             0x080087bd   Thumb Code    14  rt_cmsis.o(i.osThreadExit)
    osThreadYield                            0x080087d5   Thumb Code    18  rt_cmsis.o(i.osThreadYield)
    osTimerCall                              0x080087ed   Thumb Code     8  rt_cmsis.o(i.osTimerCall)
    osTimerCreate                            0x080087f9   Thumb Code    44  rt_cmsis.o(i.osTimerCreate)
    osTimerStart                             0x0800882d   Thumb Code    18  rt_cmsis.o(i.osTimerStart)
    osTimerThread                            0x08008845   Thumb Code    38  rt_cmsis.o(i.osTimerThread)
    os_tick_init                             0x08008871   Thumb Code    32  rt_system.o(i.os_tick_init)
    os_tick_irqack                           0x08008899   Thumb Code     2  rt_system.o(i.os_tick_irqack)
    os_tick_ovf                              0x0800889d   Thumb Code    10  rt_system.o(i.os_tick_ovf)
    os_tick_val                              0x080088ad   Thumb Code    14  rt_system.o(i.os_tick_val)
    rt_alloc_box                             0x08008afd   Thumb Code    26  rt_membox.o(i.rt_alloc_box)
    rt_alloc_mem                             0x08008b17   Thumb Code    62  rt_memory.o(i.rt_alloc_mem)
    rt_block                                 0x08008b55   Thumb Code    48  rt_task.o(i.rt_block)
    rt_chk_robin                             0x08008b8d   Thumb Code    60  rt_robin.o(i.rt_chk_robin)
    rt_dec_dly                               0x08008bd5   Thumb Code   102  rt_list.o(i.rt_dec_dly)
    rt_dispatch                              0x08008c45   Thumb Code    60  rt_task.o(i.rt_dispatch)
    rt_dly_wait                              0x08008c89   Thumb Code     6  rt_time.o(i.rt_dly_wait)
    rt_evt_psh                               0x08008c91   Thumb Code    76  rt_event.o(i.rt_evt_psh)
    rt_evt_set                               0x08008ce1   Thumb Code    88  rt_event.o(i.rt_evt_set)
    rt_evt_wait                              0x08008d3d   Thumb Code    56  rt_event.o(i.rt_evt_wait)
    rt_free_box                              0x08008d79   Thumb Code    32  rt_membox.o(i.rt_free_box)
    rt_free_mem                              0x08008d99   Thumb Code    40  rt_memory.o(i.rt_free_mem)
    rt_get_first                             0x08008dc1   Thumb Code    40  rt_list.o(i.rt_get_first)
    rt_get_same_rdy_prio                     0x08008de9   Thumb Code    26  rt_list.o(i.rt_get_same_rdy_prio)
    rt_init_mem                              0x08008e5d   Thumb Code    26  rt_memory.o(i.rt_init_mem)
    rt_init_robin                            0x08008e79   Thumb Code    14  rt_robin.o(i.rt_init_robin)
    rt_init_stack                            0x08008e91   Thumb Code   118  hal_cm.o(i.rt_init_stack)
    rt_mbx_check                             0x08008f11   Thumb Code     8  rt_mailbox.o(i.rt_mbx_check)
    rt_mbx_init                              0x08008f19   Thumb Code    26  rt_mailbox.o(i.rt_mbx_init)
    rt_mbx_psh                               0x08008f35   Thumb Code   236  rt_mailbox.o(i.rt_mbx_psh)
    rt_mbx_wait                              0x08009025   Thumb Code   174  rt_mailbox.o(i.rt_mbx_wait)
    rt_mut_init                              0x08009115   Thumb Code    16  rt_mutex.o(i.rt_mut_init)
    rt_mut_release                           0x08009125   Thumb Code   208  rt_mutex.o(i.rt_mut_release)
    rt_mut_wait                              0x080091fd   Thumb Code   100  rt_mutex.o(i.rt_mut_wait)
    rt_pop_req                               0x08009265   Thumb Code   112  rt_system.o(i.rt_pop_req)
    rt_psh_req                               0x080092e1   Thumb Code    22  rt_system.o(i.rt_psh_req)
    rt_psq_enq                               0x08009301   Thumb Code    88  rt_list.o(i.rt_psq_enq)
    rt_put_dly                               0x0800935d   Thumb Code    68  rt_list.o(i.rt_put_dly)
    rt_put_prio                              0x080093a5   Thumb Code    54  rt_list.o(i.rt_put_prio)
    rt_put_rdy_first                         0x080093dd   Thumb Code    14  rt_list.o(i.rt_put_rdy_first)
    rt_resort_prio                           0x080093f1   Thumb Code    46  rt_list.o(i.rt_resort_prio)
    rt_ret_val                               0x08009435   Thumb Code    12  hal_cm.o(i.rt_ret_val)
    rt_ret_val2                              0x08009441   Thumb Code    16  hal_cm.o(i.rt_ret_val2)
    rt_rmv_dly                               0x08009451   Thumb Code    40  rt_list.o(i.rt_rmv_dly)
    rt_rmv_list                              0x08009479   Thumb Code    44  rt_list.o(i.rt_rmv_list)
    rt_sem_psh                               0x080094a9   Thumb Code    48  rt_semaphore.o(i.rt_sem_psh)
    rt_stk_check                             0x080094dd   Thumb Code    28  rt_system.o(i.rt_stk_check)
    rt_switch_req                            0x08009501   Thumb Code    30  rt_task.o(i.rt_switch_req)
    rt_sys_init                              0x08009529   Thumb Code   138  rt_task.o(i.rt_sys_init)
    rt_sys_start                             0x080095f5   Thumb Code   110  rt_task.o(i.rt_sys_start)
    rt_systick                               0x0800966d   Thumb Code    50  rt_system.o(i.rt_systick)
    rt_tsk_create                            0x08009731   Thumb Code   112  rt_task.o(i.rt_tsk_create)
    rt_tsk_delete                            0x080097b1   Thumb Code   342  rt_task.o(i.rt_tsk_delete)
    rt_tsk_pass                              0x08009925   Thumb Code    38  rt_task.o(i.rt_tsk_pass)
    rt_tsk_prio                              0x08009955   Thumb Code   108  rt_task.o(i.rt_tsk_prio)
    rt_tsk_self                              0x080099d1   Thumb Code    12  rt_task.o(i.rt_tsk_self)
    str_copy                                 0x08009a29   Thumb Code    18  net_common.o(i.str_copy)
    str_pos                                  0x08009a3b   Thumb Code    22  net_common.o(i.str_pos)
    str_scomp                                0x08009a51   Thumb Code    26  net_common.o(i.str_scomp)
    str_up_case                              0x08009a6b   Thumb Code    26  net_common.o(i.str_up_case)
    svcDelay                                 0x08009a85   Thumb Code    20  rt_cmsis.o(i.svcDelay)
    svcKernelInitialize                      0x08009a99   Thumb Code    80  rt_cmsis.o(i.svcKernelInitialize)
    svcKernelStart                           0x08009b09   Thumb Code    62  rt_cmsis.o(i.svcKernelStart)
    svcKernelSysTick                         0x08009b51   Thumb Code    46  rt_cmsis.o(i.svcKernelSysTick)
    svcMessageCreate                         0x08009b89   Thumb Code    36  rt_cmsis.o(i.svcMessageCreate)
    svcMessageGet                            0x08009bad   Thumb Code    58  rt_cmsis.o(i.svcMessageGet)
    svcMutexCreate                           0x08009be7   Thumb Code    28  rt_cmsis.o(i.svcMutexCreate)
    svcMutexRelease                          0x08009c03   Thumb Code    34  rt_cmsis.o(i.svcMutexRelease)
    svcMutexWait                             0x08009c25   Thumb Code    54  rt_cmsis.o(i.svcMutexWait)
    svcSignalSet                             0x08009c5b   Thumb Code    36  rt_cmsis.o(i.svcSignalSet)
    svcSignalWait                            0x08009c81   Thumb Code    80  rt_cmsis.o(i.svcSignalWait)
    svcThreadCreate                          0x08009cd5   Thumb Code   100  rt_cmsis.o(i.svcThreadCreate)
    svcThreadGetId                           0x08009d45   Thumb Code    22  rt_cmsis.o(i.svcThreadGetId)
    svcThreadTerminate                       0x08009d61   Thumb Code    50  rt_cmsis.o(i.svcThreadTerminate)
    svcThreadYield                           0x08009d99   Thumb Code    10  rt_cmsis.o(i.svcThreadYield)
    svcTimerCall                             0x08009da3   Thumb Code    24  rt_cmsis.o(i.svcTimerCall)
    svcTimerCreate                           0x08009dbd   Thumb Code    52  rt_cmsis.o(i.svcTimerCreate)
    svcTimerStart                            0x08009df5   Thumb Code    96  rt_cmsis.o(i.svcTimerStart)
    sysTimerTick                             0x08009e59   Thumb Code    84  rt_cmsis.o(i.sysTimerTick)
    tcp_abort                                0x08009eb5   Thumb Code    82  net_tcp.o(i.tcp_abort)
    tcp_close                                0x08009f0d   Thumb Code   154  net_tcp.o(i.tcp_close)
    tcp_get_buf                              0x08009fad   Thumb Code    30  net_tcp.o(i.tcp_get_buf)
    tcp_get_socket                           0x08009fcd   Thumb Code    76  net_tcp.o(i.tcp_get_socket)
    tcp_get_state                            0x0800a01d   Thumb Code    34  net_tcp.o(i.tcp_get_state)
    tcp_listen                               0x0800a045   Thumb Code   102  net_tcp.o(i.tcp_listen)
    tcp_max_data_size                        0x0800a12d   Thumb Code    30  net_tcp.o(i.tcp_max_data_size)
    tcp_process                              0x0800a2c9   Thumb Code  1178  net_tcp.o(i.tcp_process)
    tcp_send                                 0x0800a82d   Thumb Code   214  net_tcp.o(i.tcp_send)
    tcp_socket_init                          0x0800aa45   Thumb Code    16  net_tcp.o(i.tcp_socket_init)
    tcp_socket_poll                          0x0800aa59   Thumb Code   634  net_tcp.o(i.tcp_socket_poll)
    udp_get_buf                              0x0800aded   Thumb Code    30  net_udp.o(i.udp_get_buf)
    udp_get_socket                           0x0800ae0d   Thumb Code    68  net_udp.o(i.udp_get_socket)
    udp_open                                 0x0800ae55   Thumb Code    98  net_udp.o(i.udp_open)
    udp_process                              0x0800aeed   Thumb Code   142  net_udp.o(i.udp_process)
    udp_send                                 0x0800af85   Thumb Code   260  net_udp.o(i.udp_send)
    udp_socket_init                          0x0800b08d   Thumb Code    16  net_udp.o(i.udp_socket_init)
    os_thread_def_pump                       0x0800b190   Data          16  thread_pump.o(.constdata)
    os_thread_def_sensors                    0x0800b1a0   Data          16  thread_sensors.o(.constdata)
    os_thread_def_webServer                  0x0800b1b0   Data          16  thread_webserver.o(.constdata)
    imageLastModified                        0x0800b1c0   Data           4  web.o(.constdata)
    os_maxtaskrun                            0x0800b1d8   Data           2  rtx_conf_cm.o(.constdata)
    os_stackinfo                             0x0800b1dc   Data           4  rtx_conf_cm.o(.constdata)
    os_rrobin                                0x0800b1e0   Data           4  rtx_conf_cm.o(.constdata)
    os_tickfreq                              0x0800b1e4   Data           4  rtx_conf_cm.o(.constdata)
    os_tickus_i                              0x0800b1e8   Data           2  rtx_conf_cm.o(.constdata)
    os_tickus_f                              0x0800b1ea   Data           2  rtx_conf_cm.o(.constdata)
    os_trv                                   0x0800b1ec   Data           4  rtx_conf_cm.o(.constdata)
    os_flags                                 0x0800b1f0   Data           1  rtx_conf_cm.o(.constdata)
    CMSIS_RTOS_API_Version                   0x0800b1f4   Data           4  rtx_conf_cm.o(.constdata)
    CMSIS_RTOS_RTX_Version                   0x0800b1f8   Data           4  rtx_conf_cm.o(.constdata)
    os_clockrate                             0x0800b1fc   Data           4  rtx_conf_cm.o(.constdata)
    os_timernum                              0x0800b200   Data           4  rtx_conf_cm.o(.constdata)
    mp_tcb_size                              0x0800b204   Data           2  rtx_conf_cm.o(.constdata)
    mp_stk_size                              0x0800b208   Data           4  rtx_conf_cm.o(.constdata)
    os_stack_sz                              0x0800b20c   Data           4  rtx_conf_cm.o(.constdata)
    os_fifo_size                             0x0800b210   Data           1  rtx_conf_cm.o(.constdata)
    os_thread_def_osTimerThread              0x0800b214   Data          16  rtx_conf_cm.o(.constdata)
    os_messageQ_def_osTimerMessageQ          0x0800b224   Data           8  rtx_conf_cm.o(.constdata)
    mp_tmr_size                              0x0800b22c   Data           2  rtx_conf_cm.o(.constdata)
    Driver_ETH_MAC0                          0x0800b238   Data          68  eth_mac.o(.constdata)
    Driver_ETH_PHY0                          0x0800b280   Data          32  eth_phy_ksz8031.o(.constdata)
    global_iclass_config                     0x0800b2a0   Data           4  adc_measurement_conf.o(.constdata)
    backgnd_config                           0x0800b2a4   Data          12  adc_measurement_conf.o(.constdata)
    CLOCK_XMC4_0_ScuClk                      0x0800b2b0   Data          20  clock_xmc4_conf.o(.constdata)
    CPU_CTRL_XMC4_0_config                   0x0800b2c4   Data           1  cpu_ctrl_xmc4_conf.o(.constdata)
    group_init_handle0                       0x0800b2c8   Data          20  global_adc_conf.o(.constdata)
    group_init_handle1                       0x0800b2dc   Data          20  global_adc_conf.o(.constdata)
    group_init_handle2                       0x0800b2f0   Data          20  global_adc_conf.o(.constdata)
    group_init_handle3                       0x0800b304   Data          20  global_adc_conf.o(.constdata)
    global_config                            0x0800b318   Data          24  global_adc_conf.o(.constdata)
    GLOBAL_SCU_XMC4_0_config                 0x0800b330   Data           4  global_scu_xmc4_conf.o(.constdata)
    PWM_0_Config_Handle                      0x0800b334   Data           8  pwm_conf.o(.constdata)
    PWM_0_gpio_out_config                    0x0800b33c   Data          12  pwm_conf.o(.constdata)
    PWM_0_ConfigHandle                       0x0800b348   Data          44  pwm_conf.o(.constdata)
    RTC_DAYS_IN_MONTH                        0x0800b374   Data          52  rtc.o(.constdata)
    RTC_0_config                             0x0800b3a8   Data          20  rtc_conf.o(.constdata)
    RTC_0_time_alarm_config                  0x0800b3bc   Data          20  rtc_conf.o(.constdata)
    nlocalm                                  0x0800b410   Data          60  net_config.o(.constdata)
    sys_config                               0x0800b44c   Data          16  net_config.o(.constdata)
    eth0_config                              0x0800b45c   Data          40  net_config.o(.constdata)
    udp_config                               0x0800b484   Data           8  net_config.o(.constdata)
    tcp_config                               0x0800b48c   Data          24  net_config.o(.constdata)
    http_config                              0x0800b4a4   Data          24  net_config.o(.constdata)
    eth_bcast                                0x0800b4bc   Data           6  net_eth.o(.constdata)
    os_thread_def_eth_thread                 0x0800b4c8   Data          16  net_eth.o(.constdata)
    ip_bcast                                 0x0800b4d8   Data           4  net_ip.o(.constdata)
    os_timer_def_net_tick                    0x0800b5e4   Data           8  net_sys.o(.constdata)
    http_error                               0x0800b5ec   Data          24  net_http_server_err.o(.constdata)
    os_mutex_def_mem_lock                    0x0800b604   Data           4  net_mem.o(.constdata)
    net_addr_null                            0x0800b608   Data           8  net_addr4.o(.constdata)
    __ctype_table                            0x0800b610   Data         129  ctype_o.o(.constdata)
    Region$$Table$$Base                      0x0800b908   Number         0  anon$$obj.o(Region$$Table)
    Region$$Table$$Limit                     0x0800b928   Number         0  anon$$obj.o(Region$$Table)
    t_pump                                   0x20000000   Data           4  thread_pump.o(.data)
    t_sensors                                0x20000010   Data           4  thread_sensors.o(.data)
    t_webServer                              0x2000001c   Data           4  thread_webserver.o(.data)
    osThreadId_osTimerThread                 0x20000020   Data           4  rtx_conf_cm.o(.data)
    osMessageQId_osTimerMessageQ             0x20000024   Data           4  rtx_conf_cm.o(.data)
    os_tmr                                   0x20000028   Data           4  rtx_conf_cm.o(.data)
    m_tmr                                    0x2000002c   Data           4  rtx_conf_cm.o(.data)
    os_thread_def_main                       0x20000030   Data          16  rtx_conf_cm.o(.data)
    Channel_A_ch_config                      0x20000050   Data          12  adc_measurement_conf.o(.data)
    Channel_A_res_config                     0x2000005c   Data           4  adc_measurement_conf.o(.data)
    ADC_MEASUREMENT_Channel_A_handle         0x20000060   Data          16  adc_measurement_conf.o(.data)
    Channel_B_ch_config                      0x20000070   Data          12  adc_measurement_conf.o(.data)
    Channel_B_res_config                     0x2000007c   Data           4  adc_measurement_conf.o(.data)
    ADC_MEASUREMENT_Channel_B_handle         0x20000080   Data          16  adc_measurement_conf.o(.data)
    ADC_MEASUREMENT_channel_array            0x20000090   Data           8  adc_measurement_conf.o(.data)
    ADC_MEASUREMENT_0                        0x20000098   Data          28  adc_measurement_conf.o(.data)
    CPU_CTRL_XMC4_0                          0x200000b4   Data           8  cpu_ctrl_xmc4_conf.o(.data)
    DIGITAL_IO_0_config                      0x200000bc   Data          12  digital_io_conf.o(.data)
    DIGITAL_IO_0                             0x200000c8   Data          12  digital_io_conf.o(.data)
    group_0_config                           0x200000d4   Data          12  global_adc_conf.o(.data)
    group_1_config                           0x200000e0   Data          12  global_adc_conf.o(.data)
    group_2_config                           0x200000ec   Data          12  global_adc_conf.o(.data)
    group_3_config                           0x200000f8   Data          12  global_adc_conf.o(.data)
    GLOBAL_ADC_0                             0x20000104   Data          28  global_adc_conf.o(.data)
    GLOBAL_CCU4_0                            0x20000120   Data          12  global_ccu4_conf.o(.data)
    GLOBAL_SCU_XMC4_0                        0x2000012c   Data           8  global_scu_xmc4_conf.o(.data)
    PWM_0_config_value                       0x20000134   Data          12  pwm_conf.o(.data)
    PWM_0                                    0x20000140   Data          12  pwm_conf.o(.data)
    RTC_0                                    0x2000014c   Data          12  rtc_conf.o(.data)
    lhost_name                               0x20000158   Data          16  net_config.o(.data)
    os_initialized                           0x20000170   Data           1  rt_cmsis.o(.data)
    os_running                               0x20000171   Data           1  rt_cmsis.o(.data)
    os_timer_head                            0x20000174   Data           4  rt_cmsis.o(.data)
    os_tsk                                   0x200001c0   Data           8  rt_task.o(.data)
    os_tick_irqn                             0x200001cc   Data           4  rt_system.o(.data)
    os_time                                  0x200001d0   Data           4  rt_time.o(.data)
    dbg_msg                                  0x200001d4   Data           1  hal_cm.o(.data)
    os_robin                                 0x200001e0   Data           8  rt_robin.o(.data)
    data_buffer                              0x200026ac   Data          80  thread_sensors.o(.bss)
    mp_tcb                                   0x20002700   Data         376  rtx_conf_cm.o(.bss)
    mp_stk                                   0x20002878   Data        6160  rtx_conf_cm.o(.bss)
    os_stack_mem                             0x20004088   Data        1256  rtx_conf_cm.o(.bss)
    os_fifo                                  0x20004570   Data         132  rtx_conf_cm.o(.bss)
    os_active_TCB                            0x200045f4   Data          28  rtx_conf_cm.o(.bss)
    os_messageQ_q_osTimerMessageQ            0x20004610   Data          32  rtx_conf_cm.o(.bss)
    event_handler_list                       0x2000463c   Data         128  xmc4_scu.o(.bss)
    eth_control                              0x20007948   Data         136  net_eth.o(.bss)
    localm                                   0x20007a0c   Data          60  net_sys.o(.bss)
    sys_control                              0x20007a48   Data          24  net_sys.o(.bss)
    os_timer_cb_net_tick                     0x20007a60   Data          20  net_sys.o(.bss)
    os_idle_TCB                              0x20007a74   Data          52  rt_task.o(.bss)
    os_rdy                                   0x20007aa8   Data          24  rt_list.o(.bss)
    os_dly                                   0x20007ac0   Data          24  rt_list.o(.bss)
    __initial_sp                             0x20007f00   Data           0  startup_xmc4500.o(STACK)
    SystemCoreClock                          0x2000ffc0   Data           4  system_xmc4500.o(.ARM.__AT_0x2000FFC0)
    g_chipid                                 0x2000ffc4   Data          16  system_xmc4500.o(.ARM.__AT_0x2000FFC4)



==============================================================================

Memory Map of the image

  Image Entry point : 0x08000201

  Load Region LR_IROM1 (Base: 0x08000000, Size: 0x0000dfd4, Max: 0x00100000, ABSOLUTE, COMPRESSED[0x0000ba50])

    Execution Region ER_IROM1 (Base: 0x08000000, Size: 0x0000b928, Max: 0x00100000, ABSOLUTE)

    Base Addr    Size         Type   Attr      Idx    E Section Name        Object

    0x08000000   0x00000200   Data   RO         2002    RESET               startup_xmc4500.o
    0x08000200   0x00000000   Code   RO         3758  * .ARM.Collect$$$$00000000  mc_w.l(entry.o)
    0x08000200   0x00000004   Code   RO         4042    .ARM.Collect$$$$00000001  mc_w.l(entry2.o)
    0x08000204   0x00000004   Code   RO         4045    .ARM.Collect$$$$00000004  mc_w.l(entry5.o)
    0x08000208   0x00000000   Code   RO         4047    .ARM.Collect$$$$00000008  mc_w.l(entry7b.o)
    0x08000208   0x00000000   Code   RO         4049    .ARM.Collect$$$$0000000A  mc_w.l(entry8b.o)
    0x08000208   0x00000000   Code   RO         4050    .ARM.Collect$$$$0000000D  mc_w.l(entry10a.o)
    0x08000208   0x00000000   Code   RO         4052    .ARM.Collect$$$$0000000F  mc_w.l(entry11a.o)
    0x08000208   0x00000018   Code   RO          485    .ARM.Collect$$$$000000FF  rtx_conf_cm.o
    0x08000220   0x00000004   Code   RO         4043    .ARM.Collect$$$$00002712  mc_w.l(entry2.o)
    0x08000224   0x00000188   Code   RO         3745    .emb_text           RTX_CM4_IFX.lib(hal_cm4.o)
    0x080003ac   0x00000064   Code   RO            4    .text               main.o
    0x08000410   0x000000e0   Code   RO          215    .text               thread_pump.o
    0x080004f0   0x000000c4   Code   RO          296    .text               thread_sensors.o
    0x080005b4   0x00000034   Code   RO          360    .text               thread_webserver.o
    0x080005e8   0x0000001e   Code   RO          388    .text               logging_system.o
    0x08000606   0x00000002   PAD
    0x08000608   0x000000ec   Code   RO          412    .text               http_server_cgi.o
    0x080006f4   0x00000088   Code   RO          470    .text               web.o
    0x0800077c   0x00000024   Code   RO          486    .text               rtx_conf_cm.o
    0x080007a0   0x00000af4   Code   RO          517    .text               eth_mac.o
    0x08001294   0x000001b4   Code   RO          566    .text               eth_phy_ksz8031.o
    0x08001448   0x000001f8   Code   RO          587    .text               adc_measurement.o
    0x08001640   0x0000002c   Code   RO          657    .text               clock_xmc4.o
    0x0800166c   0x0000003c   Code   RO          690    .text               clock_xmc4_conf.o
    0x080016a8   0x00000060   Code   RO          717    .text               cpu_ctrl_xmc4.o
    0x08001708   0x00000040   Code   RO          780    .text               dave.o
    0x08001748   0x00000036   Code   RO          804    .text               digital_io.o
    0x0800177e   0x00000096   Code   RO          862    .text               global_adc.o
    0x08001814   0x00000046   Code   RO          927    .text               global_ccu4.o
    0x0800185a   0x00000002   PAD
    0x0800185c   0x0000011c   Code   RO          991    .text               global_scu_xmc4.o
    0x08001978   0x00000456   Code   RO         1050    .text               pwm.o
    0x08001dce   0x00000002   PAD
    0x08001dd0   0x000002f4   Code   RO         1119    .text               rtc.o
    0x080020c4   0x000000f0   Code   RO         1252    .text               xmc4_gpio.o
    0x080021b4   0x00000104   Code   RO         1276    .text               xmc4_rtc.o
    0x080022b8   0x00000bf8   Code   RO         1303    .text               xmc4_scu.o
    0x08002eb0   0x0000048e   Code   RO         1395    .text               xmc_ccu4.o
    0x0800333e   0x00000080   Code   RO         1618    .text               xmc_gpio.o
    0x080033be   0x00000002   PAD
    0x080033c0   0x000001bc   Code   RO         1750    .text               xmc_rtc.o
    0x0800357c   0x00000ad0   Code   RO         1947    .text               xmc_vadc.o
    0x0800404c   0x000008d8   Code   RO         2003    .text               startup_xmc4500.o
    0x08004924   0x00000354   Code   RO         2010    .text               system_xmc4500.o
    0x08004c78   0x0000006a   Code   RO         2042    .text               net_config.o
    0x08004ce2   0x00000062   Code   RO         3761    .text               mc_w.l(uldiv.o)
    0x08004d44   0x00000024   Code   RO         3763    .text               mc_w.l(memcpya.o)
    0x08004d68   0x00000024   Code   RO         3765    .text               mc_w.l(memseta.o)
    0x08004d8c   0x0000000e   Code   RO         3767    .text               mc_w.l(strlen.o)
    0x08004d9a   0x0000001c   Code   RO         3769    .text               mc_w.l(strcmp.o)
    0x08004db6   0x0000001a   Code   RO         3771    .text               mc_w.l(memcmp.o)
    0x08004dd0   0x0000001a   Code   RO         4040    .text               mc_w.l(atoi.o)
    0x08004dea   0x0000001e   Code   RO         4059    .text               mc_w.l(llshl.o)
    0x08004e08   0x00000020   Code   RO         4061    .text               mc_w.l(llushr.o)
    0x08004e28   0x0000001c   Code   RO         4070    .text               mc_w.l(_chval.o)
    0x08004e44   0x00000070   Code   RO         4076    .text               mc_w.l(strtol.o)
    0x08004eb4   0x00000024   Code   RO         4089    .text               mc_w.l(init.o)
    0x08004ed8   0x00000008   Code   RO         4096    .text               mc_w.l(ctype_o.o)
    0x08004ee0   0x0000009e   Code   RO         4126    .text               mc_w.l(_strtoul.o)
    0x08004f7e   0x00000056   Code   RO         4141    .text               mc_w.l(__dczerorl2.o)
    0x08004fd4   0x00000004   Code   RO         3755    SVC_TABLE           RTX_CM4_IFX.lib(svc_table.o)
    0x08004fd8   0x00000028   Code   RO         3984    i.__0sprintf$8      mc_w.l(printf8.o)
    0x08005000   0x00000008   Code   RO         4063    i.__aeabi_errno_addr  mc_w.l(errno.o)
    0x08005008   0x0000000e   Code   RO         4135    i.__scatterload_copy  mc_w.l(handlers.o)
    0x08005016   0x00000002   Code   RO         4136    i.__scatterload_null  mc_w.l(handlers.o)
    0x08005018   0x0000000e   Code   RO         4137    i.__scatterload_zeroinit  mc_w.l(handlers.o)
    0x08005026   0x00000046   Code   RO         3487    i._init_box         RTX_CM4_IFX.lib(rt_membox.o)
    0x0800506c   0x00000410   Code   RO         3989    i._printf_core      mc_w.l(printf8.o)
    0x0800547c   0x00000024   Code   RO         3990    i._printf_post_padding  mc_w.l(printf8.o)
    0x080054a0   0x0000002e   Code   RO         3991    i._printf_pre_padding  mc_w.l(printf8.o)
    0x080054ce   0x0000000a   Code   RO         3993    i._sputc            mc_w.l(printf8.o)
    0x080054d8   0x00000034   Code   RO         2934    i.add_server_id     Net_CM3_L.lib(net_http_server.o)
    0x0800550c   0x000000a4   Code   RO         3593    i.arp_cache_add     Net_CM3_L.lib(net_arp.o)
    0x080055b0   0x00000088   Code   RO         3594    i.arp_cache_alloc   Net_CM3_L.lib(net_arp.o)
    0x08005638   0x00000088   Code   RO         3595    i.arp_cache_early   Net_CM3_L.lib(net_arp.o)
    0x080056c0   0x000000a0   Code   RO         3596    i.arp_cache_find    Net_CM3_L.lib(net_arp.o)
    0x08005760   0x000000e4   Code   RO         3599    i.arp_cache_update  Net_CM3_L.lib(net_arp.o)
    0x08005844   0x00000030   Code   RO         3603    i.arp_init          Net_CM3_L.lib(net_arp.o)
    0x08005874   0x0000003c   Code   RO         3604    i.arp_is_cacheable  Net_CM3_L.lib(net_arp.o)
    0x080058b0   0x00000028   Code   RO         3605    i.arp_notify        Net_CM3_L.lib(net_arp.o)
    0x080058d8   0x00000014   Code   RO         3606    i.arp_probe         Net_CM3_L.lib(net_arp.o)
    0x080058ec   0x00000074   Code   RO         3607    i.arp_proc_response  Net_CM3_L.lib(net_arp.o)
    0x08005960   0x00000120   Code   RO         3608    i.arp_process       Net_CM3_L.lib(net_arp.o)
    0x08005a80   0x00000090   Code   RO         3609    i.arp_send_reply    Net_CM3_L.lib(net_arp.o)
    0x08005b10   0x000000c0   Code   RO         3610    i.arp_send_request  Net_CM3_L.lib(net_arp.o)
    0x08005bd0   0x0000007a   Code   RO         3668    i.b64_to_asc        Net_CM3_L.lib(net_common.o)
    0x08005c4a   0x00000004   Code   RO         2935    i.cgi_content_type  Net_CM3_L.lib(net_http_server.o)
    0x08005c4e   0x00000002   PAD
    0x08005c50   0x000001c0   Code   RO         2940    i.chk_post_req      Net_CM3_L.lib(net_http_server.o)
    0x08005e10   0x00000032   Code   RO         3670    i.chksum16          Net_CM3_L.lib(net_common.o)
    0x08005e42   0x0000001e   Code   RO         2941    i.cmp_fname_ext     Net_CM3_L.lib(net_http_server.o)
    0x08005e60   0x00000028   Code   RO         2942    i.cmp_header        Net_CM3_L.lib(net_http_server.o)
    0x08005e88   0x00000030   Code   RO         3540    i.dbg_init          RTX_CM4_IFX.lib(hal_cm.o)
    0x08005eb8   0x00000020   Code   RO         3541    i.dbg_task_notify   RTX_CM4_IFX.lib(hal_cm.o)
    0x08005ed8   0x00000010   Code   RO         3542    i.dbg_task_switch   RTX_CM4_IFX.lib(hal_cm.o)
    0x08005ee8   0x00000054   Code   RO         2909    i.dhcp_client_init  Net_CM3_L.lib(net_dhcp_client.o)
    0x08005f3c   0x00000240   Code   RO         2911    i.dhcp_client_run   Net_CM3_L.lib(net_dhcp_client.o)
    0x0800617c   0x000001fc   Code   RO         2913    i.dhcp_listener     Net_CM3_L.lib(net_dhcp_client.o)
    0x08006378   0x000001fc   Code   RO         2914    i.dhcp_send_message  Net_CM3_L.lib(net_dhcp_client.o)
    0x08006574   0x000000c0   Code   RO         2713    i.eth_check_link    Net_CM3_L.lib(net_eth.o)
    0x08006634   0x00000020   Code   RO         2714    i.eth_chk_addr      Net_CM3_L.lib(net_eth.o)
    0x08006654   0x00000074   Code   RO         2715    i.eth_fetch_frame   Net_CM3_L.lib(net_eth.o)
    0x080066c8   0x000000f8   Code   RO         2717    i.eth_init_link     Net_CM3_L.lib(net_eth.o)
    0x080067c0   0x00000002   Code   RO         2718    i.eth_link_notify   Net_CM3_L.lib(net_eth.o)
    0x080067c2   0x00000002   PAD
    0x080067c4   0x00000014   Code   RO         2719    i.eth_notify        Net_CM3_L.lib(net_eth.o)
    0x080067d8   0x000000e4   Code   RO         2720    i.eth_run_link      Net_CM3_L.lib(net_eth.o)
    0x080068bc   0x000000a8   Code   RO         2721    i.eth_send_frame    Net_CM3_L.lib(net_eth.o)
    0x08006964   0x0000000e   Code   RO         2723    i.eth_thread        Net_CM3_L.lib(net_eth.o)
    0x08006972   0x00000002   PAD
    0x08006974   0x0000001c   Code   RO         3672    i.get_crc32         Net_CM3_L.lib(net_common.o)
    0x08006990   0x00000028   Code   RO         2943    i.get_next_field    Net_CM3_L.lib(net_http_server.o)
    0x080069b8   0x00000032   Code   RO         2944    i.get_next_par      Net_CM3_L.lib(net_http_server.o)
    0x080069ea   0x00000002   PAD
    0x080069ec   0x0000001c   Code   RO         3023    i.get_rnd32         Net_CM3_L.lib(net_sys.o)
    0x08006a08   0x00000012   Code   RO         2945    i.hex2byte          Net_CM3_L.lib(net_http_server.o)
    0x08006a1a   0x00000004   Code   RO         2946    i.http_accept_client  Net_CM3_L.lib(net_http_server.o)
    0x08006a1e   0x00000002   PAD
    0x08006a20   0x00000310   Code   RO         2947    i.http_add_header   Net_CM3_L.lib(net_http_server.o)
    0x08006d30   0x00000004   Code   RO         2948    i.http_check_account  Net_CM3_L.lib(net_http_server.o)
    0x08006d34   0x00000178   Code   RO         2950    i.http_error_msg    Net_CM3_L.lib(net_http_server.o)
    0x08006eac   0x00000004   Code   RO         2951    i.http_file_access  Net_CM3_L.lib(net_http_server.o)
    0x08006eb0   0x0000006c   Code   RO         2952    i.http_get_env_var  Net_CM3_L.lib(net_http_server.o)
    0x08006f1c   0x00000078   Code   RO         2953    i.http_get_ftype    Net_CM3_L.lib(net_http_server.o)
    0x08006f94   0x0000005e   Code   RO         2955    i.http_kill_session  Net_CM3_L.lib(net_http_server.o)
    0x08006ff2   0x00000002   PAD
    0x08006ff4   0x00000214   Code   RO         2956    i.http_listener     Net_CM3_L.lib(net_http_server.o)
    0x08007208   0x000000f0   Code   RO         2957    i.http_open_file    Net_CM3_L.lib(net_http_server.o)
    0x080072f8   0x0000014c   Code   RO         2958    i.http_proc_header  Net_CM3_L.lib(net_http_server.o)
    0x08007444   0x00000178   Code   RO         2959    i.http_proc_multipart  Net_CM3_L.lib(net_http_server.o)
    0x080075bc   0x000000f4   Code   RO         2960    i.http_proc_post    Net_CM3_L.lib(net_http_server.o)
    0x080076b0   0x0000005c   Code   RO         2965    i.http_server_init  Net_CM3_L.lib(net_http_server.o)
    0x0800770c   0x00000334   Code   RO         2966    i.http_server_run   Net_CM3_L.lib(net_http_server.o)
    0x08007a40   0x00000020   Code   RO         2967    i.http_strcpy       Net_CM3_L.lib(net_http_server.o)
    0x08007a60   0x000000a4   Code   RO         2968    i.http_to_utc       Net_CM3_L.lib(net_http_server.o)
    0x08007b04   0x000000dc   Code   RO         2774    i.icmp_process      Net_CM3_L.lib(net_icmp.o)
    0x08007be0   0x00000080   Code   RO         2775    i.icmp_send_message  Net_CM3_L.lib(net_icmp.o)
    0x08007c60   0x00000010   Code   RO         2776    i.icmp_service_init  Net_CM3_L.lib(net_icmp.o)
    0x08007c70   0x00000048   Code   RO         2777    i.icmp_service_run  Net_CM3_L.lib(net_icmp.o)
    0x08007cb8   0x0000004c   Code   RO         2744    i.ip4_checksum      Net_CM3_L.lib(net_ip.o)
    0x08007d04   0x000000d0   Code   RO         2745    i.ip_chk_frame      Net_CM3_L.lib(net_ip.o)
    0x08007dd4   0x0000000a   Code   RO         2746    i.ip_get_chksum     Net_CM3_L.lib(net_ip.o)
    0x08007dde   0x00000002   PAD
    0x08007de0   0x00000044   Code   RO         2747    i.ip_get_locadr     Net_CM3_L.lib(net_ip.o)
    0x08007e24   0x0000008c   Code   RO         2748    i.ip_get_route      Net_CM3_L.lib(net_ip.o)
    0x08007eb0   0x0000001c   Code   RO         2749    i.ip_localhost_init  Net_CM3_L.lib(net_ip.o)
    0x08007ecc   0x00000060   Code   RO         2750    i.ip_localhost_run  Net_CM3_L.lib(net_ip.o)
    0x08007f2c   0x00000140   Code   RO         2751    i.ip_send_frame     Net_CM3_L.lib(net_ip.o)
    0x0800806c   0x00000030   Code   RO         2752    i.ip_tx_offload     Net_CM3_L.lib(net_ip.o)
    0x0800809c   0x0000001a   Code   RO         3701    i.is_subnet         Net_CM3_L.lib(net_addr4.o)
    0x080080b6   0x00000002   PAD
    0x080080b8   0x00000028   Code   RO         2753    i.is_subnet_bcast   Net_CM3_L.lib(net_ip.o)
    0x080080e0   0x0000002a   Code   RO         2091    i.isrMessageGet     RTX_CM4_IFX.lib(rt_cmsis.o)
    0x0800810a   0x0000002c   Code   RO         2092    i.isrMessagePut     RTX_CM4_IFX.lib(rt_cmsis.o)
    0x08008136   0x00000024   Code   RO         2094    i.isrSignalSet      RTX_CM4_IFX.lib(rt_cmsis.o)
    0x0800815a   0x00000002   PAD
    0x0800815c   0x00000028   Code   RO         3215    i.isr_evt_set       RTX_CM4_IFX.lib(rt_event.o)
    0x08008184   0x00000052   Code   RO         3333    i.isr_mbx_receive   RTX_CM4_IFX.lib(rt_mailbox.o)
    0x080081d6   0x0000000e   Code   RO         3334    i.isr_mbx_send      RTX_CM4_IFX.lib(rt_mailbox.o)
    0x080081e4   0x0000008c   Code   RO         3644    i.mem_alloc         Net_CM3_L.lib(net_mem.o)
    0x08008270   0x0000001c   Code   RO         3645    i.mem_avail         Net_CM3_L.lib(net_mem.o)
    0x0800828c   0x00000020   Code   RO         3673    i.mem_crc32         Net_CM3_L.lib(net_common.o)
    0x080082ac   0x0000006c   Code   RO         3646    i.mem_free          Net_CM3_L.lib(net_mem.o)
    0x08008318   0x00000064   Code   RO         3647    i.mem_init          Net_CM3_L.lib(net_mem.o)
    0x0800837c   0x00000010   Code   RO         3648    i.mem_lock          Net_CM3_L.lib(net_mem.o)
    0x0800838c   0x00000038   Code   RO         3649    i.mem_resize        Net_CM3_L.lib(net_mem.o)
    0x080083c4   0x0000000c   Code   RO         3650    i.mem_unlock        Net_CM3_L.lib(net_mem.o)
    0x080083d0   0x00000030   Code   RO         2897    i.nbns_client_init  Net_CM3_L.lib(net_nbns_client.o)
    0x08008400   0x00000160   Code   RO         2898    i.nbns_listener     Net_CM3_L.lib(net_nbns_client.o)
    0x08008560   0x0000004c   Code   RO         3024    i.net_initialize    Net_CM3_L.lib(net_sys.o)
    0x080085ac   0x00000064   Code   RO         3025    i.net_main          Net_CM3_L.lib(net_sys.o)
    0x08008610   0x00000014   Code   RO         3026    i.net_timer_tick    Net_CM3_L.lib(net_sys.o)
    0x08008624   0x00000018   Code   RO         2095    i.osDelay           RTX_CM4_IFX.lib(rt_cmsis.o)
    0x0800863c   0x00000024   Code   RO         2096    i.osKernelInitialize  RTX_CM4_IFX.lib(rt_cmsis.o)
    0x08008660   0x0000006c   Code   RO         2098    i.osKernelStart     RTX_CM4_IFX.lib(rt_cmsis.o)
    0x080086cc   0x00000018   Code   RO         2099    i.osKernelSysTick   RTX_CM4_IFX.lib(rt_cmsis.o)
    0x080086e4   0x00000018   Code   RO         2107    i.osMessageGet      RTX_CM4_IFX.lib(rt_cmsis.o)
    0x080086fc   0x00000030   Code   RO         2109    i.osMutexCreate     RTX_CM4_IFX.lib(rt_cmsis.o)
    0x0800872c   0x00000018   Code   RO         2111    i.osMutexRelease    RTX_CM4_IFX.lib(rt_cmsis.o)
    0x08008744   0x00000018   Code   RO         2112    i.osMutexWait       RTX_CM4_IFX.lib(rt_cmsis.o)
    0x0800875c   0x00000018   Code   RO         2122    i.osSignalSet       RTX_CM4_IFX.lib(rt_cmsis.o)
    0x08008774   0x00000018   Code   RO         2123    i.osSignalWait      RTX_CM4_IFX.lib(rt_cmsis.o)
    0x0800878c   0x00000030   Code   RO         2124    i.osThreadCreate    RTX_CM4_IFX.lib(rt_cmsis.o)
    0x080087bc   0x00000018   Code   RO         2125    i.osThreadExit      RTX_CM4_IFX.lib(rt_cmsis.o)
    0x080087d4   0x00000018   Code   RO         2130    i.osThreadYield     RTX_CM4_IFX.lib(rt_cmsis.o)
    0x080087ec   0x0000000c   Code   RO         2131    i.osTimerCall       RTX_CM4_IFX.lib(rt_cmsis.o)
    0x080087f8   0x00000034   Code   RO         2132    i.osTimerCreate     RTX_CM4_IFX.lib(rt_cmsis.o)
    0x0800882c   0x00000018   Code   RO         2134    i.osTimerStart      RTX_CM4_IFX.lib(rt_cmsis.o)
    0x08008844   0x0000002c   Code   RO         2136    i.osTimerThread     RTX_CM4_IFX.lib(rt_cmsis.o)
    0x08008870   0x00000028   Code   RO         3125    i.os_tick_init      RTX_CM4_IFX.lib(rt_system.o)
    0x08008898   0x00000002   Code   RO         3126    i.os_tick_irqack    RTX_CM4_IFX.lib(rt_system.o)
    0x0800889a   0x00000002   PAD
    0x0800889c   0x00000010   Code   RO         3127    i.os_tick_ovf       RTX_CM4_IFX.lib(rt_system.o)
    0x080088ac   0x00000014   Code   RO         3128    i.os_tick_val       RTX_CM4_IFX.lib(rt_system.o)
    0x080088c0   0x00000064   Code   RO         2915    i.proc_opt_renew    Net_CM3_L.lib(net_dhcp_client.o)
    0x08008924   0x000000e0   Code   RO         2916    i.proc_opt_req      Net_CM3_L.lib(net_dhcp_client.o)
    0x08008a04   0x00000030   Code   RO         2917    i.proc_opt_sel      Net_CM3_L.lib(net_dhcp_client.o)
    0x08008a34   0x00000028   Code   RO         2970    i.proc_req_line     Net_CM3_L.lib(net_http_server.o)
    0x08008a5c   0x000000a0   Code   RO         2971    i.read_script_line  Net_CM3_L.lib(net_http_server.o)
    0x08008afc   0x0000001a   Code   RO         3488    i.rt_alloc_box      RTX_CM4_IFX.lib(rt_membox.o)
    0x08008b16   0x0000003e   Code   RO         3516    i.rt_alloc_mem      RTX_CM4_IFX.lib(rt_memory.o)
    0x08008b54   0x00000038   Code   RO         3040    i.rt_block          RTX_CM4_IFX.lib(rt_task.o)
    0x08008b8c   0x00000048   Code   RO         3724    i.rt_chk_robin      RTX_CM4_IFX.lib(rt_robin.o)
    0x08008bd4   0x00000070   Code   RO         3257    i.rt_dec_dly        RTX_CM4_IFX.lib(rt_list.o)
    0x08008c44   0x00000044   Code   RO         3041    i.rt_dispatch       RTX_CM4_IFX.lib(rt_task.o)
    0x08008c88   0x00000006   Code   RO         3423    i.rt_dly_wait       RTX_CM4_IFX.lib(rt_time.o)
    0x08008c8e   0x00000002   PAD
    0x08008c90   0x00000050   Code   RO         3218    i.rt_evt_psh        RTX_CM4_IFX.lib(rt_event.o)
    0x08008ce0   0x0000005c   Code   RO         3219    i.rt_evt_set        RTX_CM4_IFX.lib(rt_event.o)
    0x08008d3c   0x0000003c   Code   RO         3220    i.rt_evt_wait       RTX_CM4_IFX.lib(rt_event.o)
    0x08008d78   0x00000020   Code   RO         3489    i.rt_free_box       RTX_CM4_IFX.lib(rt_membox.o)
    0x08008d98   0x00000028   Code   RO         3517    i.rt_free_mem       RTX_CM4_IFX.lib(rt_memory.o)
    0x08008dc0   0x00000028   Code   RO         3258    i.rt_get_first      RTX_CM4_IFX.lib(rt_list.o)
    0x08008de8   0x00000024   Code   RO         3259    i.rt_get_same_rdy_prio  RTX_CM4_IFX.lib(rt_list.o)
    0x08008e0c   0x00000008   Code   RO         2141    i.rt_id2obj         RTX_CM4_IFX.lib(rt_cmsis.o)
    0x08008e14   0x00000048   Code   RO         3042    i.rt_init_context   RTX_CM4_IFX.lib(rt_task.o)
    0x08008e5c   0x0000001a   Code   RO         3518    i.rt_init_mem       RTX_CM4_IFX.lib(rt_memory.o)
    0x08008e76   0x00000002   PAD
    0x08008e78   0x00000018   Code   RO         3725    i.rt_init_robin     RTX_CM4_IFX.lib(rt_robin.o)
    0x08008e90   0x00000080   Code   RO         3543    i.rt_init_stack     RTX_CM4_IFX.lib(hal_cm.o)
    0x08008f10   0x00000008   Code   RO         3335    i.rt_mbx_check      RTX_CM4_IFX.lib(rt_mailbox.o)
    0x08008f18   0x0000001a   Code   RO         3336    i.rt_mbx_init       RTX_CM4_IFX.lib(rt_mailbox.o)
    0x08008f32   0x00000002   PAD
    0x08008f34   0x000000f0   Code   RO         3337    i.rt_mbx_psh        RTX_CM4_IFX.lib(rt_mailbox.o)
    0x08009024   0x000000b4   Code   RO         3339    i.rt_mbx_wait       RTX_CM4_IFX.lib(rt_mailbox.o)
    0x080090d8   0x0000003c   Code   RO         2142    i.rt_ms2tick        RTX_CM4_IFX.lib(rt_cmsis.o)
    0x08009114   0x00000010   Code   RO         3457    i.rt_mut_init       RTX_CM4_IFX.lib(rt_mutex.o)
    0x08009124   0x000000d8   Code   RO         3458    i.rt_mut_release    RTX_CM4_IFX.lib(rt_mutex.o)
    0x080091fc   0x00000068   Code   RO         3459    i.rt_mut_wait       RTX_CM4_IFX.lib(rt_mutex.o)
    0x08009264   0x0000007c   Code   RO         3129    i.rt_pop_req        RTX_CM4_IFX.lib(rt_system.o)
    0x080092e0   0x00000020   Code   RO         3130    i.rt_psh_req        RTX_CM4_IFX.lib(rt_system.o)
    0x08009300   0x0000005c   Code   RO         3260    i.rt_psq_enq        RTX_CM4_IFX.lib(rt_list.o)
    0x0800935c   0x00000048   Code   RO         3261    i.rt_put_dly        RTX_CM4_IFX.lib(rt_list.o)
    0x080093a4   0x00000036   Code   RO         3262    i.rt_put_prio       RTX_CM4_IFX.lib(rt_list.o)
    0x080093da   0x00000002   PAD
    0x080093dc   0x00000014   Code   RO         3263    i.rt_put_rdy_first  RTX_CM4_IFX.lib(rt_list.o)
    0x080093f0   0x00000034   Code   RO         3264    i.rt_resort_prio    RTX_CM4_IFX.lib(rt_list.o)
    0x08009424   0x00000010   Code   RO         3544    i.rt_ret_regs       RTX_CM4_IFX.lib(hal_cm.o)
    0x08009434   0x0000000c   Code   RO         3545    i.rt_ret_val        RTX_CM4_IFX.lib(hal_cm.o)
    0x08009440   0x00000010   Code   RO         3546    i.rt_ret_val2       RTX_CM4_IFX.lib(hal_cm.o)
    0x08009450   0x00000028   Code   RO         3265    i.rt_rmv_dly        RTX_CM4_IFX.lib(rt_list.o)
    0x08009478   0x00000030   Code   RO         3266    i.rt_rmv_list       RTX_CM4_IFX.lib(rt_list.o)
    0x080094a8   0x00000034   Code   RO         3384    i.rt_sem_psh        RTX_CM4_IFX.lib(rt_semaphore.o)
    0x080094dc   0x00000024   Code   RO         3132    i.rt_stk_check      RTX_CM4_IFX.lib(rt_system.o)
    0x08009500   0x00000028   Code   RO         3043    i.rt_switch_req     RTX_CM4_IFX.lib(rt_task.o)
    0x08009528   0x000000cc   Code   RO         3044    i.rt_sys_init       RTX_CM4_IFX.lib(rt_task.o)
    0x080095f4   0x00000078   Code   RO         3045    i.rt_sys_start      RTX_CM4_IFX.lib(rt_task.o)
    0x0800966c   0x00000040   Code   RO         3134    i.rt_systick        RTX_CM4_IFX.lib(rt_system.o)
    0x080096ac   0x00000012   Code   RO         2143    i.rt_tid2ptcb       RTX_CM4_IFX.lib(rt_cmsis.o)
    0x080096be   0x00000002   PAD
    0x080096c0   0x00000034   Code   RO         2144    i.rt_timer_insert   RTX_CM4_IFX.lib(rt_cmsis.o)
    0x080096f4   0x0000003c   Code   RO         2145    i.rt_timer_remove   RTX_CM4_IFX.lib(rt_cmsis.o)
    0x08009730   0x00000080   Code   RO         3046    i.rt_tsk_create     RTX_CM4_IFX.lib(rt_task.o)
    0x080097b0   0x00000174   Code   RO         3047    i.rt_tsk_delete     RTX_CM4_IFX.lib(rt_task.o)
    0x08009924   0x00000030   Code   RO         3048    i.rt_tsk_pass       RTX_CM4_IFX.lib(rt_task.o)
    0x08009954   0x0000007c   Code   RO         3049    i.rt_tsk_prio       RTX_CM4_IFX.lib(rt_task.o)
    0x080099d0   0x00000010   Code   RO         3050    i.rt_tsk_self       RTX_CM4_IFX.lib(rt_task.o)
    0x080099e0   0x00000048   Code   RO         2972    i.search_delim      Net_CM3_L.lib(net_http_server.o)
    0x08009a28   0x00000012   Code   RO         3674    i.str_copy          Net_CM3_L.lib(net_common.o)
    0x08009a3a   0x00000016   Code   RO         3676    i.str_pos           Net_CM3_L.lib(net_common.o)
    0x08009a50   0x0000001a   Code   RO         3677    i.str_scomp         Net_CM3_L.lib(net_common.o)
    0x08009a6a   0x0000001a   Code   RO         3679    i.str_up_case       Net_CM3_L.lib(net_common.o)
    0x08009a84   0x00000014   Code   RO         2146    i.svcDelay          RTX_CM4_IFX.lib(rt_cmsis.o)
    0x08009a98   0x00000070   Code   RO         2147    i.svcKernelInitialize  RTX_CM4_IFX.lib(rt_cmsis.o)
    0x08009b08   0x00000048   Code   RO         2149    i.svcKernelStart    RTX_CM4_IFX.lib(rt_cmsis.o)
    0x08009b50   0x00000038   Code   RO         2150    i.svcKernelSysTick  RTX_CM4_IFX.lib(rt_cmsis.o)
    0x08009b88   0x00000024   Code   RO         2152    i.svcMessageCreate  RTX_CM4_IFX.lib(rt_cmsis.o)
    0x08009bac   0x0000003a   Code   RO         2153    i.svcMessageGet     RTX_CM4_IFX.lib(rt_cmsis.o)
    0x08009be6   0x0000001c   Code   RO         2155    i.svcMutexCreate    RTX_CM4_IFX.lib(rt_cmsis.o)
    0x08009c02   0x00000022   Code   RO         2157    i.svcMutexRelease   RTX_CM4_IFX.lib(rt_cmsis.o)
    0x08009c24   0x00000036   Code   RO         2158    i.svcMutexWait      RTX_CM4_IFX.lib(rt_cmsis.o)
    0x08009c5a   0x00000024   Code   RO         2165    i.svcSignalSet      RTX_CM4_IFX.lib(rt_cmsis.o)
    0x08009c7e   0x00000002   PAD
    0x08009c80   0x00000054   Code   RO         2166    i.svcSignalWait     RTX_CM4_IFX.lib(rt_cmsis.o)
    0x08009cd4   0x00000070   Code   RO         2167    i.svcThreadCreate   RTX_CM4_IFX.lib(rt_cmsis.o)
    0x08009d44   0x0000001c   Code   RO         2168    i.svcThreadGetId    RTX_CM4_IFX.lib(rt_cmsis.o)
    0x08009d60   0x00000038   Code   RO         2171    i.svcThreadTerminate  RTX_CM4_IFX.lib(rt_cmsis.o)
    0x08009d98   0x0000000a   Code   RO         2172    i.svcThreadYield    RTX_CM4_IFX.lib(rt_cmsis.o)
    0x08009da2   0x00000018   Code   RO         2173    i.svcTimerCall      RTX_CM4_IFX.lib(rt_cmsis.o)
    0x08009dba   0x00000002   PAD
    0x08009dbc   0x00000038   Code   RO         2174    i.svcTimerCreate    RTX_CM4_IFX.lib(rt_cmsis.o)
    0x08009df4   0x00000064   Code   RO         2176    i.svcTimerStart     RTX_CM4_IFX.lib(rt_cmsis.o)
    0x08009e58   0x0000005c   Code   RO         2182    i.sysTimerTick      RTX_CM4_IFX.lib(rt_cmsis.o)
    0x08009eb4   0x00000058   Code   RO         2821    i.tcp_abort         Net_CM3_L.lib(net_tcp.o)
    0x08009f0c   0x000000a0   Code   RO         2823    i.tcp_close         Net_CM3_L.lib(net_tcp.o)
    0x08009fac   0x0000001e   Code   RO         2826    i.tcp_get_buf       Net_CM3_L.lib(net_tcp.o)
    0x08009fca   0x00000002   PAD
    0x08009fcc   0x00000050   Code   RO         2828    i.tcp_get_socket    Net_CM3_L.lib(net_tcp.o)
    0x0800a01c   0x00000028   Code   RO         2829    i.tcp_get_state     Net_CM3_L.lib(net_tcp.o)
    0x0800a044   0x0000006c   Code   RO         2831    i.tcp_listen        Net_CM3_L.lib(net_tcp.o)
    0x0800a0b0   0x0000007c   Code   RO         2832    i.tcp_map_socket    Net_CM3_L.lib(net_tcp.o)
    0x0800a12c   0x00000024   Code   RO         2833    i.tcp_max_data_size  Net_CM3_L.lib(net_tcp.o)
    0x0800a150   0x0000005e   Code   RO         2836    i.tcp_parse_opt     Net_CM3_L.lib(net_tcp.o)
    0x0800a1ae   0x00000002   PAD
    0x0800a1b0   0x000000c4   Code   RO         2837    i.tcp_proc_acknr    Net_CM3_L.lib(net_tcp.o)
    0x0800a274   0x00000052   Code   RO         2838    i.tcp_proc_dupack   Net_CM3_L.lib(net_tcp.o)
    0x0800a2c6   0x00000002   PAD
    0x0800a2c8   0x0000049a   Code   RO         2839    i.tcp_process       Net_CM3_L.lib(net_tcp.o)
    0x0800a762   0x0000001a   Code   RO         2840    i.tcp_que_free      Net_CM3_L.lib(net_tcp.o)
    0x0800a77c   0x0000001a   Code   RO         2841    i.tcp_que_init      Net_CM3_L.lib(net_tcp.o)
    0x0800a796   0x00000002   PAD
    0x0800a798   0x00000094   Code   RO         2842    i.tcp_que_resend    Net_CM3_L.lib(net_tcp.o)
    0x0800a82c   0x000000e0   Code   RO         2846    i.tcp_send          Net_CM3_L.lib(net_tcp.o)
    0x0800a90c   0x00000066   Code   RO         2847    i.tcp_send_ctrl     Net_CM3_L.lib(net_tcp.o)
    0x0800a972   0x0000004c   Code   RO         2848    i.tcp_send_data     Net_CM3_L.lib(net_tcp.o)
    0x0800a9be   0x00000060   Code   RO         2849    i.tcp_send_reset    Net_CM3_L.lib(net_tcp.o)
    0x0800aa1e   0x00000026   Code   RO         2850    i.tcp_set_cwnd      Net_CM3_L.lib(net_tcp.o)
    0x0800aa44   0x00000014   Code   RO         2851    i.tcp_socket_init   Net_CM3_L.lib(net_tcp.o)
    0x0800aa58   0x00000288   Code   RO         2852    i.tcp_socket_poll   Net_CM3_L.lib(net_tcp.o)
    0x0800ace0   0x00000068   Code   RO         2853    i.tcp_transit       Net_CM3_L.lib(net_tcp.o)
    0x0800ad48   0x000000a4   Code   RO         2854    i.tcp_write         Net_CM3_L.lib(net_tcp.o)
    0x0800adec   0x0000001e   Code   RO         2792    i.udp_get_buf       Net_CM3_L.lib(net_udp.o)
    0x0800ae0a   0x00000002   PAD
    0x0800ae0c   0x00000048   Code   RO         2793    i.udp_get_socket    Net_CM3_L.lib(net_udp.o)
    0x0800ae54   0x0000006c   Code   RO         2796    i.udp_open          Net_CM3_L.lib(net_udp.o)
    0x0800aec0   0x0000002c   Code   RO         2797    i.udp_port_in_use   Net_CM3_L.lib(net_udp.o)
    0x0800aeec   0x00000098   Code   RO         2798    i.udp_process       Net_CM3_L.lib(net_udp.o)
    0x0800af84   0x00000108   Code   RO         2800    i.udp_send          Net_CM3_L.lib(net_udp.o)
    0x0800b08c   0x00000014   Code   RO         2801    i.udp_socket_init   Net_CM3_L.lib(net_udp.o)
    0x0800b0a0   0x000000f0   Code   RO         2973    i.utc_to_http       Net_CM3_L.lib(net_http_server.o)
    0x0800b190   0x00000010   Data   RO          216    .constdata          thread_pump.o
    0x0800b1a0   0x00000010   Data   RO          298    .constdata          thread_sensors.o
    0x0800b1b0   0x00000010   Data   RO          361    .constdata          thread_webserver.o
    0x0800b1c0   0x00000018   Data   RO          471    .constdata          web.o
    0x0800b1d8   0x00000056   Data   RO          488    .constdata          rtx_conf_cm.o
    0x0800b22e   0x00000002   PAD
    0x0800b230   0x0000004c   Data   RO          519    .constdata          eth_mac.o
    0x0800b27c   0x00000024   Data   RO          567    .constdata          eth_phy_ksz8031.o
    0x0800b2a0   0x00000010   Data   RO          632    .constdata          adc_measurement_conf.o
    0x0800b2b0   0x00000014   Data   RO          691    .constdata          clock_xmc4_conf.o
    0x0800b2c4   0x00000001   Data   RO          755    .constdata          cpu_ctrl_xmc4_conf.o
    0x0800b2c5   0x00000003   PAD
    0x0800b2c8   0x00000068   Data   RO          899    .constdata          global_adc_conf.o
    0x0800b330   0x00000004   Data   RO         1025    .constdata          global_scu_xmc4_conf.o
    0x0800b334   0x00000040   Data   RO         1091    .constdata          pwm_conf.o
    0x0800b374   0x00000034   Data   RO         1120    .constdata          rtc.o
    0x0800b3a8   0x00000028   Data   RO         1166    .constdata          rtc_conf.o
    0x0800b3d0   0x00000030   Data   RO         1305    .constdata          xmc4_scu.o
    0x0800b400   0x00000010   Data   RO         1948    .constdata          xmc_vadc.o
    0x0800b410   0x000000ac   Data   RO         2044    .constdata          net_config.o
    0x0800b4bc   0x0000001c   Data   RO         2725    .constdata          Net_CM3_L.lib(net_eth.o)
    0x0800b4d8   0x00000008   Data   RO         2755    .constdata          Net_CM3_L.lib(net_ip.o)
    0x0800b4e0   0x00000008   Data   RO         2899    .constdata          Net_CM3_L.lib(net_nbns_client.o)
    0x0800b4e8   0x000000fa   Data   RO         2974    .constdata          Net_CM3_L.lib(net_http_server.o)
    0x0800b5e2   0x00000002   PAD
    0x0800b5e4   0x00000008   Data   RO         3029    .constdata          Net_CM3_L.lib(net_sys.o)
    0x0800b5ec   0x00000018   Data   RO         3636    .constdata          Net_CM3_L.lib(net_http_server_err.o)
    0x0800b604   0x00000004   Data   RO         3653    .constdata          Net_CM3_L.lib(net_mem.o)
    0x0800b608   0x00000008   Data   RO         3705    .constdata          Net_CM3_L.lib(net_addr4.o)
    0x0800b610   0x00000081   Data   RO         4097    .constdata          mc_w.l(ctype_o.o)
    0x0800b691   0x00000003   PAD
    0x0800b694   0x00000004   Data   RO         4098    .constdata          mc_w.l(ctype_o.o)
    0x0800b698   0x0000006d   Data   RO         2855    .conststring        Net_CM3_L.lib(net_tcp.o)
    0x0800b705   0x00000003   PAD
    0x0800b708   0x000001ff   Data   RO         3637    .conststring        Net_CM3_L.lib(net_http_server_err.o)
    0x0800b907   0x00000001   PAD
    0x0800b908   0x00000020   Data   RO         4134    Region$$Table       anon$$obj.o


    Execution Region RW_IRAM1 (Base: 0x20000000, Size: 0x0000ffd4, Max: 0x00010000, ABSOLUTE, COMPRESSED[0x00000128])

    Base Addr    Size         Type   Attr      Idx    E Section Name        Object

    0x20000000   0x00000010   Data   RW          217    .data               thread_pump.o
    0x20000010   0x0000000a   Data   RW          299    .data               thread_sensors.o
    0x2000001a   0x00000002   PAD
    0x2000001c   0x00000004   Data   RW          362    .data               thread_webserver.o
    0x20000020   0x00000020   Data   RW          489    .data               rtx_conf_cm.o
    0x20000040   0x00000004   Data   RW          520    .data               eth_mac.o
    0x20000044   0x0000000a   Data   RW          568    .data               eth_phy_ksz8031.o
    0x2000004e   0x00000002   PAD
    0x20000050   0x00000064   Data   RW          633    .data               adc_measurement_conf.o
    0x200000b4   0x00000008   Data   RW          756    .data               cpu_ctrl_xmc4_conf.o
    0x200000bc   0x00000018   Data   RW          838    .data               digital_io_conf.o
    0x200000d4   0x0000004c   Data   RW          900    .data               global_adc_conf.o
    0x20000120   0x0000000c   Data   RW          964    .data               global_ccu4_conf.o
    0x2000012c   0x00000008   Data   RW         1026    .data               global_scu_xmc4_conf.o
    0x20000134   0x00000018   Data   RW         1092    .data               pwm_conf.o
    0x2000014c   0x0000000c   Data   RW         1167    .data               rtc_conf.o
    0x20000158   0x00000016   Data   RW         2046    .data               net_config.o
    0x2000016e   0x00000002   PAD
    0x20000170   0x00000008   Data   RW         2185    .data               RTX_CM4_IFX.lib(rt_cmsis.o)
    0x20000178   0x00000004   Data   RW         2726    .data               Net_CM3_L.lib(net_eth.o)
    0x2000017c   0x00000002   Data   RW         2802    .data               Net_CM3_L.lib(net_udp.o)
    0x2000017e   0x00000002   PAD
    0x20000180   0x00000030   Data   RW         2856    .data               Net_CM3_L.lib(net_tcp.o)
    0x200001b0   0x00000001   Data   RW         2900    .data               Net_CM3_L.lib(net_nbns_client.o)
    0x200001b1   0x00000003   PAD
    0x200001b4   0x0000000c   Data   RW         2975    .data               Net_CM3_L.lib(net_http_server.o)
    0x200001c0   0x00000008   Data   RW         3052    .data               RTX_CM4_IFX.lib(rt_task.o)
    0x200001c8   0x00000008   Data   RW         3137    .data               RTX_CM4_IFX.lib(rt_system.o)
    0x200001d0   0x00000004   Data   RW         3427    .data               RTX_CM4_IFX.lib(rt_time.o)
    0x200001d4   0x00000001   Data   RW         3547    .data               RTX_CM4_IFX.lib(hal_cm.o)
    0x200001d5   0x00000003   PAD
    0x200001d8   0x00000008   Data   RW         3611    .data               Net_CM3_L.lib(net_arp.o)
    0x200001e0   0x00000008   Data   RW         3726    .data               RTX_CM4_IFX.lib(rt_robin.o)
    0x200001e8   0x00000004   Data   RW         4066    .data               mc_w.l(errno.o)
    0x200001ec   0x000024c0   Data   RW          521    RW_IRAM1            eth_mac.o
    0x200026ac   0x00000050   Zero   RW          297    .bss                thread_sensors.o
    0x200026fc   0x00000004   PAD
    0x20002700   0x00001f30   Zero   RW          487    .bss                rtx_conf_cm.o
    0x20004630   0x0000000c   Zero   RW          518    .bss                eth_mac.o
    0x2000463c   0x00000080   Zero   RW         1304    .bss                xmc4_scu.o
    0x200046bc   0x0000328c   Zero   RW         2043    .bss                net_config.o
    0x20007948   0x00000088   Zero   RW         2724    .bss                Net_CM3_L.lib(net_eth.o)
    0x200079d0   0x0000000c   Zero   RW         2754    .bss                Net_CM3_L.lib(net_ip.o)
    0x200079dc   0x00000010   Zero   RW         2778    .bss                Net_CM3_L.lib(net_icmp.o)
    0x200079ec   0x00000020   Zero   RW         2918    .bss                Net_CM3_L.lib(net_dhcp_client.o)
    0x20007a0c   0x00000054   Zero   RW         3027    .bss                Net_CM3_L.lib(net_sys.o)
    0x20007a60   0x00000014   Zero   RW         3028    .bss                Net_CM3_L.lib(net_sys.o)
    0x20007a74   0x00000034   Zero   RW         3051    .bss                RTX_CM4_IFX.lib(rt_task.o)
    0x20007aa8   0x00000030   Zero   RW         3267    .bss                RTX_CM4_IFX.lib(rt_list.o)
    0x20007ad8   0x00000010   Zero   RW         3651    .bss                Net_CM3_L.lib(net_mem.o)
    0x20007ae8   0x00000014   Zero   RW         3652    .bss                Net_CM3_L.lib(net_mem.o)
    0x20007afc   0x00000004   PAD
    0x20007b00   0x00000400   Zero   RW         2000    STACK               startup_xmc4500.o
    0x20007f00   0x000080c0   PAD
    0x2000ffc0   0x00000004   Zero   RW         2011    .ARM.__AT_0x2000FFC0  system_xmc4500.o
    0x2000ffc4   0x00000010   Zero   RW         2012    .ARM.__AT_0x2000FFC4  system_xmc4500.o


==============================================================================

Image component sizes


      Code (inc. data)   RO Data    RW Data    ZI Data      Debug   Object Name

       504          8          0          0          0      47728   adc_measurement.o
         0          0         16        100          0       1234   adc_measurement_conf.o
        44          4          0          0          0        833   clock_xmc4.o
        60          6         20          0          0        817   clock_xmc4_conf.o
        96         10          0          0          0      28536   cpu_ctrl_xmc4.o
         0          0          1          8          0        297   cpu_ctrl_xmc4_conf.o
        64         16          0          0          0        568   dave.o
        54          0          0          0          0       1847   digital_io.o
         0          0          0         24          0        279   digital_io_conf.o
      2804        172         76       9412         12      42431   eth_mac.o
       436         16         36         10          0       5226   eth_phy_ksz8031.o
       150          0          0          0          0      18211   global_adc.o
         0          0        104         76          0       2085   global_adc_conf.o
        70          0          0          0          0      13241   global_ccu4.o
         0          0          0         12          0       1144   global_ccu4_conf.o
       284         14          0          0          0       3603   global_scu_xmc4.o
         0          0          4          8          0        309   global_scu_xmc4_conf.o
       236         66          0          0          0      11045   http_server_cgi.o
        30          0          0          0          0       1207   logging_system.o
       100          8          0          0          0     526603   main.o
       106          0        172         22      12940      16937   net_config.o
      1110          0          0          0          0      21214   pwm.o
         0          0         64         24          0       2704   pwm_conf.o
       756         22         52          0          0       9573   rtc.o
         0          0         40         12          0        637   rtc_conf.o
        60          6         86         32       7984       7330   rtx_conf_cm.o
      2264        688        512          0       1024      11008   startup_xmc4500.o
       852         72          0          0         20       5030   system_xmc4500.o
       224         30         16         16          0      13089   thread_pump.o
       196         38         16         10         80       5007   thread_sensors.o
        52         10         16          4          0       1368   thread_webserver.o
       136          8         24          0          0       1580   web.o
       240         10          0          0          0       1447   xmc4_gpio.o
       260         10          0          0          0       3504   xmc4_rtc.o
      3064        128         48          0        128      27437   xmc4_scu.o
      1166         26          0          0          0      24103   xmc_ccu4.o
       128          0          0          0          0       1649   xmc_gpio.o
       444         10          0          0          0       3595   xmc_rtc.o
      2768         30         16          0          0      35563   xmc_vadc.o

    ----------------------------------------------------------------------
     18766       1408       1356       9776      55152     900019   Object Totals
         0          0         32          0          0          0   (incl. Generated)
         8          0          5          6      32964          0   (incl. Padding)

    ----------------------------------------------------------------------

      Code (inc. data)   RO Data    RW Data    ZI Data      Debug   Library Member Name

        26          0          8          0          0         68   net_addr4.o
      1732        136          0          8          0       1092   net_arp.o
       324          4          0          0          0        584   net_common.o
      2048        110          0          0         32        644   net_dhcp_client.o
      1020         94         28          4        136        696   net_eth.o
      5520       1180        250         12          0       2276   net_http_server.o
         0          0        535          0          0          0   net_http_server_err.o
       436         34          0          0         16        308   net_icmp.o
      1034         80          8          0         12        816   net_ip.o
       460         52          4          0         36        556   net_mem.o
       400         26          8          1          0        184   net_nbns_client.o
       224         48          8          0        104        288   net_sys.o
      3888        162        109         48          0       2000   net_tcp.o
       690         36          0          2          0        556   net_udp.o
       268         24          0          1          0       4128   hal_cm.o
       392         28          0          0          0        796   hal_cm4.o
      1976        232          0          8          0      43396   rt_cmsis.o
       272         18          0          0          0       2470   rt_event.o
       566         44          0          0         48       8324   rt_list.o
       550         10          0          0          0       3661   rt_mailbox.o
       128          0          0          0          0       1821   rt_membox.o
       128          0          0          0          0       2203   rt_memory.o
       336         12          0          0          0       1969   rt_mutex.o
        96         22          0          8          0       1230   rt_robin.o
        52          4          0          0          0        557   rt_semaphore.o
       334         64          0          8          0       7187   rt_system.o
      1248        184          0          8         52       9791   rt_task.o
         6          0          0          4          0        668   rt_time.o
         4          4          0          0          0        200   svc_table.o
        86          0          0          0          0          0   __dczerorl2.o
        28          0          0          0          0         68   _chval.o
       158          0          0          0          0         92   _strtoul.o
        26          0          0          0          0         80   atoi.o
         8          4        133          0          0         68   ctype_o.o
         0          0          0          0          0          0   entry.o
         0          0          0          0          0          0   entry10a.o
         0          0          0          0          0          0   entry11a.o
         8          4          0          0          0          0   entry2.o
         4          0          0          0          0          0   entry5.o
         0          0          0          0          0          0   entry7b.o
         0          0          0          0          0          0   entry8b.o
         8          4          0          4          0         68   errno.o
        30          0          0          0          0          0   handlers.o
        36          8          0          0          0         68   init.o
        30          0          0          0          0         68   llshl.o
        32          0          0          0          0         68   llushr.o
        26          0          0          0          0         80   memcmp.o
        36          0          0          0          0         68   memcpya.o
        36          0          0          0          0        108   memseta.o
      1172         50          0          0          0        420   printf8.o
        28          0          0          0          0         76   strcmp.o
        14          0          0          0          0         68   strlen.o
       112          0          0          0          0         88   strtol.o
        98          0          0          0          0         92   uldiv.o

    ----------------------------------------------------------------------
     26178       2678       1100        124        440     100049   Library Totals
        44          0          9          8          4          0   (incl. Padding)

    ----------------------------------------------------------------------

      Code (inc. data)   RO Data    RW Data    ZI Data      Debug   Library Name

     17802       1962        958         75        336      10068   Net_CM3_L.lib
      6356        646          0         37        100      88401   RTX_CM4_IFX.lib
      1976         70        133          4          0       1580   mc_w.l

    ----------------------------------------------------------------------
     26178       2678       1100        124        440     100049   Library Totals

    ----------------------------------------------------------------------

==============================================================================


      Code (inc. data)   RO Data    RW Data    ZI Data      Debug   

     44944       4086       2456       9900      55592     976924   Grand Totals
     44944       4086       2456        296      55592     976924   ELF Image Totals (compressed)
     44944       4086       2456        296          0          0   ROM Totals

==============================================================================

    Total RO  Size (Code + RO Data)                47400 (  46.29kB)
    Total RW  Size (RW Data + ZI Data)             65492 (  63.96kB)
    Total ROM Size (Code + RO Data + RW Data)      47696 (  46.58kB)

==============================================================================

