Component: ARM Compiler 5.05 update 1 (build 106) Tool: armlink [4d0efa]

==============================================================================

Section Cross References

    main.o(.text) refers to thread_pump.o(.text) for watering_isItTime
    main.o(.text) refers to rt_cmsis.o(i.osSignalSet) for osSignalSet
    main.o(.text) refers to rt_cmsis.o(i.osKernelInitialize) for osKernelInitialize
    main.o(.text) refers to dave.o(.text) for DAVE_Init
    main.o(.text) refers to thread_sensors.o(.text) for Init_Thread_Sensors
    main.o(.text) refers to thread_webserver.o(.text) for Init_Thread_WebServer
    main.o(.text) refers to rt_cmsis.o(i.osKernelStart) for osKernelStart
    main.o(.text) refers to rt_cmsis.o(i.osDelay) for osDelay
    main.o(.text) refers to thread_pump.o(.data) for t_pump
    thread_pump.o(.text) refers to rt_cmsis.o(i.osThreadCreate) for osThreadCreate
    thread_pump.o(.text) refers to pwm.o(.text) for PWM_SetDutyCycle
    thread_pump.o(.text) refers to rt_cmsis.o(i.osDelay) for osDelay
    thread_pump.o(.text) refers to rt_cmsis.o(i.osSignalWait) for osSignalWait
    thread_pump.o(.text) refers to rtc.o(.text) for RTC_GetTime
    thread_pump.o(.text) refers to thread_pump.o(.constdata) for os_thread_def_pump
    thread_pump.o(.text) refers to thread_pump.o(.data) for t_pump
    thread_pump.o(.text) refers to pwm_conf.o(.data) for PWM_0
    thread_pump.o(.constdata) refers to thread_pump.o(.text) for pump
    thread_webserver.o(.text) refers to rt_cmsis.o(i.osThreadCreate) for osThreadCreate
    thread_webserver.o(.text) refers to rt_cmsis.o(i.osDelay) for osDelay
    thread_webserver.o(.text) refers to thread_webserver.o(.constdata) for os_thread_def_webServer
    thread_webserver.o(.text) refers to thread_webserver.o(.data) for t_webServer
    thread_webserver.o(.text) refers to digital_io_conf.o(.data) for DIGITAL_IO_0
    thread_webserver.o(.constdata) refers to thread_webserver.o(.text) for webServer
    thread_sensors.o(.text) refers to rt_cmsis.o(i.osThreadCreate) for osThreadCreate
    thread_sensors.o(.text) refers to adc_measurement.o(.text) for ADC_MEASUREMENT_StartConversion
    thread_sensors.o(.text) refers to rt_cmsis.o(i.osDelay) for osDelay
    thread_sensors.o(.text) refers to logging_system.o(.text) for data_Write
    thread_sensors.o(.text) refers to thread_sensors.o(.constdata) for os_thread_def_sensors
    thread_sensors.o(.text) refers to thread_sensors.o(.data) for t_sensors
    thread_sensors.o(.text) refers to adc_measurement_conf.o(.data) for ADC_MEASUREMENT_0
    thread_sensors.o(.text) refers to thread_sensors.o(.bss) for data_buffer
    thread_sensors.o(.text) refers to digital_io_conf.o(.data) for DIGITAL_IO_0
    thread_sensors.o(.constdata) refers to thread_sensors.o(.text) for sensors
    rtx_conf_cm.o(.ARM.Collect$$$$000000FF) refers to rt_cmsis.o(i.osKernelInitialize) for osKernelInitialize
    rtx_conf_cm.o(.ARM.Collect$$$$000000FF) refers to rt_cmsis.o(i.osThreadCreate) for osThreadCreate
    rtx_conf_cm.o(.ARM.Collect$$$$000000FF) refers to rt_cmsis.o(i.osKernelStart) for osKernelStart
    rtx_conf_cm.o(.ARM.Collect$$$$000000FF) refers to rtx_conf_cm.o(.data) for .data
    rtx_conf_cm.o(.constdata) refers to rt_cmsis.o(i.osTimerThread) for osTimerThread
    rtx_conf_cm.o(.constdata) refers to rtx_conf_cm.o(.bss) for os_messageQ_q_osTimerMessageQ
    rtx_conf_cm.o(.data) refers to main.o(.text) for main
    adc_measurement.o(.text) refers to global_adc.o(.text) for GLOBAL_ADC_Init
    adc_measurement.o(.text) refers to xmc_vadc.o(.text) for XMC_VADC_GLOBAL_InputClassInit
    adc_measurement_conf.o(.data) refers to adc_measurement_conf.o(.constdata) for backgnd_config
    adc_measurement_conf.o(.data) refers to global_adc_conf.o(.data) for GLOBAL_ADC_0
    clock_xmc4_conf.o(.text) refers to xmc4_scu.o(.text) for XMC_SCU_CLOCK_Init
    clock_xmc4_conf.o(.text) refers to clock_xmc4_conf.o(.constdata) for CLOCK_XMC4_0_ScuClk
    cpu_ctrl_xmc4_conf.o(.data) refers to cpu_ctrl_xmc4_conf.o(.constdata) for CPU_CTRL_XMC4_0_config
    dave.o(.text) refers to pwm.o(.text) for PWM_Init
    dave.o(.text) refers to rtc.o(.text) for RTC_Init
    dave.o(.text) refers to adc_measurement.o(.text) for ADC_MEASUREMENT_Init
    dave.o(.text) refers to digital_io.o(.text) for DIGITAL_IO_Init
    dave.o(.text) refers to pwm_conf.o(.data) for PWM_0
    dave.o(.text) refers to rtc_conf.o(.data) for RTC_0
    dave.o(.text) refers to adc_measurement_conf.o(.data) for ADC_MEASUREMENT_0
    dave.o(.text) refers to digital_io_conf.o(.data) for DIGITAL_IO_0
    digital_io.o(.text) refers to xmc4_gpio.o(.text) for XMC_GPIO_Init
    global_adc.o(.text) refers to xmc_vadc.o(.text) for XMC_VADC_GLOBAL_Init
    global_adc_conf.o(.data) refers to global_adc_conf.o(.constdata) for group_init_handle0
    global_ccu4.o(.text) refers to xmc_ccu4.o(.text) for XMC_CCU4_Init
    global_scu_xmc4.o(.text) refers to cpu_ctrl_xmc4.o(.text) for CPU_CTRL_XMC4_Init
[...]
    .data                                    0x20000124   Section        8  rt_cmsis.o(.data)
    .data                                    0x2000012c   Section        8  rt_task.o(.data)
    .data                                    0x20000134   Section        8  rt_system.o(.data)
    os_lock                                  0x20000134   Data           1  rt_system.o(.data)
    os_psh_flag                              0x20000135   Data           1  rt_system.o(.data)
    pend_flags                               0x20000136   Data           1  rt_system.o(.data)
    .data                                    0x2000013c   Section        4  rt_time.o(.data)
    .data                                    0x20000140   Section        1  hal_cm.o(.data)
    .data                                    0x20000144   Section        8  rt_robin.o(.data)
    .bss                                     0x2000014c   Section       20  thread_sensors.o(.bss)
    data_buffer                              0x2000014c   Data          20  thread_sensors.o(.bss)
    .bss                                     0x20000160   Section     7984  rtx_conf_cm.o(.bss)
    .bss                                     0x20002090   Section      128  xmc4_scu.o(.bss)
    .bss                                     0x20002110   Section       52  rt_task.o(.bss)
    .bss                                     0x20002144   Section       48  rt_list.o(.bss)
    STACK                                    0x20002178   Section     1024  startup_xmc4500.o(STACK)
    .ARM.__AT_0x2000FFC0                     0x2000ffc0   Section        4  system_xmc4500.o(.ARM.__AT_0x2000FFC0)
    .ARM.__AT_0x2000FFC4                     0x2000ffc4   Section       16  system_xmc4500.o(.ARM.__AT_0x2000FFC4)

    Global Symbols

    Symbol Name                              Value     Ov Type        Size  Object(Section)

    BuildAttributes$$THM_ISAv4$E$P$D$K$B$S$7EM$VFPi3$EXTD16$VFPS$VFMA$PE$A:L22UL41UL21$X:L11$S22US41US21$IEEE1$IW$USESV6$~STKCKD$USESV7$~SHL$OSPACE$EBA8$MICROLIB$REQ8$PRES8$EABIv2 0x00000000   Number         0  anon$$obj.o ABSOLUTE
    __ARM_use_no_argv                        0x00000000   Number         0  main.o ABSOLUTE
    __cpp_initialize__aeabi_                  - Undefined Weak Reference
    __cxa_finalize                            - Undefined Weak Reference
    _clock_init                               - Undefined Weak Reference
    _microlib_exit                            - Undefined Weak Reference
    __Vectors_Size                           0x00000200   Number         0  startup_xmc4500.o ABSOLUTE
    __RL_RTX_VER                             0x00000478   Number         0  rt_system.o ABSOLUTE
    __Vectors                                0x08000000   Data           0  startup_xmc4500.o(RESET)
    __Vectors_End                            0x08000200   Data           0  startup_xmc4500.o(RESET)
    __main                                   0x08000201   Thumb Code     0  entry.o(.ARM.Collect$$$$00000000)
    _main_stk                                0x08000201   Thumb Code     0  entry2.o(.ARM.Collect$$$$00000001)
    _main_scatterload                        0x08000205   Thumb Code     0  entry5.o(.ARM.Collect$$$$00000004)
    __main_after_scatterload                 0x08000209   Thumb Code     0  entry5.o(.ARM.Collect$$$$00000004)
    __rt_final_cpp                           0x08000209   Thumb Code     0  entry10a.o(.ARM.Collect$$$$0000000D)
    __rt_final_exit                          0x08000209   Thumb Code     0  entry11a.o(.ARM.Collect$$$$0000000F)
    _main_clock                              0x08000209   Thumb Code     0  entry7b.o(.ARM.Collect$$$$00000008)
    _main_cpp_init                           0x08000209   Thumb Code     0  entry8b.o(.ARM.Collect$$$$0000000A)
    _main_init                               0x08000209   Thumb Code    18  rtx_conf_cm.o(.ARM.Collect$$$$000000FF)
    rt_set_PSP                               0x08000225   Thumb Code     6  hal_cm4.o(.emb_text)
    rt_get_PSP                               0x0800022b   Thumb Code     6  hal_cm4.o(.emb_text)
    os_set_env                               0x08000231   Thumb Code    24  hal_cm4.o(.emb_text)
    _alloc_box                               0x0800024d   Thumb Code    28  hal_cm4.o(.emb_text)
    _free_box                                0x0800026d   Thumb Code    28  hal_cm4.o(.emb_text)
    SVC_Handler                              0x0800028d   Thumb Code   152  hal_cm4.o(.emb_text)
    SVC_Handler_Veneer                       0x0800028d   Thumb Code     0  hal_cm4.o(.emb_text)
    PendSV_Handler                           0x08000331   Thumb Code   100  hal_cm4.o(.emb_text)
    PendSV_Handler_Veneer                    0x08000331   Thumb Code     0  hal_cm4.o(.emb_text)
    SysTick_Handler                          0x08000399   Thumb Code     8  hal_cm4.o(.emb_text)
    SysTick_Handler_Veneer                   0x08000399   Thumb Code     0  hal_cm4.o(.emb_text)
    OS_Tick_Handler                          0x080003a1   Thumb Code    12  hal_cm4.o(.emb_text)
    IRQ_HourPassed                           0x080003ad   Thumb Code    20  main.o(.text)
    main                                     0x080003c1   Thumb Code    38  main.o(.text)
    Init_Thread_Pump                         0x080003ed   Thumb Code    30  thread_pump.o(.text)
    pump                                     0x0800040b   Thumb Code    48  thread_pump.o(.text)
    watering_setTime                         0x0800043b   Thumb Code     6  thread_pump.o(.text)
    watering_daysSet                         0x08000441   Thumb Code     8  thread_pump.o(.text)
    watering_daysReset                       0x08000449   Thumb Code     8  thread_pump.o(.text)
    watering_isItTime                        0x08000451   Thumb Code    42  thread_pump.o(.text)
    computePumpOnTicks                       0x0800047b   Thumb Code    46  thread_pump.o(.text)
    watering_setWeekAmount                   0x080004a9   Thumb Code     6  thread_pump.o(.text)
    Init_Thread_WebServer                    0x080004cd   Thumb Code    30  thread_webserver.o(.text)
    webServer                                0x080004eb   Thumb Code    58  thread_webserver.o(.text)
    Init_Thread_Sensors                      0x08000531   Thumb Code    30  thread_sensors.o(.text)
    sensors                                  0x0800054f   Thumb Code    86  thread_sensors.o(.text)
    sensors_setCheckInterval                 0x080005a5   Thumb Code    10  thread_sensors.o(.text)
    data_Write                               0x080005d5   Thumb Code     6  logging_system.o(.text)
    data_Read                                0x080005db   Thumb Code     6  logging_system.o(.text)
    os_idle_demon                            0x080005e1   Thumb Code     4  rtx_conf_cm.o(.text)
    os_error                                 0x080005e5   Thumb Code    32  rtx_conf_cm.o(.text)
    ADC_MEASUREMENT_GetAppVersion            0x08000605   Thumb Code    36  adc_measurement.o(.text)
    ADC_MEASUREMENT_Init                     0x08000629   Thumb Code   374  adc_measurement.o(.text)
    ADC_MEASUREMENT_StartConversion          0x0800079f   Thumb Code    14  adc_measurement.o(.text)
    ADC_MEASUREMENT_GetResult                0x080007ad   Thumb Code    30  adc_measurement.o(.text)
    ADC_MEASUREMENT_GetDetailedResult        0x080007cb   Thumb Code    28  adc_measurement.o(.text)
    CLOCK_XMC4_GetDriverVersion              0x080007fd   Thumb Code    36  clock_xmc4.o(.text)
    OSCHP_GetFrequency                       0x08000821   Thumb Code     4  clock_xmc4.o(.text)
    SystemCoreClockSetup                     0x08000829   Thumb Code    54  clock_xmc4_conf.o(.text)
    CPU_CTRL_XMC4_GetAppVersion              0x08000865   Thumb Code    34  cpu_ctrl_xmc4.o(.text)
    CPU_CTRL_XMC4_Init                       0x08000887   Thumb Code    52  cpu_ctrl_xmc4.o(.text)
    DAVE_Init                                0x080008c5   Thumb Code    48  dave.o(.text)
    DIGITAL_IO_GetAppVersion                 0x08000905   Thumb Code    36  digital_io.o(.text)
    DIGITAL_IO_Init                          0x08000929   Thumb Code    18  digital_io.o(.text)
    GLOBAL_ADC_GetAppVersion                 0x0800093b   Thumb Code    34  global_adc.o(.text)
    GLOBAL_ADC_Init                          0x0800095d   Thumb Code   116  global_adc.o(.text)
    GLOBAL_CCU4_GetAppVersion                0x080009d1   Thumb Code    34  global_ccu4.o(.text)
    GLOBAL_CCU4_Init                         0x080009f3   Thumb Code    36  global_ccu4.o(.text)
    GLOBAL_SCU_XMC4_GetAppVersion            0x08000a19   Thumb Code    34  global_scu_xmc4.o(.text)
    GLOBAL_SCU_XMC4_Init                     0x08000a3b   Thumb Code   206  global_scu_xmc4.o(.text)
    GLOBAL_SCU_XMC4_RegisterCallback         0x08000b09   Thumb Code    20  global_scu_xmc4.o(.text)
    SCU_0_IRQHandler                         0x08000b1d   Thumb Code    10  global_scu_xmc4.o(.text)
    PWM_lCCU4_Start                          0x08000b35   Thumb Code    46  pwm.o(.text)
    PWM_Start                                0x08000b63   Thumb Code    16  pwm.o(.text)
    PWM_lCCU4_ConfigInterrupts               0x08000b73   Thumb Code    66  pwm.o(.text)
    PWM_lCCU4_Init                           0x08000bb5   Thumb Code   136  pwm.o(.text)
    PWM_lCCU4_Stop                           0x08000c3d   Thumb Code    60  pwm.o(.text)
    PWM_lCCU4_SetDutyCycle                   0x08000c79   Thumb Code   102  pwm.o(.text)
    PWM_lCCU4_SetFreq                        0x08000cdf   Thumb Code   166  pwm.o(.text)
    PWM_lCCU4_SetFreqAndDutyCycle            0x08000d85   Thumb Code   180  pwm.o(.text)
    PWM_lCCU4_GetInterruptStatus             0x08000e39   Thumb Code    22  pwm.o(.text)
    PWM_lCCU4_AcknowledgeInterrupt           0x08000e4f   Thumb Code    26  pwm.o(.text)
    PWM_lCCU4_SetPassiveLevel                0x08000e69   Thumb Code    18  pwm.o(.text)
    PWM_GetAppVersion                        0x08000e7b   Thumb Code    34  pwm.o(.text)
    PWM_Init                                 0x08000e9d   Thumb Code    22  pwm.o(.text)
    PWM_Stop                                 0x08000eb3   Thumb Code    16  pwm.o(.text)
    PWM_SetDutyCycle                         0x08000ec3   Thumb Code    26  pwm.o(.text)
    PWM_SetFreq                              0x08000edd   Thumb Code    26  pwm.o(.text)
    PWM_SetFreqAndDutyCycle                  0x08000ef7   Thumb Code    34  pwm.o(.text)
    PWM_GetTimerStatus                       0x08000f19   Thumb Code    24  pwm.o(.text)
    PWM_GetInterruptStatus                   0x08000f31   Thumb Code    26  pwm.o(.text)
    PWM_AcknowledgeInterrupt                 0x08000f4b   Thumb Code    20  pwm.o(.text)
    PWM_SetPassiveLevel                      0x08000f5f   Thumb Code    20  pwm.o(.text)
    RTC_GetAppVersion                        0x08000f8d   Thumb Code    36  rtc.o(.text)
    RTC_lRegister_Callbacks                  0x08000fb1   Thumb Code    46  rtc.o(.text)
    RTC_lConfigureInterrupts                 0x08000fdf   Thumb Code    92  rtc.o(.text)
    RTC_Init                                 0x0800103b   Thumb Code    92  rtc.o(.text)
    RTC_SetTime                              0x08001097   Thumb Code    64  rtc.o(.text)
    RTC_GetTime                              0x080010d7   Thumb Code    40  rtc.o(.text)
    RTC_SetAlarmTime                         0x080010ff   Thumb Code    64  rtc.o(.text)
    RTC_GetAlarmTime                         0x0800113f   Thumb Code    40  rtc.o(.text)
    RTC_GetFlagStatus                        0x08001167   Thumb Code    12  rtc.o(.text)
    RTC_lleapyear                            0x08001173   Thumb Code    40  rtc.o(.text)
    RTC_Time                                 0x0800119b   Thumb Code   196  rtc.o(.text)
    XMC_GPIO_Init                            0x08001281   Thumb Code   166  xmc4_gpio.o(.text)
    XMC_GPIO_SetOutputStrength               0x08001327   Thumb Code    64  xmc4_gpio.o(.text)
    XMC_RTC_Enable                           0x08001371   Thumb Code     8  xmc4_rtc.o(.text)
    XMC_RTC_Disable                          0x08001379   Thumb Code     2  xmc4_rtc.o(.text)
    XMC_RTC_IsEnabled                        0x0800137b   Thumb Code     8  xmc4_rtc.o(.text)
    XMC_RTC_Init                             0x08001383   Thumb Code   124  xmc4_rtc.o(.text)
    XMC_RTC_EnableEvent                      0x080013ff   Thumb Code    34  xmc4_rtc.o(.text)
    XMC_RTC_DisableEvent                     0x08001421   Thumb Code    34  xmc4_rtc.o(.text)
    XMC_RTC_ClearEvent                       0x08001443   Thumb Code    34  xmc4_rtc.o(.text)
    XMC_SCU_GetBootMode                      0x08001497   Thumb Code    10  xmc4_scu.o(.text)
    XMC_SCU_SetBootMode                      0x080014a1   Thumb Code     6  xmc4_scu.o(.text)
    XMC_SCU_ReadGPR                          0x080014a7   Thumb Code    12  xmc4_scu.o(.text)
    XMC_SCU_WriteGPR                         0x080014b3   Thumb Code    10  xmc4_scu.o(.text)
    XMC_SCU_EnableOutOfRangeComparator       0x080014bd   Thumb Code    24  xmc4_scu.o(.text)
    XMC_SCU_DisableOutOfRangeComparator      0x080014d5   Thumb Code    24  xmc4_scu.o(.text)
    XMC_SCU_CalibrateTemperatureSensor       0x080014ed   Thumb Code    18  xmc4_scu.o(.text)
    XMC_SCU_EnableTemperatureSensor          0x080014ff   Thumb Code    18  xmc4_scu.o(.text)
    XMC_SCU_DisableTemperatureSensor         0x08001511   Thumb Code    18  xmc4_scu.o(.text)
    XMC_SCU_IsTemperatureSensorEnabled       0x08001523   Thumb Code    16  xmc4_scu.o(.text)
    XMC_SCU_IsTemperatureSensorReady         0x08001533   Thumb Code    12  xmc4_scu.o(.text)
    XMC_SCU_IsTemperatureSensorBusy          0x0800153f   Thumb Code    12  xmc4_scu.o(.text)
    XMC_SCU_StartTemperatureMeasurement      0x0800154b   Thumb Code    40  xmc4_scu.o(.text)
    XMC_SCU_GetTemperature                   0x08001573   Thumb Code    28  xmc4_scu.o(.text)
    XMC_SCU_WriteToRetentionMemory           0x0800158f   Thumb Code    42  xmc4_scu.o(.text)
    XMC_SCU_ReadFromRetentionMemory          0x080015b9   Thumb Code    44  xmc4_scu.o(.text)
    XMC_SCU_CLOCK_SetSystemClockSource       0x080015e5   Thumb Code    16  xmc4_scu.o(.text)
    XMC_SCU_CLOCK_StepSystemPllFrequency     0x080015f5   Thumb Code    30  xmc4_scu.o(.text)
    XMC_SCU_CLOCK_SetSystemPllClockSource    0x08001613   Thumb Code    42  xmc4_scu.o(.text)
    XMC_SCU_CLOCK_StartSystemPll             0x0800163d   Thumb Code   344  xmc4_scu.o(.text)
    XMC_SCU_CLOCK_EnableSystemPll            0x08001795   Thumb Code    18  xmc4_scu.o(.text)
    XMC_SCU_CLOCK_DisableSystemPll           0x080017a7   Thumb Code    20  xmc4_scu.o(.text)
    XMC_SCU_CLOCK_EnableHighPerformanceOscillator 0x080017bb   Thumb Code    86  xmc4_scu.o(.text)
    XMC_SCU_CLOCK_SetPeripheralClockDivider  0x08001811   Thumb Code    22  xmc4_scu.o(.text)
    XMC_SCU_CLOCK_SetCcuClockDivider         0x08001827   Thumb Code    22  xmc4_scu.o(.text)
    XMC_SCU_CLOCK_SetCpuClockDivider         0x0800183d   Thumb Code    22  xmc4_scu.o(.text)
    XMC_SCU_CLOCK_SetSystemClockDivider      0x08001853   Thumb Code    70  xmc4_scu.o(.text)
    XMC_SCU_CLOCK_SetBackupClockCalibrationMode 0x08001899   Thumb Code    56  xmc4_scu.o(.text)
    XMC_SCU_HIB_SetStandbyClockSource        0x080018d1   Thumb Code    34  xmc4_scu.o(.text)
    XMC_SCU_CLOCK_EnableLowPowerOscillator   0x080018f3   Thumb Code   120  xmc4_scu.o(.text)
    XMC_SCU_HIB_EnableHibernateDomain        0x0800196b   Thumb Code    80  xmc4_scu.o(.text)
    XMC_SCU_CLOCK_Init                       0x080019bb   Thumb Code   122  xmc4_scu.o(.text)
    XMC_SCU_TRAP_Enable                      0x08001a35   Thumb Code    18  xmc4_scu.o(.text)
    XMC_SCU_TRAP_Disable                     0x08001a47   Thumb Code    18  xmc4_scu.o(.text)
    XMC_SCU_TRAP_GetStatus                   0x08001a59   Thumb Code     8  xmc4_scu.o(.text)
    XMC_SCU_TRAP_Trigger                     0x08001a61   Thumb Code    18  xmc4_scu.o(.text)
    XMC_SCU_TRAP_ClearStatus                 0x08001a73   Thumb Code    18  xmc4_scu.o(.text)
    XMC_SCU_PARITY_ClearStatus               0x08001a85   Thumb Code    18  xmc4_scu.o(.text)
    XMC_SCU_PARITY_GetStatus                 0x08001a97   Thumb Code     8  xmc4_scu.o(.text)
    XMC_SCU_PARITY_Enable                    0x08001a9f   Thumb Code    18  xmc4_scu.o(.text)
    XMC_SCU_PARITY_Disable                   0x08001ab1   Thumb Code    18  xmc4_scu.o(.text)
    XMC_SCU_PARITY_EnableTrapGeneration      0x08001ac3   Thumb Code    18  xmc4_scu.o(.text)
    XMC_SCU_PARITY_DisableTrapGeneration     0x08001ad5   Thumb Code    18  xmc4_scu.o(.text)
    XMC_SCU_INTERRUPT_EnableNmiRequest       0x08001ae7   Thumb Code    18  xmc4_scu.o(.text)
    XMC_SCU_INTERRUPT_DisableNmiRequest      0x08001af9   Thumb Code    18  xmc4_scu.o(.text)
    XMC_SCU_RESET_AssertPeripheralReset      0x08001b0b   Thumb Code    28  xmc4_scu.o(.text)
    XMC_SCU_RESET_DeassertPeripheralReset    0x08001b27   Thumb Code    28  xmc4_scu.o(.text)
    XMC_SCU_RESET_IsPeripheralResetAsserted  0x08001b43   Thumb Code    28  xmc4_scu.o(.text)
    XMC_SCU_CLOCK_GetSystemPllClockSourceFrequency 0x08001b5f   Thumb Code    24  xmc4_scu.o(.text)
    XMC_SCU_CLOCK_GetSystemPllClockFrequency 0x08001b77   Thumb Code    94  xmc4_scu.o(.text)
    XMC_SCU_CLOCK_GetUsbPllClockFrequency    0x08001bd5   Thumb Code    58  xmc4_scu.o(.text)
    XMC_SCU_CLOCK_GetCcuClockFrequency       0x08001c0f   Thumb Code    26  xmc4_scu.o(.text)
    XMC_SCU_CLOCK_GetUsbClockFrequency       0x08001c29   Thumb Code    58  xmc4_scu.o(.text)
    XMC_SCU_CLOCK_GetEbuClockFrequency       0x08001c63   Thumb Code    62  xmc4_scu.o(.text)
    XMC_SCU_CLOCK_GetWdtClockFrequency       0x08001ca1   Thumb Code    60  xmc4_scu.o(.text)
    XMC_SCU_CLOCK_GetExternalOutputClockFrequency 0x08001cdd   Thumb Code    86  xmc4_scu.o(.text)
    XMC_SCU_CLOCK_GetPeripheralClockFrequency 0x08001d33   Thumb Code    20  xmc4_scu.o(.text)
    XMC_SCU_CLOCK_SetUsbClockSource          0x08001d47   Thumb Code    20  xmc4_scu.o(.text)
    XMC_SCU_CLOCK_SetWdtClockSource          0x08001d5b   Thumb Code    16  xmc4_scu.o(.text)
    XMC_SCU_CLOCK_SetExternalOutputClockSource 0x08001d6b   Thumb Code    20  xmc4_scu.o(.text)
    XMC_SCU_HIB_SetRtcClockSource            0x08001d7f   Thumb Code    34  xmc4_scu.o(.text)
    XMC_SCU_CLOCK_SetUsbClockDivider         0x08001da1   Thumb Code    22  xmc4_scu.o(.text)
    XMC_SCU_CLOCK_SetEbuClockDivider         0x08001db7   Thumb Code    22  xmc4_scu.o(.text)
    XMC_SCU_CLOCK_SetWdtClockDivider         0x08001dcd   Thumb Code    18  xmc4_scu.o(.text)
    XMC_SCU_CLOCK_SetExternalOutputClockDivider 0x08001ddf   Thumb Code    24  xmc4_scu.o(.text)
    XMC_SCU_CLOCK_EnableClock                0x08001df7   Thumb Code     8  xmc4_scu.o(.text)
    XMC_SCU_CLOCK_DisableClock               0x08001dff   Thumb Code     8  xmc4_scu.o(.text)
    XMC_SCU_CLOCK_IsClockEnabled             0x08001e07   Thumb Code    20  xmc4_scu.o(.text)
    XMC_SCU_CLOCK_EnableUsbPll               0x08001e1b   Thumb Code    14  xmc4_scu.o(.text)
    XMC_SCU_CLOCK_DisableUsbPll              0x08001e29   Thumb Code    16  xmc4_scu.o(.text)
    XMC_SCU_CLOCK_StartUsbPll                0x08001e39   Thumb Code    84  xmc4_scu.o(.text)
    XMC_SCU_CLOCK_StopUsbPll                 0x08001e8d   Thumb Code    10  xmc4_scu.o(.text)
    XMC_SCU_POWER_EnableUsb                  0x08001e97   Thumb Code    32  xmc4_scu.o(.text)
    XMC_SCU_POWER_DisableUsb                 0x08001eb7   Thumb Code    34  xmc4_scu.o(.text)
    XMC_SCU_CLOCK_IsUsbPllLocked             0x08001ed9   Thumb Code    12  xmc4_scu.o(.text)
    XMC_SCU_HIB_DisableHibernateDomain       0x08001ee5   Thumb Code    36  xmc4_scu.o(.text)
    XMC_SCU_HIB_IsHibernateDomainEnabled     0x08001f09   Thumb Code    32  xmc4_scu.o(.text)
    XMC_SCU_HIB_EnableInternalSlowClock      0x08001f29   Thumb Code    34  xmc4_scu.o(.text)
    XMC_SCU_HIB_DisableInternalSlowClock     0x08001f4b   Thumb Code    34  xmc4_scu.o(.text)
    XMC_SCU_CLOCK_DisableLowPowerOscillator  0x08001f6d   Thumb Code    34  xmc4_scu.o(.text)
    XMC_SCU_CLOCK_DisableHighPerformanceOscillator 0x08001f8f   Thumb Code    18  xmc4_scu.o(.text)
    XMC_SCU_CLOCK_StopSystemPll              0x08001fa1   Thumb Code    18  xmc4_scu.o(.text)
    XMC_SCU_CLOCK_IsSystemPllLocked          0x08001fb3   Thumb Code    12  xmc4_scu.o(.text)
    XMC_SCU_INTERRUPT_SetEventHandler        0x08001fbf   Thumb Code    38  xmc4_scu.o(.text)
    XMC_SCU_IRQHandler                       0x08001fe5   Thumb Code    76  xmc4_scu.o(.text)
    XMC_CCU4_GetDriverVersion                0x0800206d   Thumb Code    36  xmc_ccu4.o(.text)
    XMC_CCU4_lDeassertReset                  0x08002091   Thumb Code    54  xmc_ccu4.o(.text)
    XMC_CCU4_EnableModule                    0x080020c7   Thumb Code    18  xmc_ccu4.o(.text)
    XMC_CCU4_lAssertReset                    0x080020d9   Thumb Code    54  xmc_ccu4.o(.text)
    XMC_CCU4_DisableModule                   0x0800210f   Thumb Code    12  xmc_ccu4.o(.text)
    XMC_CCU4_Init                            0x0800211b   Thumb Code    26  xmc_ccu4.o(.text)
    XMC_CCU4_SetModuleClock                  0x08002135   Thumb Code    16  xmc_ccu4.o(.text)
    XMC_CCU4_SetMultiChannelShadowTransferMode 0x08002145   Thumb Code    14  xmc_ccu4.o(.text)
    XMC_CCU4_SLICE_CompareInit               0x08002153   Thumb Code    48  xmc_ccu4.o(.text)
    XMC_CCU4_SLICE_CaptureInit               0x08002183   Thumb Code    32  xmc_ccu4.o(.text)
    XMC_CCU4_SLICE_StartConfig               0x080021a3   Thumb Code    36  xmc_ccu4.o(.text)
    XMC_CCU4_SLICE_StopConfig                0x080021c7   Thumb Code    32  xmc_ccu4.o(.text)
    XMC_CCU4_SLICE_LoadConfig                0x080021e7   Thumb Code    16  xmc_ccu4.o(.text)
    XMC_CCU4_SLICE_ModulationConfig          0x080021f7   Thumb Code    52  xmc_ccu4.o(.text)
    XMC_CCU4_SLICE_CountConfig               0x0800222b   Thumb Code    16  xmc_ccu4.o(.text)
    XMC_CCU4_SLICE_GateConfig                0x0800223b   Thumb Code    16  xmc_ccu4.o(.text)
    XMC_CCU4_SLICE_Capture0Config            0x0800224b   Thumb Code    16  xmc_ccu4.o(.text)
    XMC_CCU4_SLICE_Capture1Config            0x0800225b   Thumb Code    16  xmc_ccu4.o(.text)
    XMC_CCU4_SLICE_DirectionConfig           0x0800226b   Thumb Code    16  xmc_ccu4.o(.text)
    XMC_CCU4_SLICE_StatusBitOverrideConfig   0x0800227b   Thumb Code    14  xmc_ccu4.o(.text)
    XMC_CCU4_SLICE_TrapConfig                0x08002289   Thumb Code    52  xmc_ccu4.o(.text)
    XMC_CCU4_SLICE_ConfigureStatusBitOverrideEvent 0x080022bd   Thumb Code    90  xmc_ccu4.o(.text)
    XMC_CCU4_SLICE_ConfigureEvent            0x08002317   Thumb Code    94  xmc_ccu4.o(.text)
    XMC_CCU4_SLICE_SetInput                  0x08002375   Thumb Code    34  xmc_ccu4.o(.text)
    XMC_CCU4_SLICE_SetTimerRepeatMode        0x08002397   Thumb Code    22  xmc_ccu4.o(.text)
    XMC_CCU4_SLICE_SetTimerCountingMode      0x080023ad   Thumb Code    22  xmc_ccu4.o(.text)
    XMC_CCU4_SLICE_GetCaptureRegisterValue   0x080023c3   Thumb Code    12  xmc_ccu4.o(.text)
    XMC_CCU4_SLICE_GetLastCapturedTimerValue 0x080023cf   Thumb Code    82  xmc_ccu4.o(.text)
    XMC_CCU4_GetCapturedValueFromFifo        0x08002421   Thumb Code    20  xmc_ccu4.o(.text)
    XMC_CCU4_SLICE_EnableDithering           0x08002435   Thumb Code    36  xmc_ccu4.o(.text)
    XMC_CCU4_SLICE_SetPrescaler              0x08002459   Thumb Code    16  xmc_ccu4.o(.text)
    XMC_CCU4_EnableShadowTransfer            0x08002469   Thumb Code    24  xmc_ccu4.o(.text)
    XMC_CCU4_SLICE_GetEvent                  0x08002481   Thumb Code    22  xmc_ccu4.o(.text)
    XMC_CCU4_SLICE_SetInterruptNode          0x08002497   Thumb Code    86  xmc_ccu4.o(.text)
    XMC_CCU4_SLICE_SetPassiveLevel           0x080024ed   Thumb Code    14  xmc_ccu4.o(.text)
    XMC_RTC_GetDriverVersion                 0x080024fd   Thumb Code    36  xmc_rtc.o(.text)
    XMC_RTC_Start                            0x08002521   Thumb Code    30  xmc_rtc.o(.text)
    XMC_RTC_Stop                             0x0800253f   Thumb Code    30  xmc_rtc.o(.text)
    XMC_RTC_SetPrescaler                     0x0800255d   Thumb Code    32  xmc_rtc.o(.text)
    XMC_RTC_SetTime                          0x0800257d   Thumb Code    50  xmc_rtc.o(.text)
    XMC_RTC_GetTime                          0x080025af   Thumb Code    18  xmc_rtc.o(.text)
    XMC_RTC_GetTimeStdFormat                 0x080025c1   Thumb Code    82  xmc_rtc.o(.text)
    XMC_RTC_SetAlarm                         0x08002613   Thumb Code    50  xmc_rtc.o(.text)
    XMC_RTC_GetAlarm                         0x08002645   Thumb Code    18  xmc_rtc.o(.text)
    XMC_RTC_GetAlarmStdFormat                0x08002657   Thumb Code    74  xmc_rtc.o(.text)
    XMC_RTC_GetEventStatus                   0x080026a1   Thumb Code     8  xmc_rtc.o(.text)
    XMC_VADC_GetDriverVersion                0x080026b9   Thumb Code    36  xmc_vadc.o(.text)
    XMC_VADC_GLOBAL_EnableModule             0x080026dd   Thumb Code    10  xmc_vadc.o(.text)
    XMC_VADC_GLOBAL_DisableModule            0x080026e7   Thumb Code    10  xmc_vadc.o(.text)
    XMC_VADC_GLOBAL_Init                     0x080026f1   Thumb Code    50  xmc_vadc.o(.text)
    XMC_VADC_GLOBAL_InputClassInit           0x08002723   Thumb Code    38  xmc_vadc.o(.text)
    XMC_VADC_GLOBAL_StartupCalibration       0x08002749   Thumb Code    56  xmc_vadc.o(.text)
    XMC_VADC_GLOBAL_SetBoundaries            0x08002781   Thumb Code    18  xmc_vadc.o(.text)
    XMC_VADC_GLOBAL_SetCompareValue          0x08002793   Thumb Code    26  xmc_vadc.o(.text)
    XMC_VADC_GLOBAL_GetCompareResult         0x080027ad   Thumb Code    22  xmc_vadc.o(.text)
    XMC_VADC_GLOBAL_BindGroupToEMux          0x080027c3   Thumb Code    44  xmc_vadc.o(.text)
    XMC_VADC_GLOBAL_SetResultEventInterruptNode 0x080027ef   Thumb Code    36  xmc_vadc.o(.text)
    XMC_VADC_GLOBAL_BackgroundSetReqSrcEventInterruptNode 0x08002813   Thumb Code    34  xmc_vadc.o(.text)
    XMC_VADC_GROUP_InputClassInit            0x08002835   Thumb Code   110  xmc_vadc.o(.text)
    XMC_VADC_GROUP_Init                      0x080028a3   Thumb Code    84  xmc_vadc.o(.text)
    XMC_VADC_GROUP_SetPowerMode              0x080028f7   Thumb Code    18  xmc_vadc.o(.text)
    XMC_VADC_GROUP_SetSyncSlave              0x08002909   Thumb Code    26  xmc_vadc.o(.text)
    XMC_VADC_GROUP_SetSyncMaster             0x08002923   Thumb Code    14  xmc_vadc.o(.text)
    XMC_VADC_GROUP_CheckSlaveReadiness       0x08002931   Thumb Code    50  xmc_vadc.o(.text)
    XMC_VADC_GROUP_IgnoreSlaveReadiness      0x08002963   Thumb Code    50  xmc_vadc.o(.text)
    XMC_VADC_GROUP_EnableChannelSyncRequest  0x08002995   Thumb Code    34  xmc_vadc.o(.text)
    XMC_VADC_GROUP_DisableChannelSyncRequest 0x080029b7   Thumb Code    34  xmc_vadc.o(.text)
    XMC_VADC_GROUP_IsConverterBusy           0x080029d9   Thumb Code    16  xmc_vadc.o(.text)
    XMC_VADC_GROUP_SetBoundaries             0x080029e9   Thumb Code    28  xmc_vadc.o(.text)
    XMC_VADC_GROUP_TriggerServiceRequest     0x08002a05   Thumb Code    36  xmc_vadc.o(.text)
    XMC_VADC_GROUP_ScanInit                  0x08002a29   Thumb Code   114  xmc_vadc.o(.text)
    XMC_VADC_GROUP_ScanSelectTrigger         0x08002a9b   Thumb Code    24  xmc_vadc.o(.text)
    XMC_VADC_GROUP_ScanSelectGating          0x08002ab3   Thumb Code    24  xmc_vadc.o(.text)
    XMC_VADC_GROUP_ScanSequenceAbort         0x08002acb   Thumb Code    94  xmc_vadc.o(.text)
    XMC_VADC_GROUP_ScanGetNumChannelsPending 0x08002b29   Thumb Code    38  xmc_vadc.o(.text)
    XMC_VADC_GROUP_ScanSetReqSrcEventInterruptNode 0x08002b4f   Thumb Code    20  xmc_vadc.o(.text)
    XMC_VADC_GLOBAL_BackgroundInit           0x08002b63   Thumb Code   168  xmc_vadc.o(.text)
    XMC_VADC_GLOBAL_BackgroundSelectTrigger  0x08002c0b   Thumb Code    24  xmc_vadc.o(.text)
    XMC_VADC_GLOBAL_BackgroundSelectGating   0x08002c23   Thumb Code    24  xmc_vadc.o(.text)
    XMC_VADC_GLOBAL_BackgroundAbortSequence  0x08002c3b   Thumb Code   104  xmc_vadc.o(.text)
    XMC_VADC_GLOBAL_BackgroundGetNumChannelsPending 0x08002ca3   Thumb Code    56  xmc_vadc.o(.text)
    XMC_VADC_GROUP_QueueInit                 0x08002cdb   Thumb Code   108  xmc_vadc.o(.text)
    XMC_VADC_GROUP_QueueSelectTrigger        0x08002d47   Thumb Code    24  xmc_vadc.o(.text)
    XMC_VADC_GROUP_QueueSelectGating         0x08002d5f   Thumb Code    24  xmc_vadc.o(.text)
    XMC_VADC_GROUP_QueueGetLength            0x08002d77   Thumb Code    38  xmc_vadc.o(.text)
    XMC_VADC_GROUP_QueueAbortSequence        0x08002d9d   Thumb Code    80  xmc_vadc.o(.text)
    XMC_VADC_GROUP_QueueRemoveChannel        0x08002ded   Thumb Code   102  xmc_vadc.o(.text)
    XMC_VADC_GROUP_QueueGetNextChannel       0x08002e53   Thumb Code    48  xmc_vadc.o(.text)
    XMC_VADC_GROUP_QueueGetInterruptedChannel 0x08002e83   Thumb Code    28  xmc_vadc.o(.text)
    XMC_VADC_GROUP_QueueSetReqSrcEventInterruptNode 0x08002e9f   Thumb Code    18  xmc_vadc.o(.text)
    XMC_VADC_GROUP_ChannelInit               0x08002eb1   Thumb Code    96  xmc_vadc.o(.text)
    XMC_VADC_GROUP_SetChannelAlias           0x08002f11   Thumb Code    38  xmc_vadc.o(.text)
    XMC_VADC_GROUP_ChannelIsResultOutOfBounds 0x08002f37   Thumb Code    54  xmc_vadc.o(.text)
    XMC_VADC_GROUP_ChannelSetInputReference  0x08002f6d   Thumb Code    26  xmc_vadc.o(.text)
    XMC_VADC_GROUP_ChannelSetResultRegister  0x08002f87   Thumb Code    26  xmc_vadc.o(.text)
    XMC_VADC_GROUP_ChannelGetResultRegister  0x08002fa1   Thumb Code    16  xmc_vadc.o(.text)
    XMC_VADC_GROUP_ChannelTriggerEvent       0x08002fb1   Thumb Code    16  xmc_vadc.o(.text)
    XMC_VADC_GROUP_ChannelSetEventInterruptNode 0x08002fc1   Thumb Code    30  xmc_vadc.o(.text)
    XMC_VADC_GROUP_ChannelTriggerEventGenCriteria 0x08002fdf   Thumb Code    26  xmc_vadc.o(.text)
    XMC_VADC_GROUP_AddResultToFifo           0x08002ff9   Thumb Code    22  xmc_vadc.o(.text)
    XMC_VADC_GROUP_SetResultFastCompareValue 0x0800300f   Thumb Code    26  xmc_vadc.o(.text)
    XMC_VADC_GROUP_GetFastCompareResult      0x08003029   Thumb Code    28  xmc_vadc.o(.text)
    XMC_VADC_GROUP_SetResultInterruptNode    0x08003045   Thumb Code    68  xmc_vadc.o(.text)
    XMC_VADC_GROUP_IsResultRegisterFifoHead  0x08003089   Thumb Code    46  xmc_vadc.o(.text)
    XMC_VADC_GROUP_GetResultFifoTail         0x080030b7   Thumb Code    94  xmc_vadc.o(.text)
    XMC_VADC_GROUP_GetResultFifoHead         0x08003115   Thumb Code    60  xmc_vadc.o(.text)
    Reset_Handler                            0x08003189   Thumb Code    28  startup_xmc4500.o(.text)
    NMI_Handler                              0x080031a5   Thumb Code     2  startup_xmc4500.o(.text)
    NMI_Handler_Veneer                       0x080031a7   Thumb Code    42  startup_xmc4500.o(.text)
    HardFault_Handler                        0x080031d1   Thumb Code     2  startup_xmc4500.o(.text)
    HardFault_Handler_Veneer                 0x080031d3   Thumb Code    18  startup_xmc4500.o(.text)
    MemManage_Handler                        0x080031e5   Thumb Code     2  startup_xmc4500.o(.text)
    MemManage_Handler_Veneer                 0x080031e7   Thumb Code    18  startup_xmc4500.o(.text)
    BusFault_Handler                         0x080031f9   Thumb Code     2  startup_xmc4500.o(.text)
    BusFault_Handler_Veneer                  0x080031fb   Thumb Code    18  startup_xmc4500.o(.text)
    UsageFault_Handler                       0x0800320d   Thumb Code     2  startup_xmc4500.o(.text)
    UsageFault_Handler_Veneer                0x0800320f   Thumb Code    18  startup_xmc4500.o(.text)
    DebugMon_Handler                         0x08003235   Thumb Code     2  startup_xmc4500.o(.text)
    DebugMon_Handler_Veneer                  0x08003237   Thumb Code    18  startup_xmc4500.o(.text)
    SCU_0_IRQHandler_Veneer                  0x08003273   Thumb Code    18  startup_xmc4500.o(.text)
    ERU0_0_IRQHandler                        0x08003285   Thumb Code     2  startup_xmc4500.o(.text)
    ERU0_0_IRQHandler_Veneer                 0x08003287   Thumb Code    18  startup_xmc4500.o(.text)
    ERU0_1_IRQHandler                        0x08003299   Thumb Code     2  startup_xmc4500.o(.text)
    ERU0_1_IRQHandler_Veneer                 0x0800329b   Thumb Code    18  startup_xmc4500.o(.text)
    ERU0_2_IRQHandler                        0x080032ad   Thumb Code     2  startup_xmc4500.o(.text)
    ERU0_2_IRQHandler_Veneer                 0x080032af   Thumb Code    18  startup_xmc4500.o(.text)
    ERU0_3_IRQHandler                        0x080032c1   Thumb Code     2  startup_xmc4500.o(.text)
    ERU0_3_IRQHandler_Veneer                 0x080032c3   Thumb Code    18  startup_xmc4500.o(.text)
    ERU1_0_IRQHandler                        0x080032d5   Thumb Code     2  startup_xmc4500.o(.text)
    ERU1_0_IRQHandler_Veneer                 0x080032d7   Thumb Code    18  startup_xmc4500.o(.text)
    ERU1_1_IRQHandler                        0x080032e9   Thumb Code     2  startup_xmc4500.o(.text)
    ERU1_1_IRQHandler_Veneer                 0x080032eb   Thumb Code    18  startup_xmc4500.o(.text)
    ERU1_2_IRQHandler                        0x080032fd   Thumb Code     2  startup_xmc4500.o(.text)
    ERU1_2_IRQHandler_Veneer                 0x080032ff   Thumb Code    18  startup_xmc4500.o(.text)
    ERU1_3_IRQHandler                        0x08003311   Thumb Code     2  startup_xmc4500.o(.text)
    ERU1_3_IRQHandler_Veneer                 0x08003313   Thumb Code    18  startup_xmc4500.o(.text)
    PMU0_0_IRQHandler                        0x08003325   Thumb Code     2  startup_xmc4500.o(.text)
    PMU0_0_IRQHandler_Veneer                 0x08003327   Thumb Code    18  startup_xmc4500.o(.text)
    VADC0_C0_0_IRQHandler                    0x08003339   Thumb Code     2  startup_xmc4500.o(.text)
    VADC0_C0_0_IRQHandler_Veneer             0x0800333b   Thumb Code    18  startup_xmc4500.o(.text)
    VADC0_C0_1_IRQHandler                    0x0800334d   Thumb Code     2  startup_xmc4500.o(.text)
    VADC0_C0_1_IRQHandler_Veneer             0x0800334f   Thumb Code    18  startup_xmc4500.o(.text)
    VADC0_C0_2_IRQHandler                    0x08003361   Thumb Code     2  startup_xmc4500.o(.text)
    VADC0_C0_2_IRQHandler_Veneer             0x08003363   Thumb Code    18  startup_xmc4500.o(.text)
    VADC0_C0_3_IRQHandler                    0x08003375   Thumb Code     2  startup_xmc4500.o(.text)
    VADC0_C0_3_IRQHandler_Veneer             0x08003377   Thumb Code    18  startup_xmc4500.o(.text)
    VADC0_G0_0_IRQHandler                    0x08003389   Thumb Code     2  startup_xmc4500.o(.text)
    VADC0_G0_0_IRQHandler_Veneer             0x0800338b   Thumb Code    18  startup_xmc4500.o(.text)
    VADC0_G0_1_IRQHandler                    0x0800339d   Thumb Code     2  startup_xmc4500.o(.text)
    VADC0_G0_1_IRQHandler_Veneer             0x0800339f   Thumb Code    18  startup_xmc4500.o(.text)
    VADC0_G0_2_IRQHandler                    0x080033b1   Thumb Code     2  startup_xmc4500.o(.text)
    VADC0_G0_2_IRQHandler_Veneer             0x080033b3   Thumb Code    18  startup_xmc4500.o(.text)
    VADC0_G0_3_IRQHandler                    0x080033c5   Thumb Code     2  startup_xmc4500.o(.text)
    VADC0_G0_3_IRQHandler_Veneer             0x080033c7   Thumb Code    18  startup_xmc4500.o(.text)
    VADC0_G1_0_IRQHandler                    0x080033d9   Thumb Code     2  startup_xmc4500.o(.text)
    VADC0_G1_0_IRQHandler_Veneer             0x080033db   Thumb Code    18  startup_xmc4500.o(.text)
    VADC0_G1_1_IRQHandler                    0x080033ed   Thumb Code     2  startup_xmc4500.o(.text)
    VADC0_G1_1_IRQHandler_Veneer             0x080033ef   Thumb Code    18  startup_xmc4500.o(.text)
    VADC0_G1_2_IRQHandler                    0x08003401   Thumb Code     2  startup_xmc4500.o(.text)
    VADC0_G1_2_IRQHandler_Veneer             0x08003403   Thumb Code    18  startup_xmc4500.o(.text)
    VADC0_G1_3_IRQHandler                    0x08003415   Thumb Code     2  startup_xmc4500.o(.text)
    VADC0_G1_3_IRQHandler_Veneer             0x08003417   Thumb Code    18  startup_xmc4500.o(.text)
    VADC0_G2_0_IRQHandler                    0x08003429   Thumb Code     2  startup_xmc4500.o(.text)
    VADC0_G2_0_IRQHandler_Veneer             0x0800342b   Thumb Code    18  startup_xmc4500.o(.text)
    VADC0_G2_1_IRQHandler                    0x0800343d   Thumb Code     2  startup_xmc4500.o(.text)
    VADC0_G2_1_IRQHandler_Veneer             0x0800343f   Thumb Code    18  startup_xmc4500.o(.text)
    VADC0_G2_2_IRQHandler                    0x08003451   Thumb Code     2  startup_xmc4500.o(.text)
    VADC0_G2_2_IRQHandler_Veneer             0x08003453   Thumb Code    18  startup_xmc4500.o(.text)
    VADC0_G2_3_IRQHandler                    0x08003465   Thumb Code     2  startup_xmc4500.o(.text)
    VADC0_G2_3_IRQHandler_Veneer             0x08003467   Thumb Code    18  startup_xmc4500.o(.text)
    VADC0_G3_0_IRQHandler                    0x08003479   Thumb Code     2  startup_xmc4500.o(.text)
    VADC0_G3_0_IRQHandler_Veneer             0x0800347b   Thumb Code    18  startup_xmc4500.o(.text)
    VADC0_G3_1_IRQHandler                    0x0800348d   Thumb Code     2  startup_xmc4500.o(.text)
    VADC0_G3_1_IRQHandler_Veneer             0x0800348f   Thumb Code    18  startup_xmc4500.o(.text)
    VADC0_G3_2_IRQHandler                    0x080034a1   Thumb Code     2  startup_xmc4500.o(.text)
    VADC0_G3_2_IRQHandler_Veneer             0x080034a3   Thumb Code    18  startup_xmc4500.o(.text)
    VADC0_G3_3_IRQHandler                    0x080034b5   Thumb Code     2  startup_xmc4500.o(.text)
    VADC0_G3_3_IRQHandler_Veneer             0x080034b7   Thumb Code    18  startup_xmc4500.o(.text)
    DSD0_0_IRQHandler                        0x080034c9   Thumb Code     2  startup_xmc4500.o(.text)
    DSD0_0_IRQHandler_Veneer                 0x080034cb   Thumb Code    18  startup_xmc4500.o(.text)
    DSD0_1_IRQHandler                        0x080034dd   Thumb Code     2  startup_xmc4500.o(.text)
    DSD0_1_IRQHandler_Veneer                 0x080034df   Thumb Code    18  startup_xmc4500.o(.text)
    DSD0_2_IRQHandler                        0x080034f1   Thumb Code     2  startup_xmc4500.o(.text)
    DSD0_2_IRQHandler_Veneer                 0x080034f3   Thumb Code    18  startup_xmc4500.o(.text)
    DSD0_3_IRQHandler                        0x08003505   Thumb Code     2  startup_xmc4500.o(.text)
    DSD0_3_IRQHandler_Veneer                 0x08003507   Thumb Code    18  startup_xmc4500.o(.text)
    DSD0_4_IRQHandler                        0x08003519   Thumb Code     2  startup_xmc4500.o(.text)
    DSD0_4_IRQHandler_Veneer                 0x0800351b   Thumb Code    18  startup_xmc4500.o(.text)
    DSD0_5_IRQHandler                        0x0800352d   Thumb Code     2  startup_xmc4500.o(.text)
    DSD0_5_IRQHandler_Veneer                 0x0800352f   Thumb Code    18  startup_xmc4500.o(.text)
    DSD0_6_IRQHandler                        0x08003541   Thumb Code     2  startup_xmc4500.o(.text)
    DSD0_6_IRQHandler_Veneer                 0x08003543   Thumb Code    18  startup_xmc4500.o(.text)
    DSD0_7_IRQHandler                        0x08003555   Thumb Code     2  startup_xmc4500.o(.text)
    DSD0_7_IRQHandler_Veneer                 0x08003557   Thumb Code    18  startup_xmc4500.o(.text)
    DAC0_0_IRQHandler                        0x08003569   Thumb Code     2  startup_xmc4500.o(.text)
    DAC0_0_IRQHandler_Veneer                 0x0800356b   Thumb Code    18  startup_xmc4500.o(.text)
    DAC0_1_IRQHandler                        0x0800357d   Thumb Code     2  startup_xmc4500.o(.text)
    DAC0_1_IRQHandler_Veneer                 0x0800357f   Thumb Code    18  startup_xmc4500.o(.text)
    CCU40_0_IRQHandler                       0x08003591   Thumb Code     2  startup_xmc4500.o(.text)
    CCU40_0_IRQHandler_Veneer                0x08003593   Thumb Code    18  startup_xmc4500.o(.text)
    CCU40_1_IRQHandler                       0x080035a5   Thumb Code     2  startup_xmc4500.o(.text)
    CCU40_1_IRQHandler_Veneer                0x080035a7   Thumb Code    18  startup_xmc4500.o(.text)
    CCU40_2_IRQHandler                       0x080035b9   Thumb Code     2  startup_xmc4500.o(.text)
    CCU40_2_IRQHandler_Veneer                0x080035bb   Thumb Code    18  startup_xmc4500.o(.text)
    CCU40_3_IRQHandler                       0x080035cd   Thumb Code     2  startup_xmc4500.o(.text)
    CCU40_3_IRQHandler_Veneer                0x080035cf   Thumb Code    18  startup_xmc4500.o(.text)
    CCU41_0_IRQHandler                       0x080035e1   Thumb Code     2  startup_xmc4500.o(.text)
    CCU41_0_IRQHandler_Veneer                0x080035e3   Thumb Code    18  startup_xmc4500.o(.text)
    CCU41_1_IRQHandler                       0x080035f5   Thumb Code     2  startup_xmc4500.o(.text)
    CCU41_1_IRQHandler_Veneer                0x080035f7   Thumb Code    18  startup_xmc4500.o(.text)
    CCU41_2_IRQHandler                       0x08003609   Thumb Code     2  startup_xmc4500.o(.text)
    CCU41_2_IRQHandler_Veneer                0x0800360b   Thumb Code    18  startup_xmc4500.o(.text)
    CCU41_3_IRQHandler                       0x0800361d   Thumb Code     2  startup_xmc4500.o(.text)
    CCU41_3_IRQHandler_Veneer                0x0800361f   Thumb Code    18  startup_xmc4500.o(.text)
    CCU42_0_IRQHandler                       0x08003631   Thumb Code     2  startup_xmc4500.o(.text)
    CCU42_0_IRQHandler_Veneer                0x08003633   Thumb Code    18  startup_xmc4500.o(.text)
    CCU42_1_IRQHandler                       0x08003645   Thumb Code     2  startup_xmc4500.o(.text)
    CCU42_1_IRQHandler_Veneer                0x08003647   Thumb Code    18  startup_xmc4500.o(.text)
    CCU42_2_IRQHandler                       0x08003659   Thumb Code     2  startup_xmc4500.o(.text)
    CCU42_2_IRQHandler_Veneer                0x0800365b   Thumb Code    18  startup_xmc4500.o(.text)
    CCU42_3_IRQHandler                       0x0800366d   Thumb Code     2  startup_xmc4500.o(.text)
    CCU42_3_IRQHandler_Veneer                0x0800366f   Thumb Code    18  startup_xmc4500.o(.text)
    CCU43_0_IRQHandler                       0x08003681   Thumb Code     2  startup_xmc4500.o(.text)
    CCU43_0_IRQHandler_Veneer                0x08003683   Thumb Code    18  startup_xmc4500.o(.text)
    CCU43_1_IRQHandler                       0x08003695   Thumb Code     2  startup_xmc4500.o(.text)
    CCU43_1_IRQHandler_Veneer                0x08003697   Thumb Code    18  startup_xmc4500.o(.text)
    CCU43_2_IRQHandler                       0x080036a9   Thumb Code     2  startup_xmc4500.o(.text)
    CCU43_2_IRQHandler_Veneer                0x080036ab   Thumb Code    18  startup_xmc4500.o(.text)
    CCU43_3_IRQHandler                       0x080036bd   Thumb Code     2  startup_xmc4500.o(.text)
    CCU43_3_IRQHandler_Veneer                0x080036bf   Thumb Code    18  startup_xmc4500.o(.text)
    CCU80_0_IRQHandler                       0x080036d1   Thumb Code     2  startup_xmc4500.o(.text)
    CCU80_0_IRQHandler_Veneer                0x080036d3   Thumb Code    18  startup_xmc4500.o(.text)
    CCU80_1_IRQHandler                       0x080036e5   Thumb Code     2  startup_xmc4500.o(.text)
    CCU80_1_IRQHandler_Veneer                0x080036e7   Thumb Code    18  startup_xmc4500.o(.text)
    CCU80_2_IRQHandler                       0x080036f9   Thumb Code     2  startup_xmc4500.o(.text)
    CCU80_2_IRQHandler_Veneer                0x080036fb   Thumb Code    18  startup_xmc4500.o(.text)
    CCU80_3_IRQHandler                       0x0800370d   Thumb Code     2  startup_xmc4500.o(.text)
    CCU80_3_IRQHandler_Veneer                0x0800370f   Thumb Code    18  startup_xmc4500.o(.text)
    CCU81_0_IRQHandler                       0x08003721   Thumb Code     2  startup_xmc4500.o(.text)
    CCU81_0_IRQHandler_Veneer                0x08003723   Thumb Code    18  startup_xmc4500.o(.text)
    CCU81_1_IRQHandler                       0x08003735   Thumb Code     2  startup_xmc4500.o(.text)
    CCU81_1_IRQHandler_Veneer                0x08003737   Thumb Code    18  startup_xmc4500.o(.text)
    CCU81_2_IRQHandler                       0x08003749   Thumb Code     2  startup_xmc4500.o(.text)
    CCU81_2_IRQHandler_Veneer                0x0800374b   Thumb Code    18  startup_xmc4500.o(.text)
    CCU81_3_IRQHandler                       0x0800375d   Thumb Code     2  startup_xmc4500.o(.text)
    CCU81_3_IRQHandler_Veneer                0x0800375f   Thumb Code    18  startup_xmc4500.o(.text)
    POSIF0_0_IRQHandler                      0x08003771   Thumb Code     2  startup_xmc4500.o(.text)
    POSIF0_0_IRQHandler_Veneer               0x08003773   Thumb Code    18  startup_xmc4500.o(.text)
    POSIF0_1_IRQHandler                      0x08003785   Thumb Code     2  startup_xmc4500.o(.text)
    POSIF0_1_IRQHandler_Veneer               0x08003787   Thumb Code    18  startup_xmc4500.o(.text)
    POSIF1_0_IRQHandler                      0x08003799   Thumb Code     2  startup_xmc4500.o(.text)
    POSIF1_0_IRQHandler_Veneer               0x0800379b   Thumb Code    18  startup_xmc4500.o(.text)
    POSIF1_1_IRQHandler                      0x080037ad   Thumb Code     2  startup_xmc4500.o(.text)
    POSIF1_1_IRQHandler_Veneer               0x080037af   Thumb Code    18  startup_xmc4500.o(.text)
    CAN0_0_IRQHandler                        0x080037c1   Thumb Code     2  startup_xmc4500.o(.text)
    CAN0_0_IRQHandler_Veneer                 0x080037c3   Thumb Code    18  startup_xmc4500.o(.text)
    CAN0_1_IRQHandler                        0x080037d5   Thumb Code     2  startup_xmc4500.o(.text)
    CAN0_1_IRQHandler_Veneer                 0x080037d7   Thumb Code    18  startup_xmc4500.o(.text)
    CAN0_2_IRQHandler                        0x080037e9   Thumb Code     2  startup_xmc4500.o(.text)
    CAN0_2_IRQHandler_Veneer                 0x080037eb   Thumb Code    18  startup_xmc4500.o(.text)
    CAN0_3_IRQHandler                        0x080037fd   Thumb Code     2  startup_xmc4500.o(.text)
    CAN0_3_IRQHandler_Veneer                 0x080037ff   Thumb Code    18  startup_xmc4500.o(.text)
    CAN0_4_IRQHandler                        0x08003811   Thumb Code     2  startup_xmc4500.o(.text)
    CAN0_4_IRQHandler_Veneer                 0x08003813   Thumb Code    18  startup_xmc4500.o(.text)
    CAN0_5_IRQHandler                        0x08003825   Thumb Code     2  startup_xmc4500.o(.text)
    CAN0_5_IRQHandler_Veneer                 0x08003827   Thumb Code    18  startup_xmc4500.o(.text)
    CAN0_6_IRQHandler                        0x08003839   Thumb Code     2  startup_xmc4500.o(.text)
    CAN0_6_IRQHandler_Veneer                 0x0800383b   Thumb Code    18  startup_xmc4500.o(.text)
    CAN0_7_IRQHandler                        0x0800384d   Thumb Code     2  startup_xmc4500.o(.text)
    CAN0_7_IRQHandler_Veneer                 0x0800384f   Thumb Code    18  startup_xmc4500.o(.text)
    USIC0_0_IRQHandler                       0x08003861   Thumb Code     2  startup_xmc4500.o(.text)
    USIC0_0_IRQHandler_Veneer                0x08003863   Thumb Code    18  startup_xmc4500.o(.text)
    USIC0_1_IRQHandler                       0x08003875   Thumb Code     2  startup_xmc4500.o(.text)
    USIC0_1_IRQHandler_Veneer                0x08003877   Thumb Code    18  startup_xmc4500.o(.text)
    USIC0_2_IRQHandler                       0x08003889   Thumb Code     2  startup_xmc4500.o(.text)
    USIC0_2_IRQHandler_Veneer                0x0800388b   Thumb Code    18  startup_xmc4500.o(.text)
    USIC0_3_IRQHandler                       0x0800389d   Thumb Code     2  startup_xmc4500.o(.text)
    USIC0_3_IRQHandler_Veneer                0x0800389f   Thumb Code    18  startup_xmc4500.o(.text)
    USIC0_4_IRQHandler                       0x080038b1   Thumb Code     2  startup_xmc4500.o(.text)
    USIC0_4_IRQHandler_Veneer                0x080038b3   Thumb Code    18  startup_xmc4500.o(.text)
    USIC0_5_IRQHandler                       0x080038c5   Thumb Code     2  startup_xmc4500.o(.text)
    USIC0_5_IRQHandler_Veneer                0x080038c7   Thumb Code    18  startup_xmc4500.o(.text)
    USIC1_0_IRQHandler                       0x080038d9   Thumb Code     2  startup_xmc4500.o(.text)
    USIC1_0_IRQHandler_Veneer                0x080038db   Thumb Code    18  startup_xmc4500.o(.text)
    USIC1_1_IRQHandler                       0x080038ed   Thumb Code     2  startup_xmc4500.o(.text)
    USIC1_1_IRQHandler_Veneer                0x080038ef   Thumb Code    18  startup_xmc4500.o(.text)
    USIC1_2_IRQHandler                       0x08003901   Thumb Code     2  startup_xmc4500.o(.text)
    USIC1_2_IRQHandler_Veneer                0x08003903   Thumb Code    18  startup_xmc4500.o(.text)
    USIC1_3_IRQHandler                       0x08003915   Thumb Code     2  startup_xmc4500.o(.text)
    USIC1_3_IRQHandler_Veneer                0x08003917   Thumb Code    18  startup_xmc4500.o(.text)
    USIC1_4_IRQHandler                       0x08003929   Thumb Code     2  startup_xmc4500.o(.text)
    USIC1_4_IRQHandler_Veneer                0x0800392b   Thumb Code    18  startup_xmc4500.o(.text)
    USIC1_5_IRQHandler                       0x0800393d   Thumb Code     2  startup_xmc4500.o(.text)
    USIC1_5_IRQHandler_Veneer                0x0800393f   Thumb Code    18  startup_xmc4500.o(.text)
    USIC2_0_IRQHandler                       0x08003951   Thumb Code     2  startup_xmc4500.o(.text)
    USIC2_0_IRQHandler_Veneer                0x08003953   Thumb Code    18  startup_xmc4500.o(.text)
    USIC2_1_IRQHandler                       0x08003965   Thumb Code     2  startup_xmc4500.o(.text)
    USIC2_1_IRQHandler_Veneer                0x08003967   Thumb Code    18  startup_xmc4500.o(.text)
    USIC2_2_IRQHandler                       0x08003979   Thumb Code     2  startup_xmc4500.o(.text)
    USIC2_2_IRQHandler_Veneer                0x0800397b   Thumb Code    18  startup_xmc4500.o(.text)
    USIC2_3_IRQHandler                       0x0800398d   Thumb Code     2  startup_xmc4500.o(.text)
    USIC2_3_IRQHandler_Veneer                0x0800398f   Thumb Code    18  startup_xmc4500.o(.text)
    USIC2_4_IRQHandler                       0x080039a1   Thumb Code     2  startup_xmc4500.o(.text)
    USIC2_4_IRQHandler_Veneer                0x080039a3   Thumb Code    18  startup_xmc4500.o(.text)
    USIC2_5_IRQHandler                       0x080039b5   Thumb Code     2  startup_xmc4500.o(.text)
    USIC2_5_IRQHandler_Veneer                0x080039b7   Thumb Code    18  startup_xmc4500.o(.text)
    LEDTS0_0_IRQHandler                      0x080039c9   Thumb Code     2  startup_xmc4500.o(.text)
    LEDTS0_0_IRQHandler_Veneer               0x080039cb   Thumb Code    18  startup_xmc4500.o(.text)
    FCE0_0_IRQHandler                        0x080039dd   Thumb Code     2  startup_xmc4500.o(.text)
    FCE0_0_IRQHandler_Veneer                 0x080039df   Thumb Code    18  startup_xmc4500.o(.text)
    GPDMA0_0_IRQHandler                      0x080039f1   Thumb Code     2  startup_xmc4500.o(.text)
    GPDMA0_0_IRQHandler_Veneer               0x080039f3   Thumb Code    18  startup_xmc4500.o(.text)
    SDMMC0_0_IRQHandler                      0x08003a05   Thumb Code     2  startup_xmc4500.o(.text)
    SDMMC0_0_IRQHandler_Veneer               0x08003a07   Thumb Code    18  startup_xmc4500.o(.text)
    USB0_0_IRQHandler                        0x08003a19   Thumb Code     2  startup_xmc4500.o(.text)
    USB0_0_IRQHandler_Veneer                 0x08003a1b   Thumb Code    18  startup_xmc4500.o(.text)
    ETH0_0_IRQHandler                        0x08003a2d   Thumb Code     2  startup_xmc4500.o(.text)
    ETH0_0_IRQHandler_Veneer                 0x08003a2f   Thumb Code    18  startup_xmc4500.o(.text)
    GPDMA1_0_IRQHandler                      0x08003a41   Thumb Code     2  startup_xmc4500.o(.text)
    GPDMA1_0_IRQHandler_Veneer               0x08003a43   Thumb Code    18  startup_xmc4500.o(.text)
    SystemInit_DAVE3                         0x08003a55   Thumb Code     4  startup_xmc4500.o(.text)
    AllowPLLInitByStartup                    0x08003a59   Thumb Code     6  startup_xmc4500.o(.text)
    SystemCoreClockUpdate                    0x08003a7d   Thumb Code   148  system_xmc4500.o(.text)
    SystemCoreSetup                          0x08003d0d   Thumb Code    74  system_xmc4500.o(.text)
    SystemInit                               0x08003d57   Thumb Code    22  system_xmc4500.o(.text)
    __aeabi_memcpy                           0x08003db5   Thumb Code    36  memcpya.o(.text)
    __aeabi_memcpy4                          0x08003db5   Thumb Code     0  memcpya.o(.text)
    __aeabi_memcpy8                          0x08003db5   Thumb Code     0  memcpya.o(.text)
    __scatterload                            0x08003dd9   Thumb Code    28  init.o(.text)
    __scatterload_rt2                        0x08003dd9   Thumb Code     0  init.o(.text)
    __decompress                             0x08003dfd   Thumb Code     0  __dczerorl2.o(.text)
    __decompress1                            0x08003dfd   Thumb Code    86  __dczerorl2.o(.text)
    SVC_Count                                0x08003e54   Data           4  svc_table.o(SVC_TABLE)
    SVC_Table                                0x08003e58   Data           0  svc_table.o(SVC_TABLE)
    __scatterload_copy                       0x08003e59   Thumb Code    14  handlers.o(i.__scatterload_copy)
    __scatterload_null                       0x08003e67   Thumb Code     2  handlers.o(i.__scatterload_null)
    __scatterload_zeroinit                   0x08003e69   Thumb Code    14  handlers.o(i.__scatterload_zeroinit)
    _init_box                                0x08003e77   Thumb Code    70  rt_membox.o(i._init_box)
    dbg_init                                 0x08003ebd   Thumb Code    34  hal_cm.o(i.dbg_init)
    dbg_task_notify                          0x08003eed   Thumb Code    32  hal_cm.o(i.dbg_task_notify)
    dbg_task_switch                          0x08003f0d   Thumb Code    16  hal_cm.o(i.dbg_task_switch)
    isrMessageGet                            0x08003f1d   Thumb Code    42  rt_cmsis.o(i.isrMessageGet)
    isrMessagePut                            0x08003f47   Thumb Code    44  rt_cmsis.o(i.isrMessagePut)
    isrSignalSet                             0x08003f73   Thumb Code    36  rt_cmsis.o(i.isrSignalSet)
    isr_evt_set                              0x08003f99   Thumb Code    34  rt_event.o(i.isr_evt_set)
    isr_mbx_receive                          0x08003fc1   Thumb Code    82  rt_mailbox.o(i.isr_mbx_receive)
    isr_mbx_send                             0x08004013   Thumb Code    14  rt_mailbox.o(i.isr_mbx_send)
    osDelay                                  0x08004021   Thumb Code    18  rt_cmsis.o(i.osDelay)
    osKernelInitialize                       0x08004039   Thumb Code    30  rt_cmsis.o(i.osKernelInitialize)
    osKernelStart                            0x0800405d   Thumb Code    98  rt_cmsis.o(i.osKernelStart)
    osMessageGet                             0x080040c9   Thumb Code    18  rt_cmsis.o(i.osMessageGet)
    osSignalSet                              0x080040e1   Thumb Code    18  rt_cmsis.o(i.osSignalSet)
    osSignalWait                             0x080040f9   Thumb Code    18  rt_cmsis.o(i.osSignalWait)
    osThreadCreate                           0x08004111   Thumb Code    38  rt_cmsis.o(i.osThreadCreate)
    osThreadExit                             0x08004141   Thumb Code    14  rt_cmsis.o(i.osThreadExit)
    osTimerCall                              0x08004159   Thumb Code     8  rt_cmsis.o(i.osTimerCall)
    osTimerThread                            0x08004165   Thumb Code    38  rt_cmsis.o(i.osTimerThread)
    os_tick_init                             0x08004191   Thumb Code    32  rt_system.o(i.os_tick_init)
    os_tick_irqack                           0x080041b9   Thumb Code     2  rt_system.o(i.os_tick_irqack)
    rt_alloc_box                             0x080041bb   Thumb Code    26  rt_membox.o(i.rt_alloc_box)
    rt_alloc_mem                             0x080041d5   Thumb Code    62  rt_memory.o(i.rt_alloc_mem)
    rt_block                                 0x08004215   Thumb Code    48  rt_task.o(i.rt_block)
    rt_chk_robin                             0x0800424d   Thumb Code    60  rt_robin.o(i.rt_chk_robin)
    rt_dec_dly                               0x08004295   Thumb Code   102  rt_list.o(i.rt_dec_dly)
    rt_dispatch                              0x08004305   Thumb Code    60  rt_task.o(i.rt_dispatch)
    rt_dly_wait                              0x08004349   Thumb Code     6  rt_time.o(i.rt_dly_wait)
    rt_evt_psh                               0x08004351   Thumb Code    76  rt_event.o(i.rt_evt_psh)
    rt_evt_set                               0x080043a1   Thumb Code    88  rt_event.o(i.rt_evt_set)
    rt_evt_wait                              0x080043fd   Thumb Code    56  rt_event.o(i.rt_evt_wait)
    rt_free_box                              0x08004439   Thumb Code    32  rt_membox.o(i.rt_free_box)
    rt_free_mem                              0x08004459   Thumb Code    40  rt_memory.o(i.rt_free_mem)
    rt_get_first                             0x08004481   Thumb Code    40  rt_list.o(i.rt_get_first)
    rt_init_mem                              0x080044f9   Thumb Code    26  rt_memory.o(i.rt_init_mem)
    rt_init_robin                            0x08004515   Thumb Code    14  rt_robin.o(i.rt_init_robin)
    rt_init_stack                            0x0800452d   Thumb Code   118  hal_cm.o(i.rt_init_stack)
    rt_mbx_check                             0x080045ad   Thumb Code     8  rt_mailbox.o(i.rt_mbx_check)
    rt_mbx_init                              0x080045b5   Thumb Code    26  rt_mailbox.o(i.rt_mbx_init)
    rt_mbx_psh                               0x080045d1   Thumb Code   236  rt_mailbox.o(i.rt_mbx_psh)
    rt_mbx_wait                              0x080046c1   Thumb Code   174  rt_mailbox.o(i.rt_mbx_wait)
    rt_pop_req                               0x080047b1   Thumb Code   112  rt_system.o(i.rt_pop_req)
    rt_psh_req                               0x0800482d   Thumb Code    22  rt_system.o(i.rt_psh_req)
    rt_psq_enq                               0x0800484d   Thumb Code    88  rt_list.o(i.rt_psq_enq)
    rt_put_dly                               0x080048a9   Thumb Code    68  rt_list.o(i.rt_put_dly)
    rt_put_prio                              0x080048f1   Thumb Code    54  rt_list.o(i.rt_put_prio)
    rt_put_rdy_first                         0x08004929   Thumb Code    14  rt_list.o(i.rt_put_rdy_first)
    rt_resort_prio                           0x0800493d   Thumb Code    46  rt_list.o(i.rt_resort_prio)
    rt_ret_val                               0x08004981   Thumb Code    12  hal_cm.o(i.rt_ret_val)
    rt_ret_val2                              0x0800498d   Thumb Code    16  hal_cm.o(i.rt_ret_val2)
    rt_rmv_dly                               0x0800499d   Thumb Code    40  rt_list.o(i.rt_rmv_dly)
    rt_rmv_list                              0x080049c5   Thumb Code    44  rt_list.o(i.rt_rmv_list)
    rt_sem_psh                               0x080049f5   Thumb Code    48  rt_semaphore.o(i.rt_sem_psh)
    rt_stk_check                             0x08004a29   Thumb Code    28  rt_system.o(i.rt_stk_check)
    rt_switch_req                            0x08004a4d   Thumb Code    30  rt_task.o(i.rt_switch_req)
    rt_sys_init                              0x08004a75   Thumb Code   138  rt_task.o(i.rt_sys_init)
    rt_sys_start                             0x08004b41   Thumb Code   110  rt_task.o(i.rt_sys_start)
    rt_systick                               0x08004bb9   Thumb Code    50  rt_system.o(i.rt_systick)
    rt_tsk_create                            0x08004c41   Thumb Code   112  rt_task.o(i.rt_tsk_create)
    rt_tsk_delete                            0x08004cc1   Thumb Code   342  rt_task.o(i.rt_tsk_delete)
    rt_tsk_prio                              0x08004e35   Thumb Code   108  rt_task.o(i.rt_tsk_prio)
    rt_tsk_self                              0x08004eb1   Thumb Code    12  rt_task.o(i.rt_tsk_self)
    svcDelay                                 0x08004ec1   Thumb Code    20  rt_cmsis.o(i.svcDelay)
    svcKernelInitialize                      0x08004ed5   Thumb Code    80  rt_cmsis.o(i.svcKernelInitialize)
    svcKernelStart                           0x08004f45   Thumb Code    62  rt_cmsis.o(i.svcKernelStart)
    svcMessageCreate                         0x08004f8d   Thumb Code    36  rt_cmsis.o(i.svcMessageCreate)
    svcMessageGet                            0x08004fb1   Thumb Code    58  rt_cmsis.o(i.svcMessageGet)
    svcSignalSet                             0x08004feb   Thumb Code    36  rt_cmsis.o(i.svcSignalSet)
    svcSignalWait                            0x08005011   Thumb Code    80  rt_cmsis.o(i.svcSignalWait)
    svcThreadCreate                          0x08005065   Thumb Code   100  rt_cmsis.o(i.svcThreadCreate)
    svcThreadGetId                           0x080050d5   Thumb Code    22  rt_cmsis.o(i.svcThreadGetId)
    svcThreadTerminate                       0x080050f1   Thumb Code    50  rt_cmsis.o(i.svcThreadTerminate)
    svcTimerCall                             0x08005129   Thumb Code    24  rt_cmsis.o(i.svcTimerCall)
    sysTimerTick                             0x08005141   Thumb Code    84  rt_cmsis.o(i.sysTimerTick)
    os_thread_def_pump                       0x0800519c   Data          16  thread_pump.o(.constdata)
    os_thread_def_webServer                  0x080051ac   Data          16  thread_webserver.o(.constdata)
    os_thread_def_sensors                    0x080051bc   Data          16  thread_sensors.o(.constdata)
    os_maxtaskrun                            0x080051cc   Data           2  rtx_conf_cm.o(.constdata)
    os_stackinfo                             0x080051d0   Data           4  rtx_conf_cm.o(.constdata)
    os_rrobin                                0x080051d4   Data           4  rtx_conf_cm.o(.constdata)
    os_tickfreq                              0x080051d8   Data           4  rtx_conf_cm.o(.constdata)
    os_tickus_i                              0x080051dc   Data           2  rtx_conf_cm.o(.constdata)
    os_tickus_f                              0x080051de   Data           2  rtx_conf_cm.o(.constdata)
    os_trv                                   0x080051e0   Data           4  rtx_conf_cm.o(.constdata)
    os_flags                                 0x080051e4   Data           1  rtx_conf_cm.o(.constdata)
    CMSIS_RTOS_API_Version                   0x080051e8   Data           4  rtx_conf_cm.o(.constdata)
    CMSIS_RTOS_RTX_Version                   0x080051ec   Data           4  rtx_conf_cm.o(.constdata)
    os_clockrate                             0x080051f0   Data           4  rtx_conf_cm.o(.constdata)
    os_timernum                              0x080051f4   Data           4  rtx_conf_cm.o(.constdata)
    mp_tcb_size                              0x080051f8   Data           2  rtx_conf_cm.o(.constdata)
    mp_stk_size                              0x080051fc   Data           4  rtx_conf_cm.o(.constdata)
    os_stack_sz                              0x08005200   Data           4  rtx_conf_cm.o(.constdata)
    os_fifo_size                             0x08005204   Data           1  rtx_conf_cm.o(.constdata)
    os_thread_def_osTimerThread              0x08005208   Data          16  rtx_conf_cm.o(.constdata)
    os_messageQ_def_osTimerMessageQ          0x08005218   Data           8  rtx_conf_cm.o(.constdata)
    mp_tmr_size                              0x08005220   Data           2  rtx_conf_cm.o(.constdata)
    global_iclass_config                     0x08005224   Data           4  adc_measurement_conf.o(.constdata)
    backgnd_config                           0x08005228   Data          12  adc_measurement_conf.o(.constdata)
    CLOCK_XMC4_0_ScuClk                      0x08005234   Data          20  clock_xmc4_conf.o(.constdata)
    CPU_CTRL_XMC4_0_config                   0x08005248   Data           1  cpu_ctrl_xmc4_conf.o(.constdata)
    group_init_handle0                       0x0800524c   Data          20  global_adc_conf.o(.constdata)
    group_init_handle1                       0x08005260   Data          20  global_adc_conf.o(.constdata)
    group_init_handle2                       0x08005274   Data          20  global_adc_conf.o(.constdata)
    group_init_handle3                       0x08005288   Data          20  global_adc_conf.o(.constdata)
    global_config                            0x0800529c   Data          24  global_adc_conf.o(.constdata)
    GLOBAL_SCU_XMC4_0_config                 0x080052b4   Data           4  global_scu_xmc4_conf.o(.constdata)
    PWM_0_Config_Handle                      0x080052b8   Data           8  pwm_conf.o(.constdata)
    PWM_0_gpio_out_config                    0x080052c0   Data          12  pwm_conf.o(.constdata)
    PWM_0_ConfigHandle                       0x080052cc   Data          44  pwm_conf.o(.constdata)
    RTC_DAYS_IN_MONTH                        0x080052f8   Data          52  rtc.o(.constdata)
    RTC_0_config                             0x0800532c   Data          20  rtc_conf.o(.constdata)
    RTC_0_time_alarm_config                  0x08005340   Data          20  rtc_conf.o(.constdata)
    Region$$Table$$Base                      0x08005394   Number         0  anon$$obj.o(Region$$Table)
    Region$$Table$$Limit                     0x080053b4   Number         0  anon$$obj.o(Region$$Table)
    t_pump                                   0x20000000   Data           4  thread_pump.o(.data)
    t_webServer                              0x20000010   Data           4  thread_webserver.o(.data)
    t_sensors                                0x20000014   Data           4  thread_sensors.o(.data)
    osThreadId_osTimerThread                 0x20000020   Data           4  rtx_conf_cm.o(.data)
    osMessageQId_osTimerMessageQ             0x20000024   Data           4  rtx_conf_cm.o(.data)
    os_tmr                                   0x20000028   Data           4  rtx_conf_cm.o(.data)
    m_tmr                                    0x2000002c   Data           4  rtx_conf_cm.o(.data)
    os_thread_def_main                       0x20000030   Data          16  rtx_conf_cm.o(.data)
    Channel_A_ch_config                      0x20000040   Data          12  adc_measurement_conf.o(.data)
    Channel_A_res_config                     0x2000004c   Data           4  adc_measurement_conf.o(.data)
    ADC_MEASUREMENT_Channel_A_handle         0x20000050   Data          16  adc_measurement_conf.o(.data)
    ADC_MEASUREMENT_channel_array            0x20000060   Data           4  adc_measurement_conf.o(.data)
    ADC_MEASUREMENT_0                        0x20000064   Data          28  adc_measurement_conf.o(.data)
    CPU_CTRL_XMC4_0                          0x20000080   Data           8  cpu_ctrl_xmc4_conf.o(.data)
    DIGITAL_IO_0_config                      0x20000088   Data          12  digital_io_conf.o(.data)
    DIGITAL_IO_0                             0x20000094   Data          12  digital_io_conf.o(.data)
    group_0_config                           0x200000a0   Data          12  global_adc_conf.o(.data)
    group_1_config                           0x200000ac   Data          12  global_adc_conf.o(.data)
    group_2_config                           0x200000b8   Data          12  global_adc_conf.o(.data)
    group_3_config                           0x200000c4   Data          12  global_adc_conf.o(.data)
    GLOBAL_ADC_0                             0x200000d0   Data          28  global_adc_conf.o(.data)
    GLOBAL_CCU4_0                            0x200000ec   Data          12  global_ccu4_conf.o(.data)
    GLOBAL_SCU_XMC4_0                        0x200000f8   Data           8  global_scu_xmc4_conf.o(.data)
    PWM_0_config_value                       0x20000100   Data          12  pwm_conf.o(.data)
    PWM_0                                    0x2000010c   Data          12  pwm_conf.o(.data)
    RTC_0                                    0x20000118   Data          12  rtc_conf.o(.data)
    os_initialized                           0x20000124   Data           1  rt_cmsis.o(.data)
    os_running                               0x20000125   Data           1  rt_cmsis.o(.data)
    os_timer_head                            0x20000128   Data           4  rt_cmsis.o(.data)
    os_tsk                                   0x2000012c   Data           8  rt_task.o(.data)
    os_tick_irqn                             0x20000138   Data           4  rt_system.o(.data)
    os_time                                  0x2000013c   Data           4  rt_time.o(.data)
    dbg_msg                                  0x20000140   Data           1  hal_cm.o(.data)
    os_robin                                 0x20000144   Data           8  rt_robin.o(.data)
    mp_tcb                                   0x20000160   Data         376  rtx_conf_cm.o(.bss)
    mp_stk                                   0x200002d8   Data        6160  rtx_conf_cm.o(.bss)
    os_stack_mem                             0x20001ae8   Data        1256  rtx_conf_cm.o(.bss)
    os_fifo                                  0x20001fd0   Data         132  rtx_conf_cm.o(.bss)
    os_active_TCB                            0x20002054   Data          28  rtx_conf_cm.o(.bss)
    os_messageQ_q_osTimerMessageQ            0x20002070   Data          32  rtx_conf_cm.o(.bss)
    event_handler_list                       0x20002090   Data         128  xmc4_scu.o(.bss)
    os_idle_TCB                              0x20002110   Data          52  rt_task.o(.bss)
    os_rdy                                   0x20002144   Data          24  rt_list.o(.bss)
    os_dly                                   0x2000215c   Data          24  rt_list.o(.bss)
    __initial_sp                             0x20002578   Data           0  startup_xmc4500.o(STACK)
    SystemCoreClock                          0x2000ffc0   Data           4  system_xmc4500.o(.ARM.__AT_0x2000FFC0)
    g_chipid                                 0x2000ffc4   Data          16  system_xmc4500.o(.ARM.__AT_0x2000FFC4)



==============================================================================

Memory Map of the image

  Image Entry point : 0x08000201

  Load Region LR_IROM1 (Base: 0x08000000, Size: 0x00005500, Max: 0x00100000, ABSOLUTE, COMPRESSED[0x00005450])

    Execution Region ER_IROM1 (Base: 0x08000000, Size: 0x000053b4, Max: 0x00100000, ABSOLUTE)

    Base Addr    Size         Type   Attr      Idx    E Section Name        Object

    0x08000000   0x00000200   Data   RO         1873    RESET               startup_xmc4500.o
    0x08000200   0x00000000   Code   RO         3125  * .ARM.Collect$$$$00000000  mc_w.l(entry.o)
    0x08000200   0x00000004   Code   RO         3136    .ARM.Collect$$$$00000001  mc_w.l(entry2.o)
    0x08000204   0x00000004   Code   RO         3139    .ARM.Collect$$$$00000004  mc_w.l(entry5.o)
    0x08000208   0x00000000   Code   RO         3141    .ARM.Collect$$$$00000008  mc_w.l(entry7b.o)
    0x08000208   0x00000000   Code   RO         3143    .ARM.Collect$$$$0000000A  mc_w.l(entry8b.o)
    0x08000208   0x00000000   Code   RO         3144    .ARM.Collect$$$$0000000D  mc_w.l(entry10a.o)
    0x08000208   0x00000000   Code   RO         3146    .ARM.Collect$$$$0000000F  mc_w.l(entry11a.o)
    0x08000208   0x00000018   Code   RO          423    .ARM.Collect$$$$000000FF  rtx_conf_cm.o
    0x08000220   0x00000004   Code   RO         3137    .ARM.Collect$$$$00002712  mc_w.l(entry2.o)
    0x08000224   0x00000188   Code   RO         3112    .emb_text           RTX_CM4_IFX.lib(hal_cm4.o)
    0x080003ac   0x00000040   Code   RO            4    .text               main.o
    0x080003ec   0x000000e0   Code   RO          209    .text               thread_pump.o
    0x080004cc   0x00000064   Code   RO          284    .text               thread_webserver.o
    0x08000530   0x000000a4   Code   RO          332    .text               thread_sensors.o
    0x080005d4   0x0000000c   Code   RO          402    .text               logging_system.o
    0x080005e0   0x00000024   Code   RO          424    .text               rtx_conf_cm.o
    0x08000604   0x000001f8   Code   RO          455    .text               adc_measurement.o
    0x080007fc   0x0000002c   Code   RO          525    .text               clock_xmc4.o
    0x08000828   0x0000003c   Code   RO          558    .text               clock_xmc4_conf.o
    0x08000864   0x00000060   Code   RO          585    .text               cpu_ctrl_xmc4.o
    0x080008c4   0x00000040   Code   RO          648    .text               dave.o
    0x08000904   0x00000036   Code   RO          672    .text               digital_io.o
    0x0800093a   0x00000096   Code   RO          730    .text               global_adc.o
    0x080009d0   0x00000046   Code   RO          795    .text               global_ccu4.o
    0x08000a16   0x00000002   PAD
    0x08000a18   0x0000011c   Code   RO          859    .text               global_scu_xmc4.o
    0x08000b34   0x00000456   Code   RO          918    .text               pwm.o
    0x08000f8a   0x00000002   PAD
    0x08000f8c   0x000002f4   Code   RO          987    .text               rtc.o
    0x08001280   0x000000f0   Code   RO         1120    .text               xmc4_gpio.o
    0x08001370   0x00000104   Code   RO         1144    .text               xmc4_rtc.o
    0x08001474   0x00000bf8   Code   RO         1171    .text               xmc4_scu.o
    0x0800206c   0x0000048e   Code   RO         1266    .text               xmc_ccu4.o
    0x080024fa   0x00000002   PAD
    0x080024fc   0x000001bc   Code   RO         1621    .text               xmc_rtc.o
    0x080026b8   0x00000ad0   Code   RO         1818    .text               xmc_vadc.o
    0x08003188   0x000008d8   Code   RO         1874    .text               startup_xmc4500.o
    0x08003a60   0x00000354   Code   RO         1881    .text               system_xmc4500.o
    0x08003db4   0x00000024   Code   RO         3130    .text               mc_w.l(memcpya.o)
    0x08003dd8   0x00000024   Code   RO         3152    .text               mc_w.l(init.o)
    0x08003dfc   0x00000056   Code   RO         3162    .text               mc_w.l(__dczerorl2.o)
    0x08003e52   0x00000002   PAD
    0x08003e54   0x00000004   Code   RO         3122    SVC_TABLE           RTX_CM4_IFX.lib(svc_table.o)
    0x08003e58   0x0000000e   Code   RO         3156    i.__scatterload_copy  mc_w.l(handlers.o)
    0x08003e66   0x00000002   Code   RO         3157    i.__scatterload_null  mc_w.l(handlers.o)
    0x08003e68   0x0000000e   Code   RO         3158    i.__scatterload_zeroinit  mc_w.l(handlers.o)
    0x08003e76   0x00000046   Code   RO         2985    i._init_box         RTX_CM4_IFX.lib(rt_membox.o)
    0x08003ebc   0x00000030   Code   RO         3038    i.dbg_init          RTX_CM4_IFX.lib(hal_cm.o)
    0x08003eec   0x00000020   Code   RO         3039    i.dbg_task_notify   RTX_CM4_IFX.lib(hal_cm.o)
    0x08003f0c   0x00000010   Code   RO         3040    i.dbg_task_switch   RTX_CM4_IFX.lib(hal_cm.o)
    0x08003f1c   0x0000002a   Code   RO         1916    i.isrMessageGet     RTX_CM4_IFX.lib(rt_cmsis.o)
    0x08003f46   0x0000002c   Code   RO         1917    i.isrMessagePut     RTX_CM4_IFX.lib(rt_cmsis.o)
    0x08003f72   0x00000024   Code   RO         1919    i.isrSignalSet      RTX_CM4_IFX.lib(rt_cmsis.o)
    0x08003f96   0x00000002   PAD
    0x08003f98   0x00000028   Code   RO         2713    i.isr_evt_set       RTX_CM4_IFX.lib(rt_event.o)
    0x08003fc0   0x00000052   Code   RO         2831    i.isr_mbx_receive   RTX_CM4_IFX.lib(rt_mailbox.o)
    0x08004012   0x0000000e   Code   RO         2832    i.isr_mbx_send      RTX_CM4_IFX.lib(rt_mailbox.o)
    0x08004020   0x00000018   Code   RO         1920    i.osDelay           RTX_CM4_IFX.lib(rt_cmsis.o)
    0x08004038   0x00000024   Code   RO         1921    i.osKernelInitialize  RTX_CM4_IFX.lib(rt_cmsis.o)
    0x0800405c   0x0000006c   Code   RO         1923    i.osKernelStart     RTX_CM4_IFX.lib(rt_cmsis.o)
    0x080040c8   0x00000018   Code   RO         1932    i.osMessageGet      RTX_CM4_IFX.lib(rt_cmsis.o)
    0x080040e0   0x00000018   Code   RO         1947    i.osSignalSet       RTX_CM4_IFX.lib(rt_cmsis.o)
    0x080040f8   0x00000018   Code   RO         1948    i.osSignalWait      RTX_CM4_IFX.lib(rt_cmsis.o)
    0x08004110   0x00000030   Code   RO         1949    i.osThreadCreate    RTX_CM4_IFX.lib(rt_cmsis.o)
    0x08004140   0x00000018   Code   RO         1950    i.osThreadExit      RTX_CM4_IFX.lib(rt_cmsis.o)
    0x08004158   0x0000000c   Code   RO         1956    i.osTimerCall       RTX_CM4_IFX.lib(rt_cmsis.o)
    0x08004164   0x0000002c   Code   RO         1961    i.osTimerThread     RTX_CM4_IFX.lib(rt_cmsis.o)
    0x08004190   0x00000028   Code   RO         2623    i.os_tick_init      RTX_CM4_IFX.lib(rt_system.o)
    0x080041b8   0x00000002   Code   RO         2624    i.os_tick_irqack    RTX_CM4_IFX.lib(rt_system.o)
    0x080041ba   0x0000001a   Code   RO         2986    i.rt_alloc_box      RTX_CM4_IFX.lib(rt_membox.o)
    0x080041d4   0x0000003e   Code   RO         3014    i.rt_alloc_mem      RTX_CM4_IFX.lib(rt_memory.o)
    0x08004212   0x00000002   PAD
    0x08004214   0x00000038   Code   RO         2538    i.rt_block          RTX_CM4_IFX.lib(rt_task.o)
    0x0800424c   0x00000048   Code   RO         3091    i.rt_chk_robin      RTX_CM4_IFX.lib(rt_robin.o)
    0x08004294   0x00000070   Code   RO         2755    i.rt_dec_dly        RTX_CM4_IFX.lib(rt_list.o)
    0x08004304   0x00000044   Code   RO         2539    i.rt_dispatch       RTX_CM4_IFX.lib(rt_task.o)
    0x08004348   0x00000006   Code   RO         2921    i.rt_dly_wait       RTX_CM4_IFX.lib(rt_time.o)
    0x0800434e   0x00000002   PAD
    0x08004350   0x00000050   Code   RO         2716    i.rt_evt_psh        RTX_CM4_IFX.lib(rt_event.o)
    0x080043a0   0x0000005c   Code   RO         2717    i.rt_evt_set        RTX_CM4_IFX.lib(rt_event.o)
    0x080043fc   0x0000003c   Code   RO         2718    i.rt_evt_wait       RTX_CM4_IFX.lib(rt_event.o)
    0x08004438   0x00000020   Code   RO         2987    i.rt_free_box       RTX_CM4_IFX.lib(rt_membox.o)
    0x08004458   0x00000028   Code   RO         3015    i.rt_free_mem       RTX_CM4_IFX.lib(rt_memory.o)
    0x08004480   0x00000028   Code   RO         2756    i.rt_get_first      RTX_CM4_IFX.lib(rt_list.o)
    0x080044a8   0x00000008   Code   RO         1966    i.rt_id2obj         RTX_CM4_IFX.lib(rt_cmsis.o)
    0x080044b0   0x00000048   Code   RO         2540    i.rt_init_context   RTX_CM4_IFX.lib(rt_task.o)
    0x080044f8   0x0000001a   Code   RO         3016    i.rt_init_mem       RTX_CM4_IFX.lib(rt_memory.o)
    0x08004512   0x00000002   PAD
    0x08004514   0x00000018   Code   RO         3092    i.rt_init_robin     RTX_CM4_IFX.lib(rt_robin.o)
    0x0800452c   0x00000080   Code   RO         3041    i.rt_init_stack     RTX_CM4_IFX.lib(hal_cm.o)
    0x080045ac   0x00000008   Code   RO         2833    i.rt_mbx_check      RTX_CM4_IFX.lib(rt_mailbox.o)
    0x080045b4   0x0000001a   Code   RO         2834    i.rt_mbx_init       RTX_CM4_IFX.lib(rt_mailbox.o)
    0x080045ce   0x00000002   PAD
    0x080045d0   0x000000f0   Code   RO         2835    i.rt_mbx_psh        RTX_CM4_IFX.lib(rt_mailbox.o)
    0x080046c0   0x000000b4   Code   RO         2837    i.rt_mbx_wait       RTX_CM4_IFX.lib(rt_mailbox.o)
    0x08004774   0x0000003c   Code   RO         1967    i.rt_ms2tick        RTX_CM4_IFX.lib(rt_cmsis.o)
    0x080047b0   0x0000007c   Code   RO         2627    i.rt_pop_req        RTX_CM4_IFX.lib(rt_system.o)
    0x0800482c   0x00000020   Code   RO         2628    i.rt_psh_req        RTX_CM4_IFX.lib(rt_system.o)
    0x0800484c   0x0000005c   Code   RO         2758    i.rt_psq_enq        RTX_CM4_IFX.lib(rt_list.o)
    0x080048a8   0x00000048   Code   RO         2759    i.rt_put_dly        RTX_CM4_IFX.lib(rt_list.o)
    0x080048f0   0x00000036   Code   RO         2760    i.rt_put_prio       RTX_CM4_IFX.lib(rt_list.o)
    0x08004926   0x00000002   PAD
    0x08004928   0x00000014   Code   RO         2761    i.rt_put_rdy_first  RTX_CM4_IFX.lib(rt_list.o)
    0x0800493c   0x00000034   Code   RO         2762    i.rt_resort_prio    RTX_CM4_IFX.lib(rt_list.o)
    0x08004970   0x00000010   Code   RO         3042    i.rt_ret_regs       RTX_CM4_IFX.lib(hal_cm.o)
    0x08004980   0x0000000c   Code   RO         3043    i.rt_ret_val        RTX_CM4_IFX.lib(hal_cm.o)
    0x0800498c   0x00000010   Code   RO         3044    i.rt_ret_val2       RTX_CM4_IFX.lib(hal_cm.o)
    0x0800499c   0x00000028   Code   RO         2763    i.rt_rmv_dly        RTX_CM4_IFX.lib(rt_list.o)
    0x080049c4   0x00000030   Code   RO         2764    i.rt_rmv_list       RTX_CM4_IFX.lib(rt_list.o)
    0x080049f4   0x00000034   Code   RO         2882    i.rt_sem_psh        RTX_CM4_IFX.lib(rt_semaphore.o)
    0x08004a28   0x00000024   Code   RO         2630    i.rt_stk_check      RTX_CM4_IFX.lib(rt_system.o)
    0x08004a4c   0x00000028   Code   RO         2541    i.rt_switch_req     RTX_CM4_IFX.lib(rt_task.o)
    0x08004a74   0x000000cc   Code   RO         2542    i.rt_sys_init       RTX_CM4_IFX.lib(rt_task.o)
    0x08004b40   0x00000078   Code   RO         2543    i.rt_sys_start      RTX_CM4_IFX.lib(rt_task.o)
    0x08004bb8   0x00000040   Code   RO         2632    i.rt_systick        RTX_CM4_IFX.lib(rt_system.o)
    0x08004bf8   0x00000012   Code   RO         1968    i.rt_tid2ptcb       RTX_CM4_IFX.lib(rt_cmsis.o)
    0x08004c0a   0x00000002   PAD
    0x08004c0c   0x00000034   Code   RO         1969    i.rt_timer_insert   RTX_CM4_IFX.lib(rt_cmsis.o)
    0x08004c40   0x00000080   Code   RO         2544    i.rt_tsk_create     RTX_CM4_IFX.lib(rt_task.o)
    0x08004cc0   0x00000174   Code   RO         2545    i.rt_tsk_delete     RTX_CM4_IFX.lib(rt_task.o)
    0x08004e34   0x0000007c   Code   RO         2547    i.rt_tsk_prio       RTX_CM4_IFX.lib(rt_task.o)
    0x08004eb0   0x00000010   Code   RO         2548    i.rt_tsk_self       RTX_CM4_IFX.lib(rt_task.o)
    0x08004ec0   0x00000014   Code   RO         1971    i.svcDelay          RTX_CM4_IFX.lib(rt_cmsis.o)
    0x08004ed4   0x00000070   Code   RO         1972    i.svcKernelInitialize  RTX_CM4_IFX.lib(rt_cmsis.o)
    0x08004f44   0x00000048   Code   RO         1974    i.svcKernelStart    RTX_CM4_IFX.lib(rt_cmsis.o)
    0x08004f8c   0x00000024   Code   RO         1977    i.svcMessageCreate  RTX_CM4_IFX.lib(rt_cmsis.o)
    0x08004fb0   0x0000003a   Code   RO         1978    i.svcMessageGet     RTX_CM4_IFX.lib(rt_cmsis.o)
    0x08004fea   0x00000024   Code   RO         1990    i.svcSignalSet      RTX_CM4_IFX.lib(rt_cmsis.o)
    0x0800500e   0x00000002   PAD
    0x08005010   0x00000054   Code   RO         1991    i.svcSignalWait     RTX_CM4_IFX.lib(rt_cmsis.o)
    0x08005064   0x00000070   Code   RO         1992    i.svcThreadCreate   RTX_CM4_IFX.lib(rt_cmsis.o)
    0x080050d4   0x0000001c   Code   RO         1993    i.svcThreadGetId    RTX_CM4_IFX.lib(rt_cmsis.o)
    0x080050f0   0x00000038   Code   RO         1996    i.svcThreadTerminate  RTX_CM4_IFX.lib(rt_cmsis.o)
    0x08005128   0x00000018   Code   RO         1998    i.svcTimerCall      RTX_CM4_IFX.lib(rt_cmsis.o)
    0x08005140   0x0000005c   Code   RO         2007    i.sysTimerTick      RTX_CM4_IFX.lib(rt_cmsis.o)
    0x0800519c   0x00000010   Data   RO          210    .constdata          thread_pump.o
    0x080051ac   0x00000010   Data   RO          285    .constdata          thread_webserver.o
    0x080051bc   0x00000010   Data   RO          334    .constdata          thread_sensors.o
    0x080051cc   0x00000056   Data   RO          426    .constdata          rtx_conf_cm.o
    0x08005222   0x00000002   PAD
    0x08005224   0x00000010   Data   RO          500    .constdata          adc_measurement_conf.o
    0x08005234   0x00000014   Data   RO          559    .constdata          clock_xmc4_conf.o
    0x08005248   0x00000001   Data   RO          623    .constdata          cpu_ctrl_xmc4_conf.o
    0x08005249   0x00000003   PAD
    0x0800524c   0x00000068   Data   RO          767    .constdata          global_adc_conf.o
    0x080052b4   0x00000004   Data   RO          893    .constdata          global_scu_xmc4_conf.o
    0x080052b8   0x00000040   Data   RO          959    .constdata          pwm_conf.o
    0x080052f8   0x00000034   Data   RO          988    .constdata          rtc.o
    0x0800532c   0x00000028   Data   RO         1034    .constdata          rtc_conf.o
    0x08005354   0x00000030   Data   RO         1173    .constdata          xmc4_scu.o
    0x08005384   0x00000010   Data   RO         1819    .constdata          xmc_vadc.o
    0x08005394   0x00000020   Data   RO         3154    Region$$Table       anon$$obj.o


    Execution Region RW_IRAM1 (Base: 0x20000000, Size: 0x0000ffd4, Max: 0x00010000, ABSOLUTE, COMPRESSED[0x0000009c])

    Base Addr    Size         Type   Attr      Idx    E Section Name        Object

    0x20000000   0x00000010   Data   RW          211    .data               thread_pump.o
    0x20000010   0x00000004   Data   RW          286    .data               thread_webserver.o
    0x20000014   0x0000000a   Data   RW          335    .data               thread_sensors.o
    0x2000001e   0x00000002   PAD
    0x20000020   0x00000020   Data   RW          427    .data               rtx_conf_cm.o
    0x20000040   0x00000040   Data   RW          501    .data               adc_measurement_conf.o
    0x20000080   0x00000008   Data   RW          624    .data               cpu_ctrl_xmc4_conf.o
    0x20000088   0x00000018   Data   RW          706    .data               digital_io_conf.o
    0x200000a0   0x0000004c   Data   RW          768    .data               global_adc_conf.o
    0x200000ec   0x0000000c   Data   RW          832    .data               global_ccu4_conf.o
    0x200000f8   0x00000008   Data   RW          894    .data               global_scu_xmc4_conf.o
    0x20000100   0x00000018   Data   RW          960    .data               pwm_conf.o
    0x20000118   0x0000000c   Data   RW         1035    .data               rtc_conf.o
    0x20000124   0x00000008   Data   RW         2010    .data               RTX_CM4_IFX.lib(rt_cmsis.o)
    0x2000012c   0x00000008   Data   RW         2550    .data               RTX_CM4_IFX.lib(rt_task.o)
    0x20000134   0x00000008   Data   RW         2635    .data               RTX_CM4_IFX.lib(rt_system.o)
    0x2000013c   0x00000004   Data   RW         2925    .data               RTX_CM4_IFX.lib(rt_time.o)
    0x20000140   0x00000001   Data   RW         3045    .data               RTX_CM4_IFX.lib(hal_cm.o)
    0x20000141   0x00000003   PAD
    0x20000144   0x00000008   Data   RW         3093    .data               RTX_CM4_IFX.lib(rt_robin.o)
    0x2000014c   0x00000014   Zero   RW          333    .bss                thread_sensors.o
    0x20000160   0x00001f30   Zero   RW          425    .bss                rtx_conf_cm.o
    0x20002090   0x00000080   Zero   RW         1172    .bss                xmc4_scu.o
    0x20002110   0x00000034   Zero   RW         2549    .bss                RTX_CM4_IFX.lib(rt_task.o)
    0x20002144   0x00000030   Zero   RW         2765    .bss                RTX_CM4_IFX.lib(rt_list.o)
    0x20002174   0x00000004   PAD
    0x20002178   0x00000400   Zero   RW         1871    STACK               startup_xmc4500.o
    0x20002578   0x0000da48   PAD
    0x2000ffc0   0x00000004   Zero   RW         1882    .ARM.__AT_0x2000FFC0  system_xmc4500.o
    0x2000ffc4   0x00000010   Zero   RW         1883    .ARM.__AT_0x2000FFC4  system_xmc4500.o


==============================================================================

Image component sizes


      Code (inc. data)   RO Data    RW Data    ZI Data      Debug   Object Name

       504          8          0          0          0      47744   adc_measurement.o
         0          0         16         64          0       1044   adc_measurement_conf.o
        44          4          0          0          0        841   clock_xmc4.o
        60          6         20          0          0        821   clock_xmc4_conf.o
        96         10          0          0          0      28556   cpu_ctrl_xmc4.o
         0          0          1          8          0        301   cpu_ctrl_xmc4_conf.o
        64         16          0          0          0        568   dave.o
        54          0          0          0          0       1859   digital_io.o
         0          0          0         24          0        283   digital_io_conf.o
       150          0          0          0          0      18219   global_adc.o
         0          0        104         76          0       2093   global_adc_conf.o
        70          0          0          0          0      13265   global_ccu4.o
         0          0          0         12          0       1152   global_ccu4_conf.o
       284         14          0          0          0       3619   global_scu_xmc4.o
         0          0          4          8          0        313   global_scu_xmc4_conf.o
        12          0          0          0          0       1067   logging_system.o
        64          6          0          0          0     520072   main.o
      1110          0          0          0          0      21234   pwm.o
         0          0         64         24          0       2716   pwm_conf.o
       756         22         52          0          0       9593   rtc.o
         0          0         40         12          0        641   rtc_conf.o
        60          6         86         32       7984       7334   rtx_conf_cm.o
      2264        688        512          0       1024      11008   startup_xmc4500.o
       852         72          0          0         20       5034   system_xmc4500.o
       224         30         16         16          0       6725   thread_pump.o
       164         38         16         10         20      12031   thread_sensors.o
       100         12         16          4          0       9096   thread_webserver.o
       240         10          0          0          0       1447   xmc4_gpio.o
       260         10          0          0          0       3504   xmc4_rtc.o
      3064        128         48          0        128      27437   xmc4_scu.o
      1166         26          0          0          0      24103   xmc_ccu4.o
       444         10          0          0          0       3595   xmc_rtc.o
      2768         30         16          0          0      35563   xmc_vadc.o

    ----------------------------------------------------------------------
     14880       1146       1048        292      65056     822878   Object Totals
         0          0         32          0          0          0   (incl. Generated)
         6          0          5          2      55880          0   (incl. Padding)

    ----------------------------------------------------------------------

      Code (inc. data)   RO Data    RW Data    ZI Data      Debug   Library Member Name

       268         24          0          1          0       4128   hal_cm.o
       392         28          0          0          0        796   hal_cm4.o
      1358        162          0          8          0      34090   rt_cmsis.o
       272         18          0          0          0       2470   rt_event.o
       530         34          0          0         48       7765   rt_list.o
       550         10          0          0          0       3661   rt_mailbox.o
       128          0          0          0          0       1821   rt_membox.o
       128          0          0          0          0       2203   rt_memory.o
        96         22          0          8          0       1230   rt_robin.o
        52          4          0          0          0        557   rt_semaphore.o
       298         52          0          8          0       6239   rt_system.o
      1200        174          0          8         52       9253   rt_task.o
         6          0          0          4          0        668   rt_time.o
         4          4          0          0          0        200   svc_table.o
        86          0          0          0          0          0   __dczerorl2.o
         0          0          0          0          0          0   entry.o
         0          0          0          0          0          0   entry10a.o
         0          0          0          0          0          0   entry11a.o
         8          4          0          0          0          0   entry2.o
         4          0          0          0          0          0   entry5.o
         0          0          0          0          0          0   entry7b.o
         0          0          0          0          0          0   entry8b.o
        30          0          0          0          0          0   handlers.o
        36          8          0          0          0         68   init.o
        36          0          0          0          0         68   memcpya.o

    ----------------------------------------------------------------------
      5500        544          0         40        104      75217   Library Totals
        18          0          0          3          4          0   (incl. Padding)

    ----------------------------------------------------------------------

      Code (inc. data)   RO Data    RW Data    ZI Data      Debug   Library Name

      5282        532          0         37        100      75081   RTX_CM4_IFX.lib
       200         12          0          0          0        136   mc_w.l

    ----------------------------------------------------------------------
      5500        544          0         40        104      75217   Library Totals

    ----------------------------------------------------------------------

==============================================================================


      Code (inc. data)   RO Data    RW Data    ZI Data      Debug   

     20380       1690       1048        332      65160     885579   Grand Totals
     20380       1690       1048        156      65160     885579   ELF Image Totals (compressed)
     20380       1690       1048        156          0          0   ROM Totals

==============================================================================

    Total RO  Size (Code + RO Data)                21428 (  20.93kB)
    Total RW  Size (RW Data + ZI Data)             65492 (  63.96kB)
    Total ROM Size (Code + RO Data + RW Data)      21584 (  21.08kB)

==============================================================================

