Component: ARM Compiler 5.05 update 1 (build 106) Tool: armlink [4d0efa]

==============================================================================

Section Cross References

    main.o(.text) refers to rt_cmsis.o(i.osDelay) for osDelay
    main.o(.text) refers to rt_cmsis.o(i.osSignalWait) for osSignalWait
    main.o(.text) refers to rt_cmsis.o(i.osKernelInitialize) for osKernelInitialize
    main.o(.text) refers to dave.o(.text) for DAVE_Init
    main.o(.text) refers to thread_pump.o(.text) for Init_Thread_Pump
    main.o(.text) refers to thread_sensors.o(.text) for Init_Thread_Sensors
    main.o(.text) refers to rt_cmsis.o(i.osKernelStart) for osKernelStart
    main.o(.text) refers to rt_cmsis.o(i.osThreadCreate) for osThreadCreate
    main.o(.text) refers to digital_io_conf.o(.data) for DIGITAL_IO_0
    main.o(.text) refers to main.o(.constdata) for os_thread_def_ledOff
    main.o(.text) refers to main.o(.data) for t_ledOff
    main.o(.constdata) refers to main.o(.text) for ledOff
    thread_pump.o(.text) refers to rt_cmsis.o(i.osThreadCreate) for osThreadCreate
    thread_pump.o(.text) refers to rtc.o(.text) for RTC_GetTime
    thread_pump.o(.text) refers to pwm.o(.text) for PWM_SetDutyCycle
    thread_pump.o(.text) refers to rt_cmsis.o(i.osDelay) for osDelay
    thread_pump.o(.text) refers to rt_cmsis.o(i.osSignalWait) for osSignalWait
    thread_pump.o(.text) refers to thread_pump.o(.constdata) for os_thread_def_pump
    thread_pump.o(.text) refers to thread_pump.o(.data) for t_pump
    thread_pump.o(.text) refers to pwm_conf.o(.data) for PWM_0
    thread_pump.o(.constdata) refers to thread_pump.o(.text) for pump
    thread_sensors.o(.text) refers to rt_cmsis.o(i.osThreadCreate) for osThreadCreate
    thread_sensors.o(.text) refers to adc_measurement.o(.text) for ADC_MEASUREMENT_StartConversion
    thread_sensors.o(.text) refers to rt_cmsis.o(i.osDelay) for osDelay
    thread_sensors.o(.text) refers to rt_cmsis.o(i.osSignalSet) for osSignalSet
    thread_sensors.o(.text) refers to thread_sensors.o(.constdata) for os_thread_def_sensors
    thread_sensors.o(.text) refers to thread_sensors.o(.data) for t_sensors
    thread_sensors.o(.text) refers to adc_measurement_conf.o(.data) for ADC_MEASUREMENT_0
    thread_sensors.o(.text) refers to main.o(.data) for t_ledOff
    thread_sensors.o(.text) refers to thread_pump.o(.data) for t_pump
    thread_sensors.o(.constdata) refers to thread_sensors.o(.text) for sensors
    rtx_conf_cm.o(.ARM.Collect$$$$000000FF) refers to rt_cmsis.o(i.osKernelInitialize) for osKernelInitialize
    rtx_conf_cm.o(.ARM.Collect$$$$000000FF) refers to rt_cmsis.o(i.osThreadCreate) for osThreadCreate
    rtx_conf_cm.o(.ARM.Collect$$$$000000FF) refers to rt_cmsis.o(i.osKernelStart) for osKernelStart
    rtx_conf_cm.o(.ARM.Collect$$$$000000FF) refers to rtx_conf_cm.o(.data) for .data
    rtx_conf_cm.o(.constdata) refers to rt_cmsis.o(i.osTimerThread) for osTimerThread
    rtx_conf_cm.o(.constdata) refers to rtx_conf_cm.o(.bss) for os_messageQ_q_osTimerMessageQ
    rtx_conf_cm.o(.data) refers to main.o(.text) for main
    eth_mac.o(.text) refers to xmc4_gpio.o(.text) for XMC_GPIO_Init
    eth_mac.o(.text) refers to xmc_gpio.o(.text) for XMC_GPIO_SetHardwareControl
    eth_mac.o(.text) refers to eth_mac.o(RW_IRAM1) for rx_desc
    eth_mac.o(.text) refers to eth_mac.o(.bss) for handler
    eth_mac.o(.text) refers to system_xmc4500.o(.ARM.__AT_0x2000FFC0) for SystemCoreClock
    eth_mac.o(.text) refers to eth_mac.o(.constdata) for DriverVersion
    eth_mac.o(.text) refers to eth_mac.o(.data) for frame_end
    eth_mac.o(.text) refers to rt_cmsis.o(i.osKernelSysTick) for osKernelSysTick
    eth_mac.o(.text) refers to rtx_conf_cm.o(.constdata) for os_tickus_i
    eth_mac.o(.constdata) refers to eth_mac.o(.text) for ETH_MAC_GetVersion
    eth_phy_ksz8081.o(.text) refers to eth_phy_ksz8081.o(.constdata) for DriverVersion
    eth_phy_ksz8081.o(.text) refers to eth_phy_ksz8081.o(.data) for reg_rd
    eth_phy_ksz8081.o(.constdata) refers to eth_phy_ksz8081.o(.text) for GetVersion
    adc_measurement.o(.text) refers to global_adc.o(.text) for GLOBAL_ADC_Init
    adc_measurement.o(.text) refers to xmc_vadc.o(.text) for XMC_VADC_GLOBAL_InputClassInit
    adc_measurement_conf.o(.data) refers to adc_measurement_conf.o(.constdata) for backgnd_config
    adc_measurement_conf.o(.data) refers to global_adc_conf.o(.data) for GLOBAL_ADC_0
    clock_xmc4_conf.o(.text) refers to xmc4_scu.o(.text) for XMC_SCU_CLOCK_Init
    clock_xmc4_conf.o(.text) refers to clock_xmc4_conf.o(.constdata) for CLOCK_XMC4_0_ScuClk
    dave.o(.text) refers to pwm.o(.text) for PWM_Init
    dave.o(.text) refers to rtc.o(.text) for RTC_Init
    dave.o(.text) refers to adc_measurement.o(.text) for ADC_MEASUREMENT_Init
    dave.o(.text) refers to digital_io.o(.text) for DIGITAL_IO_Init
    dave.o(.text) refers to pwm_conf.o(.data) for PWM_0
    dave.o(.text) refers to rtc_conf.o(.data) for RTC_0
[...]
    _printf_e                                0x00000000   Number         0  stubs.o ABSOLUTE
    _printf_f                                0x00000000   Number         0  stubs.o ABSOLUTE
    _printf_flags                            0x00000000   Number         0  stubs.o ABSOLUTE
    _printf_fp_dec                           0x00000000   Number         0  stubs.o ABSOLUTE
    _printf_fp_hex                           0x00000000   Number         0  stubs.o ABSOLUTE
    _printf_g                                0x00000000   Number         0  stubs.o ABSOLUTE
    _printf_i                                0x00000000   Number         0  stubs.o ABSOLUTE
    _printf_int_dec                          0x00000000   Number         0  stubs.o ABSOLUTE
    _printf_l                                0x00000000   Number         0  stubs.o ABSOLUTE
    _printf_lc                               0x00000000   Number         0  stubs.o ABSOLUTE
    _printf_ll                               0x00000000   Number         0  stubs.o ABSOLUTE
    _printf_lld                              0x00000000   Number         0  stubs.o ABSOLUTE
    _printf_lli                              0x00000000   Number         0  stubs.o ABSOLUTE
    _printf_llo                              0x00000000   Number         0  stubs.o ABSOLUTE
    _printf_llu                              0x00000000   Number         0  stubs.o ABSOLUTE
    _printf_llx                              0x00000000   Number         0  stubs.o ABSOLUTE
    _printf_longlong_dec                     0x00000000   Number         0  stubs.o ABSOLUTE
    _printf_longlong_hex                     0x00000000   Number         0  stubs.o ABSOLUTE
    _printf_longlong_oct                     0x00000000   Number         0  stubs.o ABSOLUTE
    _printf_ls                               0x00000000   Number         0  stubs.o ABSOLUTE
    _printf_mbtowc                           0x00000000   Number         0  stubs.o ABSOLUTE
    _printf_n                                0x00000000   Number         0  stubs.o ABSOLUTE
    _printf_o                                0x00000000   Number         0  stubs.o ABSOLUTE
    _printf_p                                0x00000000   Number         0  stubs.o ABSOLUTE
    _printf_percent                          0x00000000   Number         0  stubs.o ABSOLUTE
    _printf_pre_padding                      0x00000000   Number         0  stubs.o ABSOLUTE
    _printf_return_value                     0x00000000   Number         0  stubs.o ABSOLUTE
    _printf_s                                0x00000000   Number         0  stubs.o ABSOLUTE
    _printf_sizespec                         0x00000000   Number         0  stubs.o ABSOLUTE
    _printf_str                              0x00000000   Number         0  stubs.o ABSOLUTE
    _printf_truncate_signed                  0x00000000   Number         0  stubs.o ABSOLUTE
    _printf_truncate_unsigned                0x00000000   Number         0  stubs.o ABSOLUTE
    _printf_u                                0x00000000   Number         0  stubs.o ABSOLUTE
    _printf_wc                               0x00000000   Number         0  stubs.o ABSOLUTE
    _printf_wctomb                           0x00000000   Number         0  stubs.o ABSOLUTE
    _printf_widthprec                        0x00000000   Number         0  stubs.o ABSOLUTE
    _printf_x                                0x00000000   Number         0  stubs.o ABSOLUTE
    __cpp_initialize__aeabi_                  - Undefined Weak Reference
    __cxa_finalize                            - Undefined Weak Reference
    _clock_init                               - Undefined Weak Reference
    _microlib_exit                            - Undefined Weak Reference
    _scanf_longlong                           - Undefined Weak Reference
    _scanf_real                               - Undefined Weak Reference
    _scanf_string                             - Undefined Weak Reference
    __Vectors_Size                           0x00000200   Number         0  startup_xmc4500.o ABSOLUTE
    __RL_RTX_VER                             0x00000478   Number         0  rt_system.o ABSOLUTE
    __MW_NET_VER                             0x06030000   Number         0  net_version.o ABSOLUTE
    __Vectors                                0x08000000   Data           0  startup_xmc4500.o(RESET)
    __Vectors_End                            0x08000200   Data           0  startup_xmc4500.o(RESET)
    __main                                   0x08000201   Thumb Code     0  entry.o(.ARM.Collect$$$$00000000)
    _main_stk                                0x08000201   Thumb Code     0  entry2.o(.ARM.Collect$$$$00000001)
    _main_scatterload                        0x08000205   Thumb Code     0  entry5.o(.ARM.Collect$$$$00000004)
    __main_after_scatterload                 0x08000209   Thumb Code     0  entry5.o(.ARM.Collect$$$$00000004)
    __rt_final_cpp                           0x08000209   Thumb Code     0  entry10a.o(.ARM.Collect$$$$0000000D)
    __rt_final_exit                          0x08000209   Thumb Code     0  entry11a.o(.ARM.Collect$$$$0000000F)
    _main_clock                              0x08000209   Thumb Code     0  entry7b.o(.ARM.Collect$$$$00000008)
    _main_cpp_init                           0x08000209   Thumb Code     0  entry8b.o(.ARM.Collect$$$$0000000A)
    _main_init                               0x08000209   Thumb Code    18  rtx_conf_cm.o(.ARM.Collect$$$$000000FF)
    rt_set_PSP                               0x08000225   Thumb Code     6  hal_cm4.o(.emb_text)
    rt_get_PSP                               0x0800022b   Thumb Code     6  hal_cm4.o(.emb_text)
    os_set_env                               0x08000231   Thumb Code    24  hal_cm4.o(.emb_text)
    _alloc_box                               0x0800024d   Thumb Code    28  hal_cm4.o(.emb_text)
    _free_box                                0x0800026d   Thumb Code    28  hal_cm4.o(.emb_text)
    SVC_Handler                              0x0800028d   Thumb Code   152  hal_cm4.o(.emb_text)
    SVC_Handler_Veneer                       0x0800028d   Thumb Code     0  hal_cm4.o(.emb_text)
    PendSV_Handler                           0x08000331   Thumb Code   100  hal_cm4.o(.emb_text)
    PendSV_Handler_Veneer                    0x08000331   Thumb Code     0  hal_cm4.o(.emb_text)
    SysTick_Handler                          0x08000399   Thumb Code     8  hal_cm4.o(.emb_text)
    SysTick_Handler_Veneer                   0x08000399   Thumb Code     0  hal_cm4.o(.emb_text)
    OS_Tick_Handler                          0x080003a1   Thumb Code    12  hal_cm4.o(.emb_text)
    ledOff                                   0x080003ad   Thumb Code    64  main.o(.text)
    main                                     0x080003ed   Thumb Code    56  main.o(.text)
    Init_Thread_Pump                         0x08000431   Thumb Code    30  thread_pump.o(.text)
    pump                                     0x0800044f   Thumb Code    60  thread_pump.o(.text)
    Init_Thread_Sensors                      0x08000499   Thumb Code    30  thread_sensors.o(.text)
    sensors                                  0x080004b7   Thumb Code    54  thread_sensors.o(.text)
    os_idle_demon                            0x08000505   Thumb Code     4  rtx_conf_cm.o(.text)
    os_error                                 0x08000509   Thumb Code    32  rtx_conf_cm.o(.text)
    GetEthernetClockFrequency                0x0800060f   Thumb Code    18  eth_mac.o(.text)
    ETH0_0_IRQHandler                        0x08000fb5   Thumb Code    78  eth_mac.o(.text)
    ADC_MEASUREMENT_GetAppVersion            0x0800101d   Thumb Code    36  adc_measurement.o(.text)
    ADC_MEASUREMENT_Init                     0x08001041   Thumb Code   374  adc_measurement.o(.text)
    ADC_MEASUREMENT_StartConversion          0x080011b7   Thumb Code    14  adc_measurement.o(.text)
    ADC_MEASUREMENT_GetResult                0x080011c5   Thumb Code    30  adc_measurement.o(.text)
    ADC_MEASUREMENT_GetDetailedResult        0x080011e3   Thumb Code    28  adc_measurement.o(.text)
    CLOCK_XMC4_GetDriverVersion              0x08001215   Thumb Code    36  clock_xmc4.o(.text)
    OSCHP_GetFrequency                       0x08001239   Thumb Code     4  clock_xmc4.o(.text)
    SystemCoreClockSetup                     0x08001241   Thumb Code    54  clock_xmc4_conf.o(.text)
    DAVE_Init                                0x0800127d   Thumb Code    48  dave.o(.text)
    DIGITAL_IO_GetAppVersion                 0x080012bd   Thumb Code    36  digital_io.o(.text)
    DIGITAL_IO_Init                          0x080012e1   Thumb Code    18  digital_io.o(.text)
    GLOBAL_ADC_GetAppVersion                 0x080012f3   Thumb Code    34  global_adc.o(.text)
    GLOBAL_ADC_Init                          0x08001315   Thumb Code   116  global_adc.o(.text)
    GLOBAL_CCU4_GetAppVersion                0x08001389   Thumb Code    34  global_ccu4.o(.text)
    GLOBAL_CCU4_Init                         0x080013ab   Thumb Code    36  global_ccu4.o(.text)
    PWM_lCCU4_Start                          0x080013cf   Thumb Code    46  pwm.o(.text)
    PWM_Start                                0x080013fd   Thumb Code    16  pwm.o(.text)
    PWM_lCCU4_ConfigInterrupts               0x0800140d   Thumb Code    66  pwm.o(.text)
    PWM_lCCU4_Init                           0x0800144f   Thumb Code   136  pwm.o(.text)
    PWM_lCCU4_Stop                           0x080014d7   Thumb Code    60  pwm.o(.text)
    PWM_lCCU4_SetDutyCycle                   0x08001513   Thumb Code   102  pwm.o(.text)
    PWM_lCCU4_SetFreq                        0x08001579   Thumb Code   166  pwm.o(.text)
    PWM_lCCU4_SetFreqAndDutyCycle            0x0800161f   Thumb Code   180  pwm.o(.text)
    PWM_lCCU4_GetInterruptStatus             0x080016d3   Thumb Code    22  pwm.o(.text)
    PWM_lCCU4_AcknowledgeInterrupt           0x080016e9   Thumb Code    26  pwm.o(.text)
    PWM_lCCU4_SetPassiveLevel                0x08001703   Thumb Code    18  pwm.o(.text)
    PWM_GetAppVersion                        0x08001715   Thumb Code    34  pwm.o(.text)
    PWM_Init                                 0x08001737   Thumb Code    22  pwm.o(.text)
    PWM_Stop                                 0x0800174d   Thumb Code    16  pwm.o(.text)
    PWM_SetDutyCycle                         0x0800175d   Thumb Code    26  pwm.o(.text)
    PWM_SetFreq                              0x08001777   Thumb Code    26  pwm.o(.text)
    PWM_SetFreqAndDutyCycle                  0x08001791   Thumb Code    34  pwm.o(.text)
    PWM_GetTimerStatus                       0x080017b3   Thumb Code    24  pwm.o(.text)
    PWM_GetInterruptStatus                   0x080017cb   Thumb Code    26  pwm.o(.text)
    PWM_AcknowledgeInterrupt                 0x080017e5   Thumb Code    20  pwm.o(.text)
    PWM_SetPassiveLevel                      0x080017f9   Thumb Code    20  pwm.o(.text)
    RTC_GetAppVersion                        0x08001825   Thumb Code    36  rtc.o(.text)
    RTC_lRegister_Callbacks                  0x08001849   Thumb Code    12  rtc.o(.text)
    RTC_lConfigureInterrupts                 0x08001855   Thumb Code    92  rtc.o(.text)
    RTC_Init                                 0x080018b1   Thumb Code    82  rtc.o(.text)
    RTC_SetTime                              0x08001903   Thumb Code    64  rtc.o(.text)
    RTC_GetTime                              0x08001943   Thumb Code    40  rtc.o(.text)
    RTC_SetAlarmTime                         0x0800196b   Thumb Code    64  rtc.o(.text)
    RTC_GetAlarmTime                         0x080019ab   Thumb Code    40  rtc.o(.text)
    RTC_GetFlagStatus                        0x080019d3   Thumb Code    12  rtc.o(.text)
    RTC_lleapyear                            0x080019df   Thumb Code    40  rtc.o(.text)
    RTC_Time                                 0x08001a07   Thumb Code   196  rtc.o(.text)
    XMC_GPIO_Init                            0x08001ae9   Thumb Code   166  xmc4_gpio.o(.text)
    XMC_GPIO_SetOutputStrength               0x08001b8f   Thumb Code    64  xmc4_gpio.o(.text)
    XMC_RTC_Enable                           0x08001bd9   Thumb Code     8  xmc4_rtc.o(.text)
    XMC_RTC_Disable                          0x08001be1   Thumb Code     2  xmc4_rtc.o(.text)
    XMC_RTC_IsEnabled                        0x08001be3   Thumb Code     8  xmc4_rtc.o(.text)
    XMC_RTC_Init                             0x08001beb   Thumb Code   124  xmc4_rtc.o(.text)
    XMC_RTC_EnableEvent                      0x08001c67   Thumb Code    34  xmc4_rtc.o(.text)
    XMC_RTC_DisableEvent                     0x08001c89   Thumb Code    34  xmc4_rtc.o(.text)
    XMC_RTC_ClearEvent                       0x08001cab   Thumb Code    34  xmc4_rtc.o(.text)
    XMC_SCU_GetBootMode                      0x08001cff   Thumb Code    10  xmc4_scu.o(.text)
    XMC_SCU_SetBootMode                      0x08001d09   Thumb Code     6  xmc4_scu.o(.text)
    XMC_SCU_ReadGPR                          0x08001d0f   Thumb Code    12  xmc4_scu.o(.text)
    XMC_SCU_WriteGPR                         0x08001d1b   Thumb Code    10  xmc4_scu.o(.text)
    XMC_SCU_EnableOutOfRangeComparator       0x08001d25   Thumb Code    24  xmc4_scu.o(.text)
    XMC_SCU_DisableOutOfRangeComparator      0x08001d3d   Thumb Code    24  xmc4_scu.o(.text)
    XMC_SCU_CalibrateTemperatureSensor       0x08001d55   Thumb Code    18  xmc4_scu.o(.text)
    XMC_SCU_EnableTemperatureSensor          0x08001d67   Thumb Code    18  xmc4_scu.o(.text)
    XMC_SCU_DisableTemperatureSensor         0x08001d79   Thumb Code    18  xmc4_scu.o(.text)
    XMC_SCU_IsTemperatureSensorEnabled       0x08001d8b   Thumb Code    16  xmc4_scu.o(.text)
    XMC_SCU_IsTemperatureSensorReady         0x08001d9b   Thumb Code    12  xmc4_scu.o(.text)
    XMC_SCU_IsTemperatureSensorBusy          0x08001da7   Thumb Code    12  xmc4_scu.o(.text)
    XMC_SCU_StartTemperatureMeasurement      0x08001db3   Thumb Code    40  xmc4_scu.o(.text)
    XMC_SCU_GetTemperature                   0x08001ddb   Thumb Code    28  xmc4_scu.o(.text)
    XMC_SCU_WriteToRetentionMemory           0x08001df7   Thumb Code    42  xmc4_scu.o(.text)
    XMC_SCU_ReadFromRetentionMemory          0x08001e21   Thumb Code    44  xmc4_scu.o(.text)
    XMC_SCU_CLOCK_SetSystemClockSource       0x08001e4d   Thumb Code    16  xmc4_scu.o(.text)
    XMC_SCU_CLOCK_StepSystemPllFrequency     0x08001e5d   Thumb Code    30  xmc4_scu.o(.text)
    XMC_SCU_CLOCK_SetSystemPllClockSource    0x08001e7b   Thumb Code    42  xmc4_scu.o(.text)
    XMC_SCU_CLOCK_StartSystemPll             0x08001ea5   Thumb Code   344  xmc4_scu.o(.text)
    XMC_SCU_CLOCK_EnableSystemPll            0x08001ffd   Thumb Code    18  xmc4_scu.o(.text)
    XMC_SCU_CLOCK_DisableSystemPll           0x0800200f   Thumb Code    20  xmc4_scu.o(.text)
    XMC_SCU_CLOCK_EnableHighPerformanceOscillator 0x08002023   Thumb Code    86  xmc4_scu.o(.text)
    XMC_SCU_CLOCK_SetPeripheralClockDivider  0x08002079   Thumb Code    22  xmc4_scu.o(.text)
    XMC_SCU_CLOCK_SetCcuClockDivider         0x0800208f   Thumb Code    22  xmc4_scu.o(.text)
    XMC_SCU_CLOCK_SetCpuClockDivider         0x080020a5   Thumb Code    22  xmc4_scu.o(.text)
    XMC_SCU_CLOCK_SetSystemClockDivider      0x080020bb   Thumb Code    70  xmc4_scu.o(.text)
    XMC_SCU_CLOCK_SetBackupClockCalibrationMode 0x08002101   Thumb Code    56  xmc4_scu.o(.text)
    XMC_SCU_HIB_SetStandbyClockSource        0x08002139   Thumb Code    34  xmc4_scu.o(.text)
    XMC_SCU_CLOCK_EnableLowPowerOscillator   0x0800215b   Thumb Code   120  xmc4_scu.o(.text)
    XMC_SCU_HIB_EnableHibernateDomain        0x080021d3   Thumb Code    80  xmc4_scu.o(.text)
    XMC_SCU_CLOCK_Init                       0x08002223   Thumb Code   122  xmc4_scu.o(.text)
    XMC_SCU_TRAP_Enable                      0x0800229d   Thumb Code    18  xmc4_scu.o(.text)
    XMC_SCU_TRAP_Disable                     0x080022af   Thumb Code    18  xmc4_scu.o(.text)
    XMC_SCU_TRAP_GetStatus                   0x080022c1   Thumb Code     8  xmc4_scu.o(.text)
    XMC_SCU_TRAP_Trigger                     0x080022c9   Thumb Code    18  xmc4_scu.o(.text)
    XMC_SCU_TRAP_ClearStatus                 0x080022db   Thumb Code    18  xmc4_scu.o(.text)
    XMC_SCU_PARITY_ClearStatus               0x080022ed   Thumb Code    18  xmc4_scu.o(.text)
    XMC_SCU_PARITY_GetStatus                 0x080022ff   Thumb Code     8  xmc4_scu.o(.text)
    XMC_SCU_PARITY_Enable                    0x08002307   Thumb Code    18  xmc4_scu.o(.text)
    XMC_SCU_PARITY_Disable                   0x08002319   Thumb Code    18  xmc4_scu.o(.text)
    XMC_SCU_PARITY_EnableTrapGeneration      0x0800232b   Thumb Code    18  xmc4_scu.o(.text)
    XMC_SCU_PARITY_DisableTrapGeneration     0x0800233d   Thumb Code    18  xmc4_scu.o(.text)
    XMC_SCU_INTERRUPT_EnableNmiRequest       0x0800234f   Thumb Code    18  xmc4_scu.o(.text)
    XMC_SCU_INTERRUPT_DisableNmiRequest      0x08002361   Thumb Code    18  xmc4_scu.o(.text)
    XMC_SCU_RESET_AssertPeripheralReset      0x08002373   Thumb Code    28  xmc4_scu.o(.text)
    XMC_SCU_RESET_DeassertPeripheralReset    0x0800238f   Thumb Code    28  xmc4_scu.o(.text)
    XMC_SCU_RESET_IsPeripheralResetAsserted  0x080023ab   Thumb Code    28  xmc4_scu.o(.text)
    XMC_SCU_CLOCK_GetSystemPllClockSourceFrequency 0x080023c7   Thumb Code    24  xmc4_scu.o(.text)
    XMC_SCU_CLOCK_GetSystemPllClockFrequency 0x080023df   Thumb Code    94  xmc4_scu.o(.text)
    XMC_SCU_CLOCK_GetUsbPllClockFrequency    0x0800243d   Thumb Code    58  xmc4_scu.o(.text)
    XMC_SCU_CLOCK_GetCcuClockFrequency       0x08002477   Thumb Code    26  xmc4_scu.o(.text)
    XMC_SCU_CLOCK_GetUsbClockFrequency       0x08002491   Thumb Code    58  xmc4_scu.o(.text)
    XMC_SCU_CLOCK_GetEbuClockFrequency       0x080024cb   Thumb Code    62  xmc4_scu.o(.text)
    XMC_SCU_CLOCK_GetWdtClockFrequency       0x08002509   Thumb Code    60  xmc4_scu.o(.text)
    XMC_SCU_CLOCK_GetExternalOutputClockFrequency 0x08002545   Thumb Code    86  xmc4_scu.o(.text)
    XMC_SCU_CLOCK_GetPeripheralClockFrequency 0x0800259b   Thumb Code    20  xmc4_scu.o(.text)
    XMC_SCU_CLOCK_SetUsbClockSource          0x080025af   Thumb Code    20  xmc4_scu.o(.text)
    XMC_SCU_CLOCK_SetWdtClockSource          0x080025c3   Thumb Code    16  xmc4_scu.o(.text)
    XMC_SCU_CLOCK_SetExternalOutputClockSource 0x080025d3   Thumb Code    20  xmc4_scu.o(.text)
    XMC_SCU_HIB_SetRtcClockSource            0x080025e7   Thumb Code    34  xmc4_scu.o(.text)
    XMC_SCU_CLOCK_SetUsbClockDivider         0x08002609   Thumb Code    22  xmc4_scu.o(.text)
    XMC_SCU_CLOCK_SetEbuClockDivider         0x0800261f   Thumb Code    22  xmc4_scu.o(.text)
    XMC_SCU_CLOCK_SetWdtClockDivider         0x08002635   Thumb Code    18  xmc4_scu.o(.text)
    XMC_SCU_CLOCK_SetExternalOutputClockDivider 0x08002647   Thumb Code    24  xmc4_scu.o(.text)
    XMC_SCU_CLOCK_EnableClock                0x0800265f   Thumb Code     8  xmc4_scu.o(.text)
    XMC_SCU_CLOCK_DisableClock               0x08002667   Thumb Code     8  xmc4_scu.o(.text)
    XMC_SCU_CLOCK_IsClockEnabled             0x0800266f   Thumb Code    20  xmc4_scu.o(.text)
    XMC_SCU_CLOCK_EnableUsbPll               0x08002683   Thumb Code    14  xmc4_scu.o(.text)
    XMC_SCU_CLOCK_DisableUsbPll              0x08002691   Thumb Code    16  xmc4_scu.o(.text)
    XMC_SCU_CLOCK_StartUsbPll                0x080026a1   Thumb Code    84  xmc4_scu.o(.text)
    XMC_SCU_CLOCK_StopUsbPll                 0x080026f5   Thumb Code    10  xmc4_scu.o(.text)
    XMC_SCU_POWER_EnableUsb                  0x080026ff   Thumb Code    32  xmc4_scu.o(.text)
    XMC_SCU_POWER_DisableUsb                 0x0800271f   Thumb Code    34  xmc4_scu.o(.text)
    XMC_SCU_CLOCK_IsUsbPllLocked             0x08002741   Thumb Code    12  xmc4_scu.o(.text)
    XMC_SCU_HIB_DisableHibernateDomain       0x0800274d   Thumb Code    36  xmc4_scu.o(.text)
    XMC_SCU_HIB_IsHibernateDomainEnabled     0x08002771   Thumb Code    32  xmc4_scu.o(.text)
    XMC_SCU_HIB_EnableInternalSlowClock      0x08002791   Thumb Code    34  xmc4_scu.o(.text)
    XMC_SCU_HIB_DisableInternalSlowClock     0x080027b3   Thumb Code    34  xmc4_scu.o(.text)
    XMC_SCU_CLOCK_DisableLowPowerOscillator  0x080027d5   Thumb Code    34  xmc4_scu.o(.text)
    XMC_SCU_CLOCK_DisableHighPerformanceOscillator 0x080027f7   Thumb Code    18  xmc4_scu.o(.text)
    XMC_SCU_CLOCK_StopSystemPll              0x08002809   Thumb Code    18  xmc4_scu.o(.text)
    XMC_SCU_CLOCK_IsSystemPllLocked          0x0800281b   Thumb Code    12  xmc4_scu.o(.text)
    XMC_SCU_INTERRUPT_SetEventHandler        0x08002827   Thumb Code    38  xmc4_scu.o(.text)
    XMC_SCU_IRQHandler                       0x0800284d   Thumb Code    76  xmc4_scu.o(.text)
    XMC_CCU4_GetDriverVersion                0x080028d5   Thumb Code    36  xmc_ccu4.o(.text)
    XMC_CCU4_lDeassertReset                  0x080028f9   Thumb Code    54  xmc_ccu4.o(.text)
    XMC_CCU4_EnableModule                    0x0800292f   Thumb Code    18  xmc_ccu4.o(.text)
    XMC_CCU4_lAssertReset                    0x08002941   Thumb Code    54  xmc_ccu4.o(.text)
    XMC_CCU4_DisableModule                   0x08002977   Thumb Code    12  xmc_ccu4.o(.text)
    XMC_CCU4_Init                            0x08002983   Thumb Code    26  xmc_ccu4.o(.text)
    XMC_CCU4_SetModuleClock                  0x0800299d   Thumb Code    16  xmc_ccu4.o(.text)
    XMC_CCU4_SetMultiChannelShadowTransferMode 0x080029ad   Thumb Code    14  xmc_ccu4.o(.text)
    XMC_CCU4_SLICE_CompareInit               0x080029bb   Thumb Code    48  xmc_ccu4.o(.text)
    XMC_CCU4_SLICE_CaptureInit               0x080029eb   Thumb Code    32  xmc_ccu4.o(.text)
    XMC_CCU4_SLICE_StartConfig               0x08002a0b   Thumb Code    36  xmc_ccu4.o(.text)
    XMC_CCU4_SLICE_StopConfig                0x08002a2f   Thumb Code    32  xmc_ccu4.o(.text)
    XMC_CCU4_SLICE_LoadConfig                0x08002a4f   Thumb Code    16  xmc_ccu4.o(.text)
    XMC_CCU4_SLICE_ModulationConfig          0x08002a5f   Thumb Code    52  xmc_ccu4.o(.text)
    XMC_CCU4_SLICE_CountConfig               0x08002a93   Thumb Code    16  xmc_ccu4.o(.text)
    XMC_CCU4_SLICE_GateConfig                0x08002aa3   Thumb Code    16  xmc_ccu4.o(.text)
    XMC_CCU4_SLICE_Capture0Config            0x08002ab3   Thumb Code    16  xmc_ccu4.o(.text)
    XMC_CCU4_SLICE_Capture1Config            0x08002ac3   Thumb Code    16  xmc_ccu4.o(.text)
    XMC_CCU4_SLICE_DirectionConfig           0x08002ad3   Thumb Code    16  xmc_ccu4.o(.text)
    XMC_CCU4_SLICE_StatusBitOverrideConfig   0x08002ae3   Thumb Code    14  xmc_ccu4.o(.text)
    XMC_CCU4_SLICE_TrapConfig                0x08002af1   Thumb Code    52  xmc_ccu4.o(.text)
    XMC_CCU4_SLICE_ConfigureStatusBitOverrideEvent 0x08002b25   Thumb Code    90  xmc_ccu4.o(.text)
    XMC_CCU4_SLICE_ConfigureEvent            0x08002b7f   Thumb Code    94  xmc_ccu4.o(.text)
    XMC_CCU4_SLICE_SetInput                  0x08002bdd   Thumb Code    34  xmc_ccu4.o(.text)
    XMC_CCU4_SLICE_SetTimerRepeatMode        0x08002bff   Thumb Code    22  xmc_ccu4.o(.text)
    XMC_CCU4_SLICE_SetTimerCountingMode      0x08002c15   Thumb Code    22  xmc_ccu4.o(.text)
    XMC_CCU4_SLICE_GetCaptureRegisterValue   0x08002c2b   Thumb Code    12  xmc_ccu4.o(.text)
    XMC_CCU4_SLICE_GetLastCapturedTimerValue 0x08002c37   Thumb Code    82  xmc_ccu4.o(.text)
    XMC_CCU4_GetCapturedValueFromFifo        0x08002c89   Thumb Code    20  xmc_ccu4.o(.text)
    XMC_CCU4_SLICE_EnableDithering           0x08002c9d   Thumb Code    36  xmc_ccu4.o(.text)
    XMC_CCU4_SLICE_SetPrescaler              0x08002cc1   Thumb Code    16  xmc_ccu4.o(.text)
    XMC_CCU4_EnableShadowTransfer            0x08002cd1   Thumb Code    24  xmc_ccu4.o(.text)
    XMC_CCU4_SLICE_GetEvent                  0x08002ce9   Thumb Code    22  xmc_ccu4.o(.text)
    XMC_CCU4_SLICE_SetInterruptNode          0x08002cff   Thumb Code    86  xmc_ccu4.o(.text)
    XMC_CCU4_SLICE_SetPassiveLevel           0x08002d55   Thumb Code    14  xmc_ccu4.o(.text)
    XMC_GPIO_GetDriverVersion                0x08002d63   Thumb Code    36  xmc_gpio.o(.text)
    XMC_GPIO_SetMode                         0x08002d87   Thumb Code    64  xmc_gpio.o(.text)
    XMC_GPIO_SetHardwareControl              0x08002dc7   Thumb Code    28  xmc_gpio.o(.text)
    XMC_RTC_GetDriverVersion                 0x08002de5   Thumb Code    36  xmc_rtc.o(.text)
    XMC_RTC_Start                            0x08002e09   Thumb Code    30  xmc_rtc.o(.text)
    XMC_RTC_Stop                             0x08002e27   Thumb Code    30  xmc_rtc.o(.text)
    XMC_RTC_SetPrescaler                     0x08002e45   Thumb Code    32  xmc_rtc.o(.text)
    XMC_RTC_SetTime                          0x08002e65   Thumb Code    50  xmc_rtc.o(.text)
    XMC_RTC_GetTime                          0x08002e97   Thumb Code    18  xmc_rtc.o(.text)
    XMC_RTC_GetTimeStdFormat                 0x08002ea9   Thumb Code    82  xmc_rtc.o(.text)
    XMC_RTC_SetAlarm                         0x08002efb   Thumb Code    50  xmc_rtc.o(.text)
    XMC_RTC_GetAlarm                         0x08002f2d   Thumb Code    18  xmc_rtc.o(.text)
    XMC_RTC_GetAlarmStdFormat                0x08002f3f   Thumb Code    74  xmc_rtc.o(.text)
    XMC_RTC_GetEventStatus                   0x08002f89   Thumb Code     8  xmc_rtc.o(.text)
    XMC_VADC_GetDriverVersion                0x08002fa1   Thumb Code    36  xmc_vadc.o(.text)
    XMC_VADC_GLOBAL_EnableModule             0x08002fc5   Thumb Code    10  xmc_vadc.o(.text)
    XMC_VADC_GLOBAL_DisableModule            0x08002fcf   Thumb Code    10  xmc_vadc.o(.text)
    XMC_VADC_GLOBAL_Init                     0x08002fd9   Thumb Code    50  xmc_vadc.o(.text)
    XMC_VADC_GLOBAL_InputClassInit           0x0800300b   Thumb Code    38  xmc_vadc.o(.text)
    XMC_VADC_GLOBAL_StartupCalibration       0x08003031   Thumb Code    56  xmc_vadc.o(.text)
    XMC_VADC_GLOBAL_SetBoundaries            0x08003069   Thumb Code    18  xmc_vadc.o(.text)
    XMC_VADC_GLOBAL_SetCompareValue          0x0800307b   Thumb Code    26  xmc_vadc.o(.text)
    XMC_VADC_GLOBAL_GetCompareResult         0x08003095   Thumb Code    22  xmc_vadc.o(.text)
    XMC_VADC_GLOBAL_BindGroupToEMux          0x080030ab   Thumb Code    44  xmc_vadc.o(.text)
    XMC_VADC_GLOBAL_SetResultEventInterruptNode 0x080030d7   Thumb Code    36  xmc_vadc.o(.text)
    XMC_VADC_GLOBAL_BackgroundSetReqSrcEventInterruptNode 0x080030fb   Thumb Code    34  xmc_vadc.o(.text)
    XMC_VADC_GROUP_InputClassInit            0x0800311d   Thumb Code   110  xmc_vadc.o(.text)
    XMC_VADC_GROUP_Init                      0x0800318b   Thumb Code    84  xmc_vadc.o(.text)
    XMC_VADC_GROUP_SetPowerMode              0x080031df   Thumb Code    18  xmc_vadc.o(.text)
    XMC_VADC_GROUP_SetSyncSlave              0x080031f1   Thumb Code    26  xmc_vadc.o(.text)
    XMC_VADC_GROUP_SetSyncMaster             0x0800320b   Thumb Code    14  xmc_vadc.o(.text)
    XMC_VADC_GROUP_CheckSlaveReadiness       0x08003219   Thumb Code    50  xmc_vadc.o(.text)
    XMC_VADC_GROUP_IgnoreSlaveReadiness      0x0800324b   Thumb Code    50  xmc_vadc.o(.text)
    XMC_VADC_GROUP_EnableChannelSyncRequest  0x0800327d   Thumb Code    34  xmc_vadc.o(.text)
    XMC_VADC_GROUP_DisableChannelSyncRequest 0x0800329f   Thumb Code    34  xmc_vadc.o(.text)
    XMC_VADC_GROUP_IsConverterBusy           0x080032c1   Thumb Code    16  xmc_vadc.o(.text)
    XMC_VADC_GROUP_SetBoundaries             0x080032d1   Thumb Code    28  xmc_vadc.o(.text)
    XMC_VADC_GROUP_TriggerServiceRequest     0x080032ed   Thumb Code    36  xmc_vadc.o(.text)
    XMC_VADC_GROUP_ScanInit                  0x08003311   Thumb Code   114  xmc_vadc.o(.text)
    XMC_VADC_GROUP_ScanSelectTrigger         0x08003383   Thumb Code    24  xmc_vadc.o(.text)
    XMC_VADC_GROUP_ScanSelectGating          0x0800339b   Thumb Code    24  xmc_vadc.o(.text)
    XMC_VADC_GROUP_ScanSequenceAbort         0x080033b3   Thumb Code    94  xmc_vadc.o(.text)
    XMC_VADC_GROUP_ScanGetNumChannelsPending 0x08003411   Thumb Code    38  xmc_vadc.o(.text)
    XMC_VADC_GROUP_ScanSetReqSrcEventInterruptNode 0x08003437   Thumb Code    20  xmc_vadc.o(.text)
    XMC_VADC_GLOBAL_BackgroundInit           0x0800344b   Thumb Code   168  xmc_vadc.o(.text)
    XMC_VADC_GLOBAL_BackgroundSelectTrigger  0x080034f3   Thumb Code    24  xmc_vadc.o(.text)
    XMC_VADC_GLOBAL_BackgroundSelectGating   0x0800350b   Thumb Code    24  xmc_vadc.o(.text)
    XMC_VADC_GLOBAL_BackgroundAbortSequence  0x08003523   Thumb Code   104  xmc_vadc.o(.text)
    XMC_VADC_GLOBAL_BackgroundGetNumChannelsPending 0x0800358b   Thumb Code    56  xmc_vadc.o(.text)
    XMC_VADC_GROUP_QueueInit                 0x080035c3   Thumb Code   108  xmc_vadc.o(.text)
    XMC_VADC_GROUP_QueueSelectTrigger        0x0800362f   Thumb Code    24  xmc_vadc.o(.text)
    XMC_VADC_GROUP_QueueSelectGating         0x08003647   Thumb Code    24  xmc_vadc.o(.text)
    XMC_VADC_GROUP_QueueGetLength            0x0800365f   Thumb Code    38  xmc_vadc.o(.text)
    XMC_VADC_GROUP_QueueAbortSequence        0x08003685   Thumb Code    80  xmc_vadc.o(.text)
    XMC_VADC_GROUP_QueueRemoveChannel        0x080036d5   Thumb Code   102  xmc_vadc.o(.text)
    XMC_VADC_GROUP_QueueGetNextChannel       0x0800373b   Thumb Code    48  xmc_vadc.o(.text)
    XMC_VADC_GROUP_QueueGetInterruptedChannel 0x0800376b   Thumb Code    28  xmc_vadc.o(.text)
    XMC_VADC_GROUP_QueueSetReqSrcEventInterruptNode 0x08003787   Thumb Code    18  xmc_vadc.o(.text)
    XMC_VADC_GROUP_ChannelInit               0x08003799   Thumb Code    96  xmc_vadc.o(.text)
    XMC_VADC_GROUP_SetChannelAlias           0x080037f9   Thumb Code    38  xmc_vadc.o(.text)
    XMC_VADC_GROUP_ChannelIsResultOutOfBounds 0x0800381f   Thumb Code    54  xmc_vadc.o(.text)
    XMC_VADC_GROUP_ChannelSetInputReference  0x08003855   Thumb Code    26  xmc_vadc.o(.text)
    XMC_VADC_GROUP_ChannelSetResultRegister  0x0800386f   Thumb Code    26  xmc_vadc.o(.text)
    XMC_VADC_GROUP_ChannelGetResultRegister  0x08003889   Thumb Code    16  xmc_vadc.o(.text)
    XMC_VADC_GROUP_ChannelTriggerEvent       0x08003899   Thumb Code    16  xmc_vadc.o(.text)
    XMC_VADC_GROUP_ChannelSetEventInterruptNode 0x080038a9   Thumb Code    30  xmc_vadc.o(.text)
    XMC_VADC_GROUP_ChannelTriggerEventGenCriteria 0x080038c7   Thumb Code    26  xmc_vadc.o(.text)
    XMC_VADC_GROUP_AddResultToFifo           0x080038e1   Thumb Code    22  xmc_vadc.o(.text)
    XMC_VADC_GROUP_SetResultFastCompareValue 0x080038f7   Thumb Code    26  xmc_vadc.o(.text)
    XMC_VADC_GROUP_GetFastCompareResult      0x08003911   Thumb Code    28  xmc_vadc.o(.text)
    XMC_VADC_GROUP_SetResultInterruptNode    0x0800392d   Thumb Code    68  xmc_vadc.o(.text)
    XMC_VADC_GROUP_IsResultRegisterFifoHead  0x08003971   Thumb Code    46  xmc_vadc.o(.text)
    XMC_VADC_GROUP_GetResultFifoTail         0x0800399f   Thumb Code    94  xmc_vadc.o(.text)
    XMC_VADC_GROUP_GetResultFifoHead         0x080039fd   Thumb Code    60  xmc_vadc.o(.text)
    Reset_Handler                            0x08003a71   Thumb Code    28  startup_xmc4500.o(.text)
    NMI_Handler                              0x08003a8d   Thumb Code     2  startup_xmc4500.o(.text)
    NMI_Handler_Veneer                       0x08003a8f   Thumb Code    42  startup_xmc4500.o(.text)
    HardFault_Handler                        0x08003ab9   Thumb Code     2  startup_xmc4500.o(.text)
    HardFault_Handler_Veneer                 0x08003abb   Thumb Code    18  startup_xmc4500.o(.text)
    MemManage_Handler                        0x08003acd   Thumb Code     2  startup_xmc4500.o(.text)
    MemManage_Handler_Veneer                 0x08003acf   Thumb Code    18  startup_xmc4500.o(.text)
    BusFault_Handler                         0x08003ae1   Thumb Code     2  startup_xmc4500.o(.text)
    BusFault_Handler_Veneer                  0x08003ae3   Thumb Code    18  startup_xmc4500.o(.text)
    UsageFault_Handler                       0x08003af5   Thumb Code     2  startup_xmc4500.o(.text)
    UsageFault_Handler_Veneer                0x08003af7   Thumb Code    18  startup_xmc4500.o(.text)
    DebugMon_Handler                         0x08003b1d   Thumb Code     2  startup_xmc4500.o(.text)
    DebugMon_Handler_Veneer                  0x08003b1f   Thumb Code    18  startup_xmc4500.o(.text)
    SCU_0_IRQHandler                         0x08003b59   Thumb Code     2  startup_xmc4500.o(.text)
    SCU_0_IRQHandler_Veneer                  0x08003b5b   Thumb Code    18  startup_xmc4500.o(.text)
    ERU0_0_IRQHandler                        0x08003b6d   Thumb Code     2  startup_xmc4500.o(.text)
    ERU0_0_IRQHandler_Veneer                 0x08003b6f   Thumb Code    18  startup_xmc4500.o(.text)
    ERU0_1_IRQHandler                        0x08003b81   Thumb Code     2  startup_xmc4500.o(.text)
    ERU0_1_IRQHandler_Veneer                 0x08003b83   Thumb Code    18  startup_xmc4500.o(.text)
    ERU0_2_IRQHandler                        0x08003b95   Thumb Code     2  startup_xmc4500.o(.text)
    ERU0_2_IRQHandler_Veneer                 0x08003b97   Thumb Code    18  startup_xmc4500.o(.text)
    ERU0_3_IRQHandler                        0x08003ba9   Thumb Code     2  startup_xmc4500.o(.text)
    ERU0_3_IRQHandler_Veneer                 0x08003bab   Thumb Code    18  startup_xmc4500.o(.text)
    ERU1_0_IRQHandler                        0x08003bbd   Thumb Code     2  startup_xmc4500.o(.text)
    ERU1_0_IRQHandler_Veneer                 0x08003bbf   Thumb Code    18  startup_xmc4500.o(.text)
    ERU1_1_IRQHandler                        0x08003bd1   Thumb Code     2  startup_xmc4500.o(.text)
    ERU1_1_IRQHandler_Veneer                 0x08003bd3   Thumb Code    18  startup_xmc4500.o(.text)
    ERU1_2_IRQHandler                        0x08003be5   Thumb Code     2  startup_xmc4500.o(.text)
    ERU1_2_IRQHandler_Veneer                 0x08003be7   Thumb Code    18  startup_xmc4500.o(.text)
    ERU1_3_IRQHandler                        0x08003bf9   Thumb Code     2  startup_xmc4500.o(.text)
    ERU1_3_IRQHandler_Veneer                 0x08003bfb   Thumb Code    18  startup_xmc4500.o(.text)
    PMU0_0_IRQHandler                        0x08003c0d   Thumb Code     2  startup_xmc4500.o(.text)
    PMU0_0_IRQHandler_Veneer                 0x08003c0f   Thumb Code    18  startup_xmc4500.o(.text)
    VADC0_C0_0_IRQHandler                    0x08003c21   Thumb Code     2  startup_xmc4500.o(.text)
    VADC0_C0_0_IRQHandler_Veneer             0x08003c23   Thumb Code    18  startup_xmc4500.o(.text)
    VADC0_C0_1_IRQHandler                    0x08003c35   Thumb Code     2  startup_xmc4500.o(.text)
    VADC0_C0_1_IRQHandler_Veneer             0x08003c37   Thumb Code    18  startup_xmc4500.o(.text)
    VADC0_C0_2_IRQHandler                    0x08003c49   Thumb Code     2  startup_xmc4500.o(.text)
    VADC0_C0_2_IRQHandler_Veneer             0x08003c4b   Thumb Code    18  startup_xmc4500.o(.text)
    VADC0_C0_3_IRQHandler                    0x08003c5d   Thumb Code     2  startup_xmc4500.o(.text)
    VADC0_C0_3_IRQHandler_Veneer             0x08003c5f   Thumb Code    18  startup_xmc4500.o(.text)
    VADC0_G0_0_IRQHandler                    0x08003c71   Thumb Code     2  startup_xmc4500.o(.text)
    VADC0_G0_0_IRQHandler_Veneer             0x08003c73   Thumb Code    18  startup_xmc4500.o(.text)
    VADC0_G0_1_IRQHandler                    0x08003c85   Thumb Code     2  startup_xmc4500.o(.text)
    VADC0_G0_1_IRQHandler_Veneer             0x08003c87   Thumb Code    18  startup_xmc4500.o(.text)
    VADC0_G0_2_IRQHandler                    0x08003c99   Thumb Code     2  startup_xmc4500.o(.text)
    VADC0_G0_2_IRQHandler_Veneer             0x08003c9b   Thumb Code    18  startup_xmc4500.o(.text)
    VADC0_G0_3_IRQHandler                    0x08003cad   Thumb Code     2  startup_xmc4500.o(.text)
    VADC0_G0_3_IRQHandler_Veneer             0x08003caf   Thumb Code    18  startup_xmc4500.o(.text)
    VADC0_G1_0_IRQHandler                    0x08003cc1   Thumb Code     2  startup_xmc4500.o(.text)
    VADC0_G1_0_IRQHandler_Veneer             0x08003cc3   Thumb Code    18  startup_xmc4500.o(.text)
    VADC0_G1_1_IRQHandler                    0x08003cd5   Thumb Code     2  startup_xmc4500.o(.text)
    VADC0_G1_1_IRQHandler_Veneer             0x08003cd7   Thumb Code    18  startup_xmc4500.o(.text)
    VADC0_G1_2_IRQHandler                    0x08003ce9   Thumb Code     2  startup_xmc4500.o(.text)
    VADC0_G1_2_IRQHandler_Veneer             0x08003ceb   Thumb Code    18  startup_xmc4500.o(.text)
    VADC0_G1_3_IRQHandler                    0x08003cfd   Thumb Code     2  startup_xmc4500.o(.text)
    VADC0_G1_3_IRQHandler_Veneer             0x08003cff   Thumb Code    18  startup_xmc4500.o(.text)
    VADC0_G2_0_IRQHandler                    0x08003d11   Thumb Code     2  startup_xmc4500.o(.text)
    VADC0_G2_0_IRQHandler_Veneer             0x08003d13   Thumb Code    18  startup_xmc4500.o(.text)
    VADC0_G2_1_IRQHandler                    0x08003d25   Thumb Code     2  startup_xmc4500.o(.text)
    VADC0_G2_1_IRQHandler_Veneer             0x08003d27   Thumb Code    18  startup_xmc4500.o(.text)
    VADC0_G2_2_IRQHandler                    0x08003d39   Thumb Code     2  startup_xmc4500.o(.text)
    VADC0_G2_2_IRQHandler_Veneer             0x08003d3b   Thumb Code    18  startup_xmc4500.o(.text)
    VADC0_G2_3_IRQHandler                    0x08003d4d   Thumb Code     2  startup_xmc4500.o(.text)
    VADC0_G2_3_IRQHandler_Veneer             0x08003d4f   Thumb Code    18  startup_xmc4500.o(.text)
    VADC0_G3_0_IRQHandler                    0x08003d61   Thumb Code     2  startup_xmc4500.o(.text)
    VADC0_G3_0_IRQHandler_Veneer             0x08003d63   Thumb Code    18  startup_xmc4500.o(.text)
    VADC0_G3_1_IRQHandler                    0x08003d75   Thumb Code     2  startup_xmc4500.o(.text)
    VADC0_G3_1_IRQHandler_Veneer             0x08003d77   Thumb Code    18  startup_xmc4500.o(.text)
    VADC0_G3_2_IRQHandler                    0x08003d89   Thumb Code     2  startup_xmc4500.o(.text)
    VADC0_G3_2_IRQHandler_Veneer             0x08003d8b   Thumb Code    18  startup_xmc4500.o(.text)
    VADC0_G3_3_IRQHandler                    0x08003d9d   Thumb Code     2  startup_xmc4500.o(.text)
    VADC0_G3_3_IRQHandler_Veneer             0x08003d9f   Thumb Code    18  startup_xmc4500.o(.text)
    DSD0_0_IRQHandler                        0x08003db1   Thumb Code     2  startup_xmc4500.o(.text)
    DSD0_0_IRQHandler_Veneer                 0x08003db3   Thumb Code    18  startup_xmc4500.o(.text)
    DSD0_1_IRQHandler                        0x08003dc5   Thumb Code     2  startup_xmc4500.o(.text)
    DSD0_1_IRQHandler_Veneer                 0x08003dc7   Thumb Code    18  startup_xmc4500.o(.text)
    DSD0_2_IRQHandler                        0x08003dd9   Thumb Code     2  startup_xmc4500.o(.text)
    DSD0_2_IRQHandler_Veneer                 0x08003ddb   Thumb Code    18  startup_xmc4500.o(.text)
    DSD0_3_IRQHandler                        0x08003ded   Thumb Code     2  startup_xmc4500.o(.text)
    DSD0_3_IRQHandler_Veneer                 0x08003def   Thumb Code    18  startup_xmc4500.o(.text)
    DSD0_4_IRQHandler                        0x08003e01   Thumb Code     2  startup_xmc4500.o(.text)
    DSD0_4_IRQHandler_Veneer                 0x08003e03   Thumb Code    18  startup_xmc4500.o(.text)
    DSD0_5_IRQHandler                        0x08003e15   Thumb Code     2  startup_xmc4500.o(.text)
    DSD0_5_IRQHandler_Veneer                 0x08003e17   Thumb Code    18  startup_xmc4500.o(.text)
    DSD0_6_IRQHandler                        0x08003e29   Thumb Code     2  startup_xmc4500.o(.text)
    DSD0_6_IRQHandler_Veneer                 0x08003e2b   Thumb Code    18  startup_xmc4500.o(.text)
    DSD0_7_IRQHandler                        0x08003e3d   Thumb Code     2  startup_xmc4500.o(.text)
    DSD0_7_IRQHandler_Veneer                 0x08003e3f   Thumb Code    18  startup_xmc4500.o(.text)
    DAC0_0_IRQHandler                        0x08003e51   Thumb Code     2  startup_xmc4500.o(.text)
    DAC0_0_IRQHandler_Veneer                 0x08003e53   Thumb Code    18  startup_xmc4500.o(.text)
    DAC0_1_IRQHandler                        0x08003e65   Thumb Code     2  startup_xmc4500.o(.text)
    DAC0_1_IRQHandler_Veneer                 0x08003e67   Thumb Code    18  startup_xmc4500.o(.text)
    CCU40_0_IRQHandler                       0x08003e79   Thumb Code     2  startup_xmc4500.o(.text)
    CCU40_0_IRQHandler_Veneer                0x08003e7b   Thumb Code    18  startup_xmc4500.o(.text)
    CCU40_1_IRQHandler                       0x08003e8d   Thumb Code     2  startup_xmc4500.o(.text)
    CCU40_1_IRQHandler_Veneer                0x08003e8f   Thumb Code    18  startup_xmc4500.o(.text)
    CCU40_2_IRQHandler                       0x08003ea1   Thumb Code     2  startup_xmc4500.o(.text)
    CCU40_2_IRQHandler_Veneer                0x08003ea3   Thumb Code    18  startup_xmc4500.o(.text)
    CCU40_3_IRQHandler                       0x08003eb5   Thumb Code     2  startup_xmc4500.o(.text)
    CCU40_3_IRQHandler_Veneer                0x08003eb7   Thumb Code    18  startup_xmc4500.o(.text)
    CCU41_0_IRQHandler                       0x08003ec9   Thumb Code     2  startup_xmc4500.o(.text)
    CCU41_0_IRQHandler_Veneer                0x08003ecb   Thumb Code    18  startup_xmc4500.o(.text)
    CCU41_1_IRQHandler                       0x08003edd   Thumb Code     2  startup_xmc4500.o(.text)
    CCU41_1_IRQHandler_Veneer                0x08003edf   Thumb Code    18  startup_xmc4500.o(.text)
    CCU41_2_IRQHandler                       0x08003ef1   Thumb Code     2  startup_xmc4500.o(.text)
    CCU41_2_IRQHandler_Veneer                0x08003ef3   Thumb Code    18  startup_xmc4500.o(.text)
    CCU41_3_IRQHandler                       0x08003f05   Thumb Code     2  startup_xmc4500.o(.text)
    CCU41_3_IRQHandler_Veneer                0x08003f07   Thumb Code    18  startup_xmc4500.o(.text)
    CCU42_0_IRQHandler                       0x08003f19   Thumb Code     2  startup_xmc4500.o(.text)
    CCU42_0_IRQHandler_Veneer                0x08003f1b   Thumb Code    18  startup_xmc4500.o(.text)
    CCU42_1_IRQHandler                       0x08003f2d   Thumb Code     2  startup_xmc4500.o(.text)
    CCU42_1_IRQHandler_Veneer                0x08003f2f   Thumb Code    18  startup_xmc4500.o(.text)
    CCU42_2_IRQHandler                       0x08003f41   Thumb Code     2  startup_xmc4500.o(.text)
    CCU42_2_IRQHandler_Veneer                0x08003f43   Thumb Code    18  startup_xmc4500.o(.text)
    CCU42_3_IRQHandler                       0x08003f55   Thumb Code     2  startup_xmc4500.o(.text)
    CCU42_3_IRQHandler_Veneer                0x08003f57   Thumb Code    18  startup_xmc4500.o(.text)
    CCU43_0_IRQHandler                       0x08003f69   Thumb Code     2  startup_xmc4500.o(.text)
    CCU43_0_IRQHandler_Veneer                0x08003f6b   Thumb Code    18  startup_xmc4500.o(.text)
    CCU43_1_IRQHandler                       0x08003f7d   Thumb Code     2  startup_xmc4500.o(.text)
    CCU43_1_IRQHandler_Veneer                0x08003f7f   Thumb Code    18  startup_xmc4500.o(.text)
    CCU43_2_IRQHandler                       0x08003f91   Thumb Code     2  startup_xmc4500.o(.text)
    CCU43_2_IRQHandler_Veneer                0x08003f93   Thumb Code    18  startup_xmc4500.o(.text)
    CCU43_3_IRQHandler                       0x08003fa5   Thumb Code     2  startup_xmc4500.o(.text)
    CCU43_3_IRQHandler_Veneer                0x08003fa7   Thumb Code    18  startup_xmc4500.o(.text)
    CCU80_0_IRQHandler                       0x08003fb9   Thumb Code     2  startup_xmc4500.o(.text)
    CCU80_0_IRQHandler_Veneer                0x08003fbb   Thumb Code    18  startup_xmc4500.o(.text)
    CCU80_1_IRQHandler                       0x08003fcd   Thumb Code     2  startup_xmc4500.o(.text)
    CCU80_1_IRQHandler_Veneer                0x08003fcf   Thumb Code    18  startup_xmc4500.o(.text)
    CCU80_2_IRQHandler                       0x08003fe1   Thumb Code     2  startup_xmc4500.o(.text)
    CCU80_2_IRQHandler_Veneer                0x08003fe3   Thumb Code    18  startup_xmc4500.o(.text)
    CCU80_3_IRQHandler                       0x08003ff5   Thumb Code     2  startup_xmc4500.o(.text)
    CCU80_3_IRQHandler_Veneer                0x08003ff7   Thumb Code    18  startup_xmc4500.o(.text)
    CCU81_0_IRQHandler                       0x08004009   Thumb Code     2  startup_xmc4500.o(.text)
    CCU81_0_IRQHandler_Veneer                0x0800400b   Thumb Code    18  startup_xmc4500.o(.text)
    CCU81_1_IRQHandler                       0x0800401d   Thumb Code     2  startup_xmc4500.o(.text)
    CCU81_1_IRQHandler_Veneer                0x0800401f   Thumb Code    18  startup_xmc4500.o(.text)
    CCU81_2_IRQHandler                       0x08004031   Thumb Code     2  startup_xmc4500.o(.text)
    CCU81_2_IRQHandler_Veneer                0x08004033   Thumb Code    18  startup_xmc4500.o(.text)
    CCU81_3_IRQHandler                       0x08004045   Thumb Code     2  startup_xmc4500.o(.text)
    CCU81_3_IRQHandler_Veneer                0x08004047   Thumb Code    18  startup_xmc4500.o(.text)
    POSIF0_0_IRQHandler                      0x08004059   Thumb Code     2  startup_xmc4500.o(.text)
    POSIF0_0_IRQHandler_Veneer               0x0800405b   Thumb Code    18  startup_xmc4500.o(.text)
    POSIF0_1_IRQHandler                      0x0800406d   Thumb Code     2  startup_xmc4500.o(.text)
    POSIF0_1_IRQHandler_Veneer               0x0800406f   Thumb Code    18  startup_xmc4500.o(.text)
    POSIF1_0_IRQHandler                      0x08004081   Thumb Code     2  startup_xmc4500.o(.text)
    POSIF1_0_IRQHandler_Veneer               0x08004083   Thumb Code    18  startup_xmc4500.o(.text)
    POSIF1_1_IRQHandler                      0x08004095   Thumb Code     2  startup_xmc4500.o(.text)
    POSIF1_1_IRQHandler_Veneer               0x08004097   Thumb Code    18  startup_xmc4500.o(.text)
    CAN0_0_IRQHandler                        0x080040a9   Thumb Code     2  startup_xmc4500.o(.text)
    CAN0_0_IRQHandler_Veneer                 0x080040ab   Thumb Code    18  startup_xmc4500.o(.text)
    CAN0_1_IRQHandler                        0x080040bd   Thumb Code     2  startup_xmc4500.o(.text)
    CAN0_1_IRQHandler_Veneer                 0x080040bf   Thumb Code    18  startup_xmc4500.o(.text)
    CAN0_2_IRQHandler                        0x080040d1   Thumb Code     2  startup_xmc4500.o(.text)
    CAN0_2_IRQHandler_Veneer                 0x080040d3   Thumb Code    18  startup_xmc4500.o(.text)
    CAN0_3_IRQHandler                        0x080040e5   Thumb Code     2  startup_xmc4500.o(.text)
    CAN0_3_IRQHandler_Veneer                 0x080040e7   Thumb Code    18  startup_xmc4500.o(.text)
    CAN0_4_IRQHandler                        0x080040f9   Thumb Code     2  startup_xmc4500.o(.text)
    CAN0_4_IRQHandler_Veneer                 0x080040fb   Thumb Code    18  startup_xmc4500.o(.text)
    CAN0_5_IRQHandler                        0x0800410d   Thumb Code     2  startup_xmc4500.o(.text)
    CAN0_5_IRQHandler_Veneer                 0x0800410f   Thumb Code    18  startup_xmc4500.o(.text)
    CAN0_6_IRQHandler                        0x08004121   Thumb Code     2  startup_xmc4500.o(.text)
    CAN0_6_IRQHandler_Veneer                 0x08004123   Thumb Code    18  startup_xmc4500.o(.text)
    CAN0_7_IRQHandler                        0x08004135   Thumb Code     2  startup_xmc4500.o(.text)
    CAN0_7_IRQHandler_Veneer                 0x08004137   Thumb Code    18  startup_xmc4500.o(.text)
    USIC0_0_IRQHandler                       0x08004149   Thumb Code     2  startup_xmc4500.o(.text)
    USIC0_0_IRQHandler_Veneer                0x0800414b   Thumb Code    18  startup_xmc4500.o(.text)
    USIC0_1_IRQHandler                       0x0800415d   Thumb Code     2  startup_xmc4500.o(.text)
    USIC0_1_IRQHandler_Veneer                0x0800415f   Thumb Code    18  startup_xmc4500.o(.text)
    USIC0_2_IRQHandler                       0x08004171   Thumb Code     2  startup_xmc4500.o(.text)
    USIC0_2_IRQHandler_Veneer                0x08004173   Thumb Code    18  startup_xmc4500.o(.text)
    USIC0_3_IRQHandler                       0x08004185   Thumb Code     2  startup_xmc4500.o(.text)
    USIC0_3_IRQHandler_Veneer                0x08004187   Thumb Code    18  startup_xmc4500.o(.text)
    USIC0_4_IRQHandler                       0x08004199   Thumb Code     2  startup_xmc4500.o(.text)
    USIC0_4_IRQHandler_Veneer                0x0800419b   Thumb Code    18  startup_xmc4500.o(.text)
    USIC0_5_IRQHandler                       0x080041ad   Thumb Code     2  startup_xmc4500.o(.text)
    USIC0_5_IRQHandler_Veneer                0x080041af   Thumb Code    18  startup_xmc4500.o(.text)
    USIC1_0_IRQHandler                       0x080041c1   Thumb Code     2  startup_xmc4500.o(.text)
    USIC1_0_IRQHandler_Veneer                0x080041c3   Thumb Code    18  startup_xmc4500.o(.text)
    USIC1_1_IRQHandler                       0x080041d5   Thumb Code     2  startup_xmc4500.o(.text)
    USIC1_1_IRQHandler_Veneer                0x080041d7   Thumb Code    18  startup_xmc4500.o(.text)
    USIC1_2_IRQHandler                       0x080041e9   Thumb Code     2  startup_xmc4500.o(.text)
    USIC1_2_IRQHandler_Veneer                0x080041eb   Thumb Code    18  startup_xmc4500.o(.text)
    USIC1_3_IRQHandler                       0x080041fd   Thumb Code     2  startup_xmc4500.o(.text)
    USIC1_3_IRQHandler_Veneer                0x080041ff   Thumb Code    18  startup_xmc4500.o(.text)
    USIC1_4_IRQHandler                       0x08004211   Thumb Code     2  startup_xmc4500.o(.text)
    USIC1_4_IRQHandler_Veneer                0x08004213   Thumb Code    18  startup_xmc4500.o(.text)
    USIC1_5_IRQHandler                       0x08004225   Thumb Code     2  startup_xmc4500.o(.text)
    USIC1_5_IRQHandler_Veneer                0x08004227   Thumb Code    18  startup_xmc4500.o(.text)
    USIC2_0_IRQHandler                       0x08004239   Thumb Code     2  startup_xmc4500.o(.text)
    USIC2_0_IRQHandler_Veneer                0x0800423b   Thumb Code    18  startup_xmc4500.o(.text)
    USIC2_1_IRQHandler                       0x0800424d   Thumb Code     2  startup_xmc4500.o(.text)
    USIC2_1_IRQHandler_Veneer                0x0800424f   Thumb Code    18  startup_xmc4500.o(.text)
    USIC2_2_IRQHandler                       0x08004261   Thumb Code     2  startup_xmc4500.o(.text)
    USIC2_2_IRQHandler_Veneer                0x08004263   Thumb Code    18  startup_xmc4500.o(.text)
    USIC2_3_IRQHandler                       0x08004275   Thumb Code     2  startup_xmc4500.o(.text)
    USIC2_3_IRQHandler_Veneer                0x08004277   Thumb Code    18  startup_xmc4500.o(.text)
    USIC2_4_IRQHandler                       0x08004289   Thumb Code     2  startup_xmc4500.o(.text)
    USIC2_4_IRQHandler_Veneer                0x0800428b   Thumb Code    18  startup_xmc4500.o(.text)
    USIC2_5_IRQHandler                       0x0800429d   Thumb Code     2  startup_xmc4500.o(.text)
    USIC2_5_IRQHandler_Veneer                0x0800429f   Thumb Code    18  startup_xmc4500.o(.text)
    LEDTS0_0_IRQHandler                      0x080042b1   Thumb Code     2  startup_xmc4500.o(.text)
    LEDTS0_0_IRQHandler_Veneer               0x080042b3   Thumb Code    18  startup_xmc4500.o(.text)
    FCE0_0_IRQHandler                        0x080042c5   Thumb Code     2  startup_xmc4500.o(.text)
    FCE0_0_IRQHandler_Veneer                 0x080042c7   Thumb Code    18  startup_xmc4500.o(.text)
    GPDMA0_0_IRQHandler                      0x080042d9   Thumb Code     2  startup_xmc4500.o(.text)
    GPDMA0_0_IRQHandler_Veneer               0x080042db   Thumb Code    18  startup_xmc4500.o(.text)
    SDMMC0_0_IRQHandler                      0x080042ed   Thumb Code     2  startup_xmc4500.o(.text)
    SDMMC0_0_IRQHandler_Veneer               0x080042ef   Thumb Code    18  startup_xmc4500.o(.text)
    USB0_0_IRQHandler                        0x08004301   Thumb Code     2  startup_xmc4500.o(.text)
    USB0_0_IRQHandler_Veneer                 0x08004303   Thumb Code    18  startup_xmc4500.o(.text)
    ETH0_0_IRQHandler_Veneer                 0x08004317   Thumb Code    18  startup_xmc4500.o(.text)
    GPDMA1_0_IRQHandler                      0x08004329   Thumb Code     2  startup_xmc4500.o(.text)
    GPDMA1_0_IRQHandler_Veneer               0x0800432b   Thumb Code    18  startup_xmc4500.o(.text)
    SystemInit_DAVE3                         0x0800433d   Thumb Code     4  startup_xmc4500.o(.text)
    AllowPLLInitByStartup                    0x08004341   Thumb Code     6  startup_xmc4500.o(.text)
    SystemCoreClockUpdate                    0x08004365   Thumb Code   148  system_xmc4500.o(.text)
    SystemCoreSetup                          0x080045f5   Thumb Code    74  system_xmc4500.o(.text)
    SystemInit                               0x0800463f   Thumb Code    22  system_xmc4500.o(.text)
    __aeabi_memcpy                           0x0800469d   Thumb Code    36  memcpya.o(.text)
    __aeabi_memcpy4                          0x0800469d   Thumb Code     0  memcpya.o(.text)
    __aeabi_memcpy8                          0x0800469d   Thumb Code     0  memcpya.o(.text)
    __scatterload                            0x080046c1   Thumb Code    28  init.o(.text)
    __scatterload_rt2                        0x080046c1   Thumb Code     0  init.o(.text)
    __decompress                             0x080046e5   Thumb Code     0  __dczerorl2.o(.text)
    __decompress1                            0x080046e5   Thumb Code    86  __dczerorl2.o(.text)
    SVC_Count                                0x0800473c   Data           4  svc_table.o(SVC_TABLE)
    SVC_Table                                0x08004740   Data           0  svc_table.o(SVC_TABLE)
    __scatterload_copy                       0x08004741   Thumb Code    14  handlers.o(i.__scatterload_copy)
    __scatterload_null                       0x0800474f   Thumb Code     2  handlers.o(i.__scatterload_null)
    __scatterload_zeroinit                   0x08004751   Thumb Code    14  handlers.o(i.__scatterload_zeroinit)
    _init_box                                0x0800475f   Thumb Code    70  rt_membox.o(i._init_box)
    dbg_init                                 0x080047a5   Thumb Code    34  hal_cm.o(i.dbg_init)
    dbg_task_notify                          0x080047d5   Thumb Code    32  hal_cm.o(i.dbg_task_notify)
    dbg_task_switch                          0x080047f5   Thumb Code    16  hal_cm.o(i.dbg_task_switch)
    isrMessageGet                            0x08004805   Thumb Code    42  rt_cmsis.o(i.isrMessageGet)
    isrMessagePut                            0x0800482f   Thumb Code    44  rt_cmsis.o(i.isrMessagePut)
    isrSignalSet                             0x0800485b   Thumb Code    36  rt_cmsis.o(i.isrSignalSet)
    isr_evt_set                              0x08004881   Thumb Code    34  rt_event.o(i.isr_evt_set)
    isr_mbx_receive                          0x080048a9   Thumb Code    82  rt_mailbox.o(i.isr_mbx_receive)
    isr_mbx_send                             0x080048fb   Thumb Code    14  rt_mailbox.o(i.isr_mbx_send)
    osDelay                                  0x08004909   Thumb Code    18  rt_cmsis.o(i.osDelay)
    osKernelInitialize                       0x08004921   Thumb Code    30  rt_cmsis.o(i.osKernelInitialize)
    osKernelStart                            0x08004945   Thumb Code    98  rt_cmsis.o(i.osKernelStart)
    osKernelSysTick                          0x080049b1   Thumb Code    18  rt_cmsis.o(i.osKernelSysTick)
    osMessageGet                             0x080049c9   Thumb Code    18  rt_cmsis.o(i.osMessageGet)
    osSignalSet                              0x080049e1   Thumb Code    18  rt_cmsis.o(i.osSignalSet)
    osSignalWait                             0x080049f9   Thumb Code    18  rt_cmsis.o(i.osSignalWait)
    osThreadCreate                           0x08004a11   Thumb Code    38  rt_cmsis.o(i.osThreadCreate)
    osThreadExit                             0x08004a41   Thumb Code    14  rt_cmsis.o(i.osThreadExit)
    osTimerCall                              0x08004a59   Thumb Code     8  rt_cmsis.o(i.osTimerCall)
    osTimerThread                            0x08004a65   Thumb Code    38  rt_cmsis.o(i.osTimerThread)
    os_tick_init                             0x08004a91   Thumb Code    32  rt_system.o(i.os_tick_init)
    os_tick_irqack                           0x08004ab9   Thumb Code     2  rt_system.o(i.os_tick_irqack)
    os_tick_ovf                              0x08004abd   Thumb Code    10  rt_system.o(i.os_tick_ovf)
    os_tick_val                              0x08004acd   Thumb Code    14  rt_system.o(i.os_tick_val)
    rt_alloc_box                             0x08004ae1   Thumb Code    26  rt_membox.o(i.rt_alloc_box)
    rt_alloc_mem                             0x08004afb   Thumb Code    62  rt_memory.o(i.rt_alloc_mem)
    rt_block                                 0x08004b39   Thumb Code    48  rt_task.o(i.rt_block)
    rt_chk_robin                             0x08004b71   Thumb Code    60  rt_robin.o(i.rt_chk_robin)
    rt_dec_dly                               0x08004bb9   Thumb Code   102  rt_list.o(i.rt_dec_dly)
    rt_dispatch                              0x08004c29   Thumb Code    60  rt_task.o(i.rt_dispatch)
    rt_dly_wait                              0x08004c6d   Thumb Code     6  rt_time.o(i.rt_dly_wait)
    rt_evt_psh                               0x08004c75   Thumb Code    76  rt_event.o(i.rt_evt_psh)
    rt_evt_set                               0x08004cc5   Thumb Code    88  rt_event.o(i.rt_evt_set)
    rt_evt_wait                              0x08004d21   Thumb Code    56  rt_event.o(i.rt_evt_wait)
    rt_free_box                              0x08004d5d   Thumb Code    32  rt_membox.o(i.rt_free_box)
    rt_free_mem                              0x08004d7d   Thumb Code    40  rt_memory.o(i.rt_free_mem)
    rt_get_first                             0x08004da5   Thumb Code    40  rt_list.o(i.rt_get_first)
    rt_init_mem                              0x08004e1d   Thumb Code    26  rt_memory.o(i.rt_init_mem)
    rt_init_robin                            0x08004e39   Thumb Code    14  rt_robin.o(i.rt_init_robin)
    rt_init_stack                            0x08004e51   Thumb Code   118  hal_cm.o(i.rt_init_stack)
    rt_mbx_check                             0x08004ed1   Thumb Code     8  rt_mailbox.o(i.rt_mbx_check)
    rt_mbx_init                              0x08004ed9   Thumb Code    26  rt_mailbox.o(i.rt_mbx_init)
    rt_mbx_psh                               0x08004ef5   Thumb Code   236  rt_mailbox.o(i.rt_mbx_psh)
    rt_mbx_wait                              0x08004fe5   Thumb Code   174  rt_mailbox.o(i.rt_mbx_wait)
    rt_pop_req                               0x080050d5   Thumb Code   112  rt_system.o(i.rt_pop_req)
    rt_psh_req                               0x08005151   Thumb Code    22  rt_system.o(i.rt_psh_req)
    rt_psq_enq                               0x08005171   Thumb Code    88  rt_list.o(i.rt_psq_enq)
    rt_put_dly                               0x080051cd   Thumb Code    68  rt_list.o(i.rt_put_dly)
    rt_put_prio                              0x08005215   Thumb Code    54  rt_list.o(i.rt_put_prio)
    rt_put_rdy_first                         0x0800524d   Thumb Code    14  rt_list.o(i.rt_put_rdy_first)
    rt_resort_prio                           0x08005261   Thumb Code    46  rt_list.o(i.rt_resort_prio)
    rt_ret_val                               0x080052a5   Thumb Code    12  hal_cm.o(i.rt_ret_val)
    rt_ret_val2                              0x080052b1   Thumb Code    16  hal_cm.o(i.rt_ret_val2)
    rt_rmv_dly                               0x080052c1   Thumb Code    40  rt_list.o(i.rt_rmv_dly)
    rt_rmv_list                              0x080052e9   Thumb Code    44  rt_list.o(i.rt_rmv_list)
    rt_sem_psh                               0x08005319   Thumb Code    48  rt_semaphore.o(i.rt_sem_psh)
    rt_stk_check                             0x0800534d   Thumb Code    28  rt_system.o(i.rt_stk_check)
    rt_switch_req                            0x08005371   Thumb Code    30  rt_task.o(i.rt_switch_req)
    rt_sys_init                              0x08005399   Thumb Code   138  rt_task.o(i.rt_sys_init)
    rt_sys_start                             0x08005465   Thumb Code   110  rt_task.o(i.rt_sys_start)
    rt_systick                               0x080054dd   Thumb Code    50  rt_system.o(i.rt_systick)
    rt_tsk_create                            0x08005565   Thumb Code   112  rt_task.o(i.rt_tsk_create)
    rt_tsk_delete                            0x080055e5   Thumb Code   342  rt_task.o(i.rt_tsk_delete)
    rt_tsk_prio                              0x08005759   Thumb Code   108  rt_task.o(i.rt_tsk_prio)
    rt_tsk_self                              0x080057d5   Thumb Code    12  rt_task.o(i.rt_tsk_self)
    svcDelay                                 0x080057e5   Thumb Code    20  rt_cmsis.o(i.svcDelay)
    svcKernelInitialize                      0x080057f9   Thumb Code    80  rt_cmsis.o(i.svcKernelInitialize)
    svcKernelStart                           0x08005869   Thumb Code    62  rt_cmsis.o(i.svcKernelStart)
    svcKernelSysTick                         0x080058b1   Thumb Code    46  rt_cmsis.o(i.svcKernelSysTick)
    svcMessageCreate                         0x080058e9   Thumb Code    36  rt_cmsis.o(i.svcMessageCreate)
    svcMessageGet                            0x0800590d   Thumb Code    58  rt_cmsis.o(i.svcMessageGet)
    svcSignalSet                             0x08005947   Thumb Code    36  rt_cmsis.o(i.svcSignalSet)
    svcSignalWait                            0x0800596d   Thumb Code    80  rt_cmsis.o(i.svcSignalWait)
    svcThreadCreate                          0x080059c1   Thumb Code   100  rt_cmsis.o(i.svcThreadCreate)
    svcThreadGetId                           0x08005a31   Thumb Code    22  rt_cmsis.o(i.svcThreadGetId)
    svcThreadTerminate                       0x08005a4d   Thumb Code    50  rt_cmsis.o(i.svcThreadTerminate)
    svcTimerCall                             0x08005a85   Thumb Code    24  rt_cmsis.o(i.svcTimerCall)
    sysTimerTick                             0x08005a9d   Thumb Code    84  rt_cmsis.o(i.sysTimerTick)
    os_thread_def_ledOff                     0x08005af8   Data          16  main.o(.constdata)
    os_thread_def_pump                       0x08005b08   Data          16  thread_pump.o(.constdata)
    os_thread_def_sensors                    0x08005b18   Data          16  thread_sensors.o(.constdata)
    os_maxtaskrun                            0x08005b28   Data           2  rtx_conf_cm.o(.constdata)
    os_stackinfo                             0x08005b2c   Data           4  rtx_conf_cm.o(.constdata)
    os_rrobin                                0x08005b30   Data           4  rtx_conf_cm.o(.constdata)
    os_tickfreq                              0x08005b34   Data           4  rtx_conf_cm.o(.constdata)
    os_tickus_i                              0x08005b38   Data           2  rtx_conf_cm.o(.constdata)
    os_tickus_f                              0x08005b3a   Data           2  rtx_conf_cm.o(.constdata)
    os_trv                                   0x08005b3c   Data           4  rtx_conf_cm.o(.constdata)
    os_flags                                 0x08005b40   Data           1  rtx_conf_cm.o(.constdata)
    CMSIS_RTOS_API_Version                   0x08005b44   Data           4  rtx_conf_cm.o(.constdata)
    CMSIS_RTOS_RTX_Version                   0x08005b48   Data           4  rtx_conf_cm.o(.constdata)
    os_clockrate                             0x08005b4c   Data           4  rtx_conf_cm.o(.constdata)
    os_timernum                              0x08005b50   Data           4  rtx_conf_cm.o(.constdata)
    mp_tcb_size                              0x08005b54   Data           2  rtx_conf_cm.o(.constdata)
    mp_stk_size                              0x08005b58   Data           4  rtx_conf_cm.o(.constdata)
    os_stack_sz                              0x08005b5c   Data           4  rtx_conf_cm.o(.constdata)
    os_fifo_size                             0x08005b60   Data           1  rtx_conf_cm.o(.constdata)
    os_thread_def_osTimerThread              0x08005b64   Data          16  rtx_conf_cm.o(.constdata)
    os_messageQ_def_osTimerMessageQ          0x08005b74   Data           8  rtx_conf_cm.o(.constdata)
    mp_tmr_size                              0x08005b7c   Data           2  rtx_conf_cm.o(.constdata)
    Driver_ETH_MAC0                          0x08005b88   Data          68  eth_mac.o(.constdata)
    global_iclass_config                     0x08005bcc   Data           4  adc_measurement_conf.o(.constdata)
    backgnd_config                           0x08005bd0   Data          12  adc_measurement_conf.o(.constdata)
    CLOCK_XMC4_0_ScuClk                      0x08005bdc   Data          20  clock_xmc4_conf.o(.constdata)
    group_init_handle0                       0x08005bf0   Data          20  global_adc_conf.o(.constdata)
    group_init_handle1                       0x08005c04   Data          20  global_adc_conf.o(.constdata)
    group_init_handle2                       0x08005c18   Data          20  global_adc_conf.o(.constdata)
    group_init_handle3                       0x08005c2c   Data          20  global_adc_conf.o(.constdata)
    global_config                            0x08005c40   Data          24  global_adc_conf.o(.constdata)
    PWM_0_Config_Handle                      0x08005c58   Data           8  pwm_conf.o(.constdata)
    PWM_0_gpio_out_config                    0x08005c60   Data          12  pwm_conf.o(.constdata)
    PWM_0_ConfigHandle                       0x08005c6c   Data          44  pwm_conf.o(.constdata)
    RTC_DAYS_IN_MONTH                        0x08005c98   Data          52  rtc.o(.constdata)
    RTC_0_config                             0x08005ccc   Data          20  rtc_conf.o(.constdata)
    RTC_0_time_alarm_config                  0x08005ce0   Data          20  rtc_conf.o(.constdata)
    Region$$Table$$Base                      0x08005d34   Number         0  anon$$obj.o(Region$$Table)
    Region$$Table$$Limit                     0x08005d54   Number         0  anon$$obj.o(Region$$Table)
    t_ledOff                                 0x20000000   Data           4  main.o(.data)
    t_pump                                   0x20000004   Data           4  thread_pump.o(.data)
    t_sensors                                0x20000008   Data           4  thread_sensors.o(.data)
    osThreadId_osTimerThread                 0x2000000c   Data           4  rtx_conf_cm.o(.data)
    osMessageQId_osTimerMessageQ             0x20000010   Data           4  rtx_conf_cm.o(.data)
    os_tmr                                   0x20000014   Data           4  rtx_conf_cm.o(.data)
    m_tmr                                    0x20000018   Data           4  rtx_conf_cm.o(.data)
    os_thread_def_main                       0x2000001c   Data          16  rtx_conf_cm.o(.data)
    Channel_A_ch_config                      0x20000030   Data          12  adc_measurement_conf.o(.data)
    Channel_A_res_config                     0x2000003c   Data           4  adc_measurement_conf.o(.data)
    ADC_MEASUREMENT_Channel_A_handle         0x20000040   Data          16  adc_measurement_conf.o(.data)
    ADC_MEASUREMENT_channel_array            0x20000050   Data           4  adc_measurement_conf.o(.data)
    ADC_MEASUREMENT_0                        0x20000054   Data          28  adc_measurement_conf.o(.data)
    DIGITAL_IO_0_config                      0x20000070   Data          12  digital_io_conf.o(.data)
    DIGITAL_IO_0                             0x2000007c   Data          12  digital_io_conf.o(.data)
    group_0_config                           0x20000088   Data          12  global_adc_conf.o(.data)
    group_1_config                           0x20000094   Data          12  global_adc_conf.o(.data)
    group_2_config                           0x200000a0   Data          12  global_adc_conf.o(.data)
    group_3_config                           0x200000ac   Data          12  global_adc_conf.o(.data)
    GLOBAL_ADC_0                             0x200000b8   Data          28  global_adc_conf.o(.data)
    GLOBAL_CCU4_0                            0x200000d4   Data          12  global_ccu4_conf.o(.data)
    PWM_0_config_value                       0x200000e0   Data          12  pwm_conf.o(.data)
    PWM_0                                    0x200000ec   Data          12  pwm_conf.o(.data)
    RTC_0                                    0x200000f8   Data          12  rtc_conf.o(.data)
    os_initialized                           0x20000104   Data           1  rt_cmsis.o(.data)
    os_running                               0x20000105   Data           1  rt_cmsis.o(.data)
    os_timer_head                            0x20000108   Data           4  rt_cmsis.o(.data)
    os_tsk                                   0x2000010c   Data           8  rt_task.o(.data)
    os_tick_irqn                             0x20000118   Data           4  rt_system.o(.data)
    os_time                                  0x2000011c   Data           4  rt_time.o(.data)
    dbg_msg                                  0x20000120   Data           1  hal_cm.o(.data)
    os_robin                                 0x20000124   Data           8  rt_robin.o(.data)
    mp_tcb                                   0x200025f0   Data         376  rtx_conf_cm.o(.bss)
    mp_stk                                   0x20002768   Data        6160  rtx_conf_cm.o(.bss)
    os_stack_mem                             0x20003f78   Data        1256  rtx_conf_cm.o(.bss)
    os_fifo                                  0x20004460   Data         132  rtx_conf_cm.o(.bss)
    os_active_TCB                            0x200044e4   Data          28  rtx_conf_cm.o(.bss)
    os_messageQ_q_osTimerMessageQ            0x20004500   Data          32  rtx_conf_cm.o(.bss)
    event_handler_list                       0x2000452c   Data         128  xmc4_scu.o(.bss)
    os_idle_TCB                              0x200045ac   Data          52  rt_task.o(.bss)
    os_rdy                                   0x200045e0   Data          24  rt_list.o(.bss)
    os_dly                                   0x200045f8   Data          24  rt_list.o(.bss)
    __initial_sp                             0x20004a10   Data           0  startup_xmc4500.o(STACK)
    SystemCoreClock                          0x2000ffc0   Data           4  system_xmc4500.o(.ARM.__AT_0x2000FFC0)
    g_chipid                                 0x2000ffc4   Data          16  system_xmc4500.o(.ARM.__AT_0x2000FFC4)



==============================================================================

Memory Map of the image

  Image Entry point : 0x08000201

  Load Region LR_IROM1 (Base: 0x08000000, Size: 0x00008340, Max: 0x00100000, ABSOLUTE, COMPRESSED[0x00005e2c])

    Execution Region ER_IROM1 (Base: 0x08000000, Size: 0x00005d54, Max: 0x00100000, ABSOLUTE)

    Base Addr    Size         Type   Attr      Idx    E Section Name        Object

    0x08000000   0x00000200   Data   RO         1698    RESET               startup_xmc4500.o
    0x08000200   0x00000000   Code   RO         3468  * .ARM.Collect$$$$00000000  mc_w.l(entry.o)
    0x08000200   0x00000004   Code   RO         3752    .ARM.Collect$$$$00000001  mc_w.l(entry2.o)
    0x08000204   0x00000004   Code   RO         3755    .ARM.Collect$$$$00000004  mc_w.l(entry5.o)
    0x08000208   0x00000000   Code   RO         3757    .ARM.Collect$$$$00000008  mc_w.l(entry7b.o)
    0x08000208   0x00000000   Code   RO         3759    .ARM.Collect$$$$0000000A  mc_w.l(entry8b.o)
    0x08000208   0x00000000   Code   RO         3760    .ARM.Collect$$$$0000000D  mc_w.l(entry10a.o)
    0x08000208   0x00000000   Code   RO         3762    .ARM.Collect$$$$0000000F  mc_w.l(entry11a.o)
    0x08000208   0x00000018   Code   RO          293    .ARM.Collect$$$$000000FF  rtx_conf_cm.o
    0x08000220   0x00000004   Code   RO         3753    .ARM.Collect$$$$00002712  mc_w.l(entry2.o)
    0x08000224   0x00000188   Code   RO         3448    .emb_text           RTX_CM4_IFX.lib(hal_cm4.o)
    0x080003ac   0x00000084   Code   RO            4    .text               main.o
    0x08000430   0x00000068   Code   RO          186    .text               thread_pump.o
    0x08000498   0x0000006c   Code   RO          250    .text               thread_sensors.o
    0x08000504   0x00000024   Code   RO          294    .text               rtx_conf_cm.o
    0x08000528   0x00000af4   Code   RO          325    .text               eth_mac.o
    0x0800101c   0x000001f8   Code   RO          398    .text               adc_measurement.o
    0x08001214   0x0000002c   Code   RO          468    .text               clock_xmc4.o
    0x08001240   0x0000003c   Code   RO          501    .text               clock_xmc4_conf.o
    0x0800127c   0x00000040   Code   RO          528    .text               dave.o
    0x080012bc   0x00000036   Code   RO          566    .text               digital_io.o
    0x080012f2   0x00000096   Code   RO          624    .text               global_adc.o
    0x08001388   0x00000046   Code   RO          689    .text               global_ccu4.o
    0x080013ce   0x00000456   Code   RO          753    .text               pwm.o
    0x08001824   0x000002c4   Code   RO          822    .text               rtc.o
    0x08001ae8   0x000000f0   Code   RO          948    .text               xmc4_gpio.o
    0x08001bd8   0x00000104   Code   RO          972    .text               xmc4_rtc.o
    0x08001cdc   0x00000bf8   Code   RO          999    .text               xmc4_scu.o
    0x080028d4   0x0000048e   Code   RO         1091    .text               xmc_ccu4.o
    0x08002d62   0x00000080   Code   RO         1314    .text               xmc_gpio.o
    0x08002de2   0x00000002   PAD
    0x08002de4   0x000001bc   Code   RO         1446    .text               xmc_rtc.o
    0x08002fa0   0x00000ad0   Code   RO         1643    .text               xmc_vadc.o
    0x08003a70   0x000008d8   Code   RO         1699    .text               startup_xmc4500.o
    0x08004348   0x00000354   Code   RO         1706    .text               system_xmc4500.o
    0x0800469c   0x00000024   Code   RO         3473    .text               mc_w.l(memcpya.o)
    0x080046c0   0x00000024   Code   RO         3799    .text               mc_w.l(init.o)
    0x080046e4   0x00000056   Code   RO         3851    .text               mc_w.l(__dczerorl2.o)
    0x0800473a   0x00000002   PAD
    0x0800473c   0x00000004   Code   RO         3465    SVC_TABLE           RTX_CM4_IFX.lib(svc_table.o)
    0x08004740   0x0000000e   Code   RO         3845    i.__scatterload_copy  mc_w.l(handlers.o)
    0x0800474e   0x00000002   Code   RO         3846    i.__scatterload_null  mc_w.l(handlers.o)
    0x08004750   0x0000000e   Code   RO         3847    i.__scatterload_zeroinit  mc_w.l(handlers.o)
    0x0800475e   0x00000046   Code   RO         3168    i._init_box         RTX_CM4_IFX.lib(rt_membox.o)
    0x080047a4   0x00000030   Code   RO         3221    i.dbg_init          RTX_CM4_IFX.lib(hal_cm.o)
    0x080047d4   0x00000020   Code   RO         3222    i.dbg_task_notify   RTX_CM4_IFX.lib(hal_cm.o)
    0x080047f4   0x00000010   Code   RO         3223    i.dbg_task_switch   RTX_CM4_IFX.lib(hal_cm.o)
    0x08004804   0x0000002a   Code   RO         1790    i.isrMessageGet     RTX_CM4_IFX.lib(rt_cmsis.o)
    0x0800482e   0x0000002c   Code   RO         1791    i.isrMessagePut     RTX_CM4_IFX.lib(rt_cmsis.o)
    0x0800485a   0x00000024   Code   RO         1793    i.isrSignalSet      RTX_CM4_IFX.lib(rt_cmsis.o)
    0x0800487e   0x00000002   PAD
    0x08004880   0x00000028   Code   RO         2896    i.isr_evt_set       RTX_CM4_IFX.lib(rt_event.o)
    0x080048a8   0x00000052   Code   RO         3014    i.isr_mbx_receive   RTX_CM4_IFX.lib(rt_mailbox.o)
    0x080048fa   0x0000000e   Code   RO         3015    i.isr_mbx_send      RTX_CM4_IFX.lib(rt_mailbox.o)
    0x08004908   0x00000018   Code   RO         1794    i.osDelay           RTX_CM4_IFX.lib(rt_cmsis.o)
    0x08004920   0x00000024   Code   RO         1795    i.osKernelInitialize  RTX_CM4_IFX.lib(rt_cmsis.o)
    0x08004944   0x0000006c   Code   RO         1797    i.osKernelStart     RTX_CM4_IFX.lib(rt_cmsis.o)
    0x080049b0   0x00000018   Code   RO         1798    i.osKernelSysTick   RTX_CM4_IFX.lib(rt_cmsis.o)
    0x080049c8   0x00000018   Code   RO         1806    i.osMessageGet      RTX_CM4_IFX.lib(rt_cmsis.o)
    0x080049e0   0x00000018   Code   RO         1821    i.osSignalSet       RTX_CM4_IFX.lib(rt_cmsis.o)
    0x080049f8   0x00000018   Code   RO         1822    i.osSignalWait      RTX_CM4_IFX.lib(rt_cmsis.o)
    0x08004a10   0x00000030   Code   RO         1823    i.osThreadCreate    RTX_CM4_IFX.lib(rt_cmsis.o)
    0x08004a40   0x00000018   Code   RO         1824    i.osThreadExit      RTX_CM4_IFX.lib(rt_cmsis.o)
    0x08004a58   0x0000000c   Code   RO         1830    i.osTimerCall       RTX_CM4_IFX.lib(rt_cmsis.o)
    0x08004a64   0x0000002c   Code   RO         1835    i.osTimerThread     RTX_CM4_IFX.lib(rt_cmsis.o)
    0x08004a90   0x00000028   Code   RO         2806    i.os_tick_init      RTX_CM4_IFX.lib(rt_system.o)
    0x08004ab8   0x00000002   Code   RO         2807    i.os_tick_irqack    RTX_CM4_IFX.lib(rt_system.o)
    0x08004aba   0x00000002   PAD
    0x08004abc   0x00000010   Code   RO         2808    i.os_tick_ovf       RTX_CM4_IFX.lib(rt_system.o)
    0x08004acc   0x00000014   Code   RO         2809    i.os_tick_val       RTX_CM4_IFX.lib(rt_system.o)
    0x08004ae0   0x0000001a   Code   RO         3169    i.rt_alloc_box      RTX_CM4_IFX.lib(rt_membox.o)
    0x08004afa   0x0000003e   Code   RO         3197    i.rt_alloc_mem      RTX_CM4_IFX.lib(rt_memory.o)
    0x08004b38   0x00000038   Code   RO         2721    i.rt_block          RTX_CM4_IFX.lib(rt_task.o)
    0x08004b70   0x00000048   Code   RO         3427    i.rt_chk_robin      RTX_CM4_IFX.lib(rt_robin.o)
    0x08004bb8   0x00000070   Code   RO         2938    i.rt_dec_dly        RTX_CM4_IFX.lib(rt_list.o)
    0x08004c28   0x00000044   Code   RO         2722    i.rt_dispatch       RTX_CM4_IFX.lib(rt_task.o)
    0x08004c6c   0x00000006   Code   RO         3104    i.rt_dly_wait       RTX_CM4_IFX.lib(rt_time.o)
    0x08004c72   0x00000002   PAD
    0x08004c74   0x00000050   Code   RO         2899    i.rt_evt_psh        RTX_CM4_IFX.lib(rt_event.o)
    0x08004cc4   0x0000005c   Code   RO         2900    i.rt_evt_set        RTX_CM4_IFX.lib(rt_event.o)
    0x08004d20   0x0000003c   Code   RO         2901    i.rt_evt_wait       RTX_CM4_IFX.lib(rt_event.o)
    0x08004d5c   0x00000020   Code   RO         3170    i.rt_free_box       RTX_CM4_IFX.lib(rt_membox.o)
    0x08004d7c   0x00000028   Code   RO         3198    i.rt_free_mem       RTX_CM4_IFX.lib(rt_memory.o)
    0x08004da4   0x00000028   Code   RO         2939    i.rt_get_first      RTX_CM4_IFX.lib(rt_list.o)
    0x08004dcc   0x00000008   Code   RO         1840    i.rt_id2obj         RTX_CM4_IFX.lib(rt_cmsis.o)
    0x08004dd4   0x00000048   Code   RO         2723    i.rt_init_context   RTX_CM4_IFX.lib(rt_task.o)
    0x08004e1c   0x0000001a   Code   RO         3199    i.rt_init_mem       RTX_CM4_IFX.lib(rt_memory.o)
    0x08004e36   0x00000002   PAD
    0x08004e38   0x00000018   Code   RO         3428    i.rt_init_robin     RTX_CM4_IFX.lib(rt_robin.o)
    0x08004e50   0x00000080   Code   RO         3224    i.rt_init_stack     RTX_CM4_IFX.lib(hal_cm.o)
    0x08004ed0   0x00000008   Code   RO         3016    i.rt_mbx_check      RTX_CM4_IFX.lib(rt_mailbox.o)
    0x08004ed8   0x0000001a   Code   RO         3017    i.rt_mbx_init       RTX_CM4_IFX.lib(rt_mailbox.o)
    0x08004ef2   0x00000002   PAD
    0x08004ef4   0x000000f0   Code   RO         3018    i.rt_mbx_psh        RTX_CM4_IFX.lib(rt_mailbox.o)
    0x08004fe4   0x000000b4   Code   RO         3020    i.rt_mbx_wait       RTX_CM4_IFX.lib(rt_mailbox.o)
    0x08005098   0x0000003c   Code   RO         1841    i.rt_ms2tick        RTX_CM4_IFX.lib(rt_cmsis.o)
    0x080050d4   0x0000007c   Code   RO         2810    i.rt_pop_req        RTX_CM4_IFX.lib(rt_system.o)
    0x08005150   0x00000020   Code   RO         2811    i.rt_psh_req        RTX_CM4_IFX.lib(rt_system.o)
    0x08005170   0x0000005c   Code   RO         2941    i.rt_psq_enq        RTX_CM4_IFX.lib(rt_list.o)
    0x080051cc   0x00000048   Code   RO         2942    i.rt_put_dly        RTX_CM4_IFX.lib(rt_list.o)
    0x08005214   0x00000036   Code   RO         2943    i.rt_put_prio       RTX_CM4_IFX.lib(rt_list.o)
    0x0800524a   0x00000002   PAD
    0x0800524c   0x00000014   Code   RO         2944    i.rt_put_rdy_first  RTX_CM4_IFX.lib(rt_list.o)
    0x08005260   0x00000034   Code   RO         2945    i.rt_resort_prio    RTX_CM4_IFX.lib(rt_list.o)
    0x08005294   0x00000010   Code   RO         3225    i.rt_ret_regs       RTX_CM4_IFX.lib(hal_cm.o)
    0x080052a4   0x0000000c   Code   RO         3226    i.rt_ret_val        RTX_CM4_IFX.lib(hal_cm.o)
    0x080052b0   0x00000010   Code   RO         3227    i.rt_ret_val2       RTX_CM4_IFX.lib(hal_cm.o)
    0x080052c0   0x00000028   Code   RO         2946    i.rt_rmv_dly        RTX_CM4_IFX.lib(rt_list.o)
    0x080052e8   0x00000030   Code   RO         2947    i.rt_rmv_list       RTX_CM4_IFX.lib(rt_list.o)
    0x08005318   0x00000034   Code   RO         3065    i.rt_sem_psh        RTX_CM4_IFX.lib(rt_semaphore.o)
    0x0800534c   0x00000024   Code   RO         2813    i.rt_stk_check      RTX_CM4_IFX.lib(rt_system.o)
    0x08005370   0x00000028   Code   RO         2724    i.rt_switch_req     RTX_CM4_IFX.lib(rt_task.o)
    0x08005398   0x000000cc   Code   RO         2725    i.rt_sys_init       RTX_CM4_IFX.lib(rt_task.o)
    0x08005464   0x00000078   Code   RO         2726    i.rt_sys_start      RTX_CM4_IFX.lib(rt_task.o)
    0x080054dc   0x00000040   Code   RO         2815    i.rt_systick        RTX_CM4_IFX.lib(rt_system.o)
    0x0800551c   0x00000012   Code   RO         1842    i.rt_tid2ptcb       RTX_CM4_IFX.lib(rt_cmsis.o)
    0x0800552e   0x00000002   PAD
    0x08005530   0x00000034   Code   RO         1843    i.rt_timer_insert   RTX_CM4_IFX.lib(rt_cmsis.o)
    0x08005564   0x00000080   Code   RO         2727    i.rt_tsk_create     RTX_CM4_IFX.lib(rt_task.o)
    0x080055e4   0x00000174   Code   RO         2728    i.rt_tsk_delete     RTX_CM4_IFX.lib(rt_task.o)
    0x08005758   0x0000007c   Code   RO         2730    i.rt_tsk_prio       RTX_CM4_IFX.lib(rt_task.o)
    0x080057d4   0x00000010   Code   RO         2731    i.rt_tsk_self       RTX_CM4_IFX.lib(rt_task.o)
    0x080057e4   0x00000014   Code   RO         1845    i.svcDelay          RTX_CM4_IFX.lib(rt_cmsis.o)
    0x080057f8   0x00000070   Code   RO         1846    i.svcKernelInitialize  RTX_CM4_IFX.lib(rt_cmsis.o)
    0x08005868   0x00000048   Code   RO         1848    i.svcKernelStart    RTX_CM4_IFX.lib(rt_cmsis.o)
    0x080058b0   0x00000038   Code   RO         1849    i.svcKernelSysTick  RTX_CM4_IFX.lib(rt_cmsis.o)
    0x080058e8   0x00000024   Code   RO         1851    i.svcMessageCreate  RTX_CM4_IFX.lib(rt_cmsis.o)
    0x0800590c   0x0000003a   Code   RO         1852    i.svcMessageGet     RTX_CM4_IFX.lib(rt_cmsis.o)
    0x08005946   0x00000024   Code   RO         1864    i.svcSignalSet      RTX_CM4_IFX.lib(rt_cmsis.o)
    0x0800596a   0x00000002   PAD
    0x0800596c   0x00000054   Code   RO         1865    i.svcSignalWait     RTX_CM4_IFX.lib(rt_cmsis.o)
    0x080059c0   0x00000070   Code   RO         1866    i.svcThreadCreate   RTX_CM4_IFX.lib(rt_cmsis.o)
    0x08005a30   0x0000001c   Code   RO         1867    i.svcThreadGetId    RTX_CM4_IFX.lib(rt_cmsis.o)
    0x08005a4c   0x00000038   Code   RO         1870    i.svcThreadTerminate  RTX_CM4_IFX.lib(rt_cmsis.o)
    0x08005a84   0x00000018   Code   RO         1872    i.svcTimerCall      RTX_CM4_IFX.lib(rt_cmsis.o)
    0x08005a9c   0x0000005c   Code   RO         1881    i.sysTimerTick      RTX_CM4_IFX.lib(rt_cmsis.o)
    0x08005af8   0x00000010   Data   RO            5    .constdata          main.o
    0x08005b08   0x00000010   Data   RO          187    .constdata          thread_pump.o
    0x08005b18   0x00000010   Data   RO          251    .constdata          thread_sensors.o
    0x08005b28   0x00000056   Data   RO          296    .constdata          rtx_conf_cm.o
    0x08005b7e   0x00000002   PAD
    0x08005b80   0x0000004c   Data   RO          327    .constdata          eth_mac.o
    0x08005bcc   0x00000010   Data   RO          443    .constdata          adc_measurement_conf.o
    0x08005bdc   0x00000014   Data   RO          502    .constdata          clock_xmc4_conf.o
    0x08005bf0   0x00000068   Data   RO          661    .constdata          global_adc_conf.o
    0x08005c58   0x00000040   Data   RO          794    .constdata          pwm_conf.o
    0x08005c98   0x00000034   Data   RO          823    .constdata          rtc.o
    0x08005ccc   0x00000028   Data   RO          862    .constdata          rtc_conf.o
    0x08005cf4   0x00000030   Data   RO         1001    .constdata          xmc4_scu.o
    0x08005d24   0x00000010   Data   RO         1644    .constdata          xmc_vadc.o
    0x08005d34   0x00000020   Data   RO         3844    Region$$Table       anon$$obj.o


    Execution Region RW_IRAM1 (Base: 0x20000000, Size: 0x0000ffd4, Max: 0x00010000, ABSOLUTE, COMPRESSED[0x000000d8])

    Base Addr    Size         Type   Attr      Idx    E Section Name        Object

    0x20000000   0x00000004   Data   RW            6    .data               main.o
    0x20000004   0x00000004   Data   RW          188    .data               thread_pump.o
    0x20000008   0x00000004   Data   RW          252    .data               thread_sensors.o
    0x2000000c   0x00000020   Data   RW          297    .data               rtx_conf_cm.o
    0x2000002c   0x00000004   Data   RW          328    .data               eth_mac.o
    0x20000030   0x00000040   Data   RW          444    .data               adc_measurement_conf.o
    0x20000070   0x00000018   Data   RW          600    .data               digital_io_conf.o
    0x20000088   0x0000004c   Data   RW          662    .data               global_adc_conf.o
    0x200000d4   0x0000000c   Data   RW          726    .data               global_ccu4_conf.o
    0x200000e0   0x00000018   Data   RW          795    .data               pwm_conf.o
    0x200000f8   0x0000000c   Data   RW          863    .data               rtc_conf.o
    0x20000104   0x00000008   Data   RW         1884    .data               RTX_CM4_IFX.lib(rt_cmsis.o)
    0x2000010c   0x00000008   Data   RW         2733    .data               RTX_CM4_IFX.lib(rt_task.o)
    0x20000114   0x00000008   Data   RW         2818    .data               RTX_CM4_IFX.lib(rt_system.o)
    0x2000011c   0x00000004   Data   RW         3108    .data               RTX_CM4_IFX.lib(rt_time.o)
    0x20000120   0x00000001   Data   RW         3228    .data               RTX_CM4_IFX.lib(hal_cm.o)
    0x20000121   0x00000003   PAD
    0x20000124   0x00000008   Data   RW         3429    .data               RTX_CM4_IFX.lib(rt_robin.o)
    0x2000012c   0x000024c0   Data   RW          329    RW_IRAM1            eth_mac.o
    0x200025ec   0x00000004   PAD
    0x200025f0   0x00001f30   Zero   RW          295    .bss                rtx_conf_cm.o
    0x20004520   0x0000000c   Zero   RW          326    .bss                eth_mac.o
    0x2000452c   0x00000080   Zero   RW         1000    .bss                xmc4_scu.o
    0x200045ac   0x00000034   Zero   RW         2732    .bss                RTX_CM4_IFX.lib(rt_task.o)
    0x200045e0   0x00000030   Zero   RW         2948    .bss                RTX_CM4_IFX.lib(rt_list.o)
    0x20004610   0x00000400   Zero   RW         1696    STACK               startup_xmc4500.o
    0x20004a10   0x0000b5b0   PAD
    0x2000ffc0   0x00000004   Zero   RW         1707    .ARM.__AT_0x2000FFC0  system_xmc4500.o
    0x2000ffc4   0x00000010   Zero   RW         1708    .ARM.__AT_0x2000FFC4  system_xmc4500.o


==============================================================================

Image component sizes


      Code (inc. data)   RO Data    RW Data    ZI Data      Debug   Object Name

       504          8          0          0          0      47728   adc_measurement.o
         0          0         16         64          0       1032   adc_measurement_conf.o
        44          4          0          0          0        833   clock_xmc4.o
        60          6         20          0          0        817   clock_xmc4_conf.o
        64         16          0          0          0        568   dave.o
        54          0          0          0          0       1847   digital_io.o
         0          0          0         24          0        279   digital_io_conf.o
      2804        172         76       9412         12      42431   eth_mac.o
       150          0          0          0          0      18211   global_adc.o
         0          0        104         76          0       2085   global_adc_conf.o
        70          0          0          0          0      13241   global_ccu4.o
         0          0          0         12          0       1144   global_ccu4_conf.o
       132         12         16          4          0     520949   main.o
      1110          0          0          0          0      21214   pwm.o
         0          0         64         24          0       2704   pwm_conf.o
       708         18         52          0          0       9525   rtc.o
         0          0         40         12          0        637   rtc_conf.o
        60          6         86         32       7984       7330   rtx_conf_cm.o
      2264        688        512          0       1024      11008   startup_xmc4500.o
       852         72          0          0         20       5030   system_xmc4500.o
       104         14         16          4          0      10832   thread_pump.o
       108         24         16          4          0       3926   thread_sensors.o
       240         10          0          0          0       1447   xmc4_gpio.o
       260         10          0          0          0       3504   xmc4_rtc.o
      3064        128         48          0        128      27437   xmc4_scu.o
      1166         26          0          0          0      24103   xmc_ccu4.o
       128          0          0          0          0       1649   xmc_gpio.o
       444         10          0          0          0       3595   xmc_rtc.o
      2768         30         16          0          0      35563   xmc_vadc.o

    ----------------------------------------------------------------------
     17160       1254       1116       9668      55684     820669   Object Totals
         0          0         32          0          0          0   (incl. Generated)
         2          0          2          0      46516          0   (incl. Padding)

    ----------------------------------------------------------------------

      Code (inc. data)   RO Data    RW Data    ZI Data      Debug   Library Member Name

       268         24          0          1          0       4128   hal_cm.o
       392         28          0          0          0        796   hal_cm4.o
      1438        178          0          8          0      35287   rt_cmsis.o
       272         18          0          0          0       2470   rt_event.o
       530         34          0          0         48       7765   rt_list.o
       550         10          0          0          0       3661   rt_mailbox.o
       128          0          0          0          0       1821   rt_membox.o
       128          0          0          0          0       2203   rt_memory.o
        96         22          0          8          0       1230   rt_robin.o
        52          4          0          0          0        557   rt_semaphore.o
       334         64          0          8          0       7187   rt_system.o
      1200        174          0          8         52       9253   rt_task.o
         6          0          0          4          0        668   rt_time.o
         4          4          0          0          0        200   svc_table.o
        86          0          0          0          0          0   __dczerorl2.o
         0          0          0          0          0          0   entry.o
         0          0          0          0          0          0   entry10a.o
         0          0          0          0          0          0   entry11a.o
         8          4          0          0          0          0   entry2.o
         4          0          0          0          0          0   entry5.o
         0          0          0          0          0          0   entry7b.o
         0          0          0          0          0          0   entry8b.o
        30          0          0          0          0          0   handlers.o
        36          8          0          0          0         68   init.o
        36          0          0          0          0         68   memcpya.o

    ----------------------------------------------------------------------
      5616        572          0         40        100      77362   Library Totals
        18          0          0          3          0          0   (incl. Padding)

    ----------------------------------------------------------------------

      Code (inc. data)   RO Data    RW Data    ZI Data      Debug   Library Name

      5398        560          0         37        100      77226   RTX_CM4_IFX.lib
       200         12          0          0          0        136   mc_w.l

    ----------------------------------------------------------------------
      5616        572          0         40        100      77362   Library Totals

    ----------------------------------------------------------------------

==============================================================================


      Code (inc. data)   RO Data    RW Data    ZI Data      Debug   

     22776       1826       1116       9708      55784     885715   Grand Totals
     22776       1826       1116        216      55784     885715   ELF Image Totals (compressed)
     22776       1826       1116        216          0          0   ROM Totals

==============================================================================

    Total RO  Size (Code + RO Data)                23892 (  23.33kB)
    Total RW  Size (RW Data + ZI Data)             65492 (  63.96kB)
    Total ROM Size (Code + RO Data + RW Data)      24108 (  23.54kB)

==============================================================================

