Component: ARM Compiler 5.05 update 1 (build 106) Tool: armlink [4d0efa]

==============================================================================

Section Cross References

    main.o(.text) refers to thread_pump.o(.text) for watering_isItTime
    main.o(.text) refers to rt_cmsis.o(i.osSignalSet) for osSignalSet
    main.o(.text) refers to rt_cmsis.o(i.osKernelInitialize) for osKernelInitialize
    main.o(.text) refers to dave.o(.text) for DAVE_Init
    main.o(.text) refers to thread_sensors.o(.text) for Init_Thread_Sensors
    main.o(.text) refers to thread_webserver.o(.text) for Init_Thread_WebServer
    main.o(.text) refers to rt_cmsis.o(i.osKernelStart) for osKernelStart
    main.o(.text) refers to rt_cmsis.o(i.osDelay) for osDelay
    main.o(.text) refers to thread_pump.o(.data) for t_pump
    thread_pump.o(.text) refers to rt_cmsis.o(i.osThreadCreate) for osThreadCreate
    thread_pump.o(.text) refers to pwm.o(.text) for PWM_SetDutyCycle
    thread_pump.o(.text) refers to rt_cmsis.o(i.osDelay) for osDelay
    thread_pump.o(.text) refers to rt_cmsis.o(i.osSignalWait) for osSignalWait
    thread_pump.o(.text) refers to rtc.o(.text) for RTC_GetTime
    thread_pump.o(.text) refers to thread_pump.o(.constdata) for os_thread_def_pump
    thread_pump.o(.text) refers to thread_pump.o(.data) for t_pump
    thread_pump.o(.text) refers to pwm_conf.o(.data) for PWM_0
    thread_pump.o(.constdata) refers to thread_pump.o(.text) for pump
    thread_webserver.o(.text) refers to rt_cmsis.o(i.osThreadCreate) for osThreadCreate
    thread_webserver.o(.text) refers to rt_cmsis.o(i.osDelay) for osDelay
    thread_webserver.o(.text) refers to thread_webserver.o(.constdata) for os_thread_def_webServer
    thread_webserver.o(.text) refers to thread_webserver.o(.data) for t_webServer
    thread_webserver.o(.text) refers to digital_io_conf.o(.data) for DIGITAL_IO_0
    thread_webserver.o(.constdata) refers to thread_webserver.o(.text) for webServer
    thread_sensors.o(.text) refers to rt_cmsis.o(i.osThreadCreate) for osThreadCreate
    thread_sensors.o(.text) refers to adc_measurement.o(.text) for ADC_MEASUREMENT_StartConversion
    thread_sensors.o(.text) refers to rt_cmsis.o(i.osDelay) for osDelay
    thread_sensors.o(.text) refers to logging_system.o(.text) for data_Write
    thread_sensors.o(.text) refers to thread_sensors.o(.constdata) for os_thread_def_sensors
    thread_sensors.o(.text) refers to thread_sensors.o(.data) for t_sensors
    thread_sensors.o(.text) refers to adc_measurement_conf.o(.data) for ADC_MEASUREMENT_0
    thread_sensors.o(.text) refers to digital_io_conf.o(.data) for DIGITAL_IO_0
    thread_sensors.o(.constdata) refers to thread_sensors.o(.text) for sensors
    logging_system.o(.text) refers to logging_system.o(.bss) for data_buffer
    logging_system.o(.text) refers to logging_system.o(.data) for i
    rtx_conf_cm.o(.ARM.Collect$$$$000000FF) refers to rt_cmsis.o(i.osKernelInitialize) for osKernelInitialize
    rtx_conf_cm.o(.ARM.Collect$$$$000000FF) refers to rt_cmsis.o(i.osThreadCreate) for osThreadCreate
    rtx_conf_cm.o(.ARM.Collect$$$$000000FF) refers to rt_cmsis.o(i.osKernelStart) for osKernelStart
    rtx_conf_cm.o(.ARM.Collect$$$$000000FF) refers to rtx_conf_cm.o(.data) for .data
    rtx_conf_cm.o(.constdata) refers to rt_cmsis.o(i.osTimerThread) for osTimerThread
    rtx_conf_cm.o(.constdata) refers to rtx_conf_cm.o(.bss) for os_messageQ_q_osTimerMessageQ
    rtx_conf_cm.o(.data) refers to main.o(.text) for main
    adc_measurement.o(.text) refers to global_adc.o(.text) for GLOBAL_ADC_Init
    adc_measurement.o(.text) refers to xmc_vadc.o(.text) for XMC_VADC_GLOBAL_InputClassInit
    adc_measurement_conf.o(.data) refers to adc_measurement_conf.o(.constdata) for backgnd_config
    adc_measurement_conf.o(.data) refers to global_adc_conf.o(.data) for GLOBAL_ADC_0
    clock_xmc4_conf.o(.text) refers to xmc4_scu.o(.text) for XMC_SCU_CLOCK_Init
    clock_xmc4_conf.o(.text) refers to clock_xmc4_conf.o(.constdata) for CLOCK_XMC4_0_ScuClk
    cpu_ctrl_xmc4_conf.o(.data) refers to cpu_ctrl_xmc4_conf.o(.constdata) for CPU_CTRL_XMC4_0_config
    dave.o(.text) refers to pwm.o(.text) for PWM_Init
    dave.o(.text) refers to rtc.o(.text) for RTC_Init
    dave.o(.text) refers to adc_measurement.o(.text) for ADC_MEASUREMENT_Init
    dave.o(.text) refers to digital_io.o(.text) for DIGITAL_IO_Init
    dave.o(.text) refers to pwm_conf.o(.data) for PWM_0
    dave.o(.text) refers to rtc_conf.o(.data) for RTC_0
    dave.o(.text) refers to adc_measurement_conf.o(.data) for ADC_MEASUREMENT_0
    dave.o(.text) refers to digital_io_conf.o(.data) for DIGITAL_IO_0
    digital_io.o(.text) refers to xmc4_gpio.o(.text) for XMC_GPIO_Init
    global_adc.o(.text) refers to xmc_vadc.o(.text) for XMC_VADC_GLOBAL_Init
    global_adc_conf.o(.data) refers to global_adc_conf.o(.constdata) for group_init_handle0
    global_ccu4.o(.text) refers to xmc_ccu4.o(.text) for XMC_CCU4_Init
[...]
    data_buffer                              0x20000194   Data          80  logging_system.o(.bss)
    .bss                                     0x200001e8   Section     7984  rtx_conf_cm.o(.bss)
    .bss                                     0x20002118   Section      128  xmc4_scu.o(.bss)
    .bss                                     0x20002198   Section       52  rt_task.o(.bss)
    .bss                                     0x200021cc   Section       48  rt_list.o(.bss)
    STACK                                    0x20002200   Section     1024  startup_xmc4500.o(STACK)
    .ARM.__AT_0x2000FFC0                     0x2000ffc0   Section        4  system_xmc4500.o(.ARM.__AT_0x2000FFC0)
    .ARM.__AT_0x2000FFC4                     0x2000ffc4   Section       16  system_xmc4500.o(.ARM.__AT_0x2000FFC4)

    Global Symbols

    Symbol Name                              Value     Ov Type        Size  Object(Section)

    BuildAttributes$$THM_ISAv4$E$P$D$K$B$S$7EM$VFPi3$EXTD16$VFPS$VFMA$PE$A:L22UL41UL21$X:L11$S22US41US21$IEEE1$IW$USESV6$~STKCKD$USESV7$~SHL$OSPACE$EBA8$MICROLIB$REQ8$PRES8$EABIv2 0x00000000   Number         0  anon$$obj.o ABSOLUTE
    __ARM_use_no_argv                        0x00000000   Number         0  main.o ABSOLUTE
    __cpp_initialize__aeabi_                  - Undefined Weak Reference
    __cxa_finalize                            - Undefined Weak Reference
    _clock_init                               - Undefined Weak Reference
    _microlib_exit                            - Undefined Weak Reference
    __Vectors_Size                           0x00000200   Number         0  startup_xmc4500.o ABSOLUTE
    __RL_RTX_VER                             0x00000478   Number         0  rt_system.o ABSOLUTE
    __Vectors                                0x08000000   Data           0  startup_xmc4500.o(RESET)
    __Vectors_End                            0x08000200   Data           0  startup_xmc4500.o(RESET)
    __main                                   0x08000201   Thumb Code     0  entry.o(.ARM.Collect$$$$00000000)
    _main_stk                                0x08000201   Thumb Code     0  entry2.o(.ARM.Collect$$$$00000001)
    _main_scatterload                        0x08000205   Thumb Code     0  entry5.o(.ARM.Collect$$$$00000004)
    __main_after_scatterload                 0x08000209   Thumb Code     0  entry5.o(.ARM.Collect$$$$00000004)
    __rt_final_cpp                           0x08000209   Thumb Code     0  entry10a.o(.ARM.Collect$$$$0000000D)
    __rt_final_exit                          0x08000209   Thumb Code     0  entry11a.o(.ARM.Collect$$$$0000000F)
    _main_clock                              0x08000209   Thumb Code     0  entry7b.o(.ARM.Collect$$$$00000008)
    _main_cpp_init                           0x08000209   Thumb Code     0  entry8b.o(.ARM.Collect$$$$0000000A)
    _main_init                               0x08000209   Thumb Code    18  rtx_conf_cm.o(.ARM.Collect$$$$000000FF)
    rt_set_PSP                               0x08000225   Thumb Code     6  hal_cm4.o(.emb_text)
    rt_get_PSP                               0x0800022b   Thumb Code     6  hal_cm4.o(.emb_text)
    os_set_env                               0x08000231   Thumb Code    24  hal_cm4.o(.emb_text)
    _alloc_box                               0x0800024d   Thumb Code    28  hal_cm4.o(.emb_text)
    _free_box                                0x0800026d   Thumb Code    28  hal_cm4.o(.emb_text)
    SVC_Handler                              0x0800028d   Thumb Code   152  hal_cm4.o(.emb_text)
    SVC_Handler_Veneer                       0x0800028d   Thumb Code     0  hal_cm4.o(.emb_text)
    PendSV_Handler                           0x08000331   Thumb Code   100  hal_cm4.o(.emb_text)
    PendSV_Handler_Veneer                    0x08000331   Thumb Code     0  hal_cm4.o(.emb_text)
    SysTick_Handler                          0x08000399   Thumb Code     8  hal_cm4.o(.emb_text)
    SysTick_Handler_Veneer                   0x08000399   Thumb Code     0  hal_cm4.o(.emb_text)
    OS_Tick_Handler                          0x080003a1   Thumb Code    12  hal_cm4.o(.emb_text)
    IRQ_HourPassed                           0x080003ad   Thumb Code    20  main.o(.text)
    main                                     0x080003c1   Thumb Code    38  main.o(.text)
    Init_Thread_Pump                         0x080003ed   Thumb Code    30  thread_pump.o(.text)
    pump                                     0x0800040b   Thumb Code    48  thread_pump.o(.text)
    watering_setTime                         0x0800043b   Thumb Code     6  thread_pump.o(.text)
    watering_daysSet                         0x08000441   Thumb Code     8  thread_pump.o(.text)
    watering_daysReset                       0x08000449   Thumb Code     8  thread_pump.o(.text)
    watering_isItTime                        0x08000451   Thumb Code    42  thread_pump.o(.text)
    computePumpOnTicks                       0x0800047b   Thumb Code    46  thread_pump.o(.text)
    watering_setWeekAmount                   0x080004a9   Thumb Code     6  thread_pump.o(.text)
    Init_Thread_WebServer                    0x080004cd   Thumb Code    30  thread_webserver.o(.text)
    webServer                                0x080004eb   Thumb Code    58  thread_webserver.o(.text)
    Init_Thread_Sensors                      0x08000531   Thumb Code    30  thread_sensors.o(.text)
    sensors_measureData                      0x0800054f   Thumb Code    92  thread_sensors.o(.text)
    sensors                                  0x080005ab   Thumb Code    40  thread_sensors.o(.text)
    sensors_setCheckInterval                 0x080005d3   Thumb Code    10  thread_sensors.o(.text)
    logging_writeToStorage                   0x08000601   Thumb Code     6  logging_system.o(.text)
    data_Write                               0x08000607   Thumb Code    50  logging_system.o(.text)
    data_Read                                0x08000639   Thumb Code    28  logging_system.o(.text)
    os_idle_demon                            0x0800065d   Thumb Code     4  rtx_conf_cm.o(.text)
    os_error                                 0x08000661   Thumb Code    32  rtx_conf_cm.o(.text)
    ADC_MEASUREMENT_GetAppVersion            0x08000681   Thumb Code    36  adc_measurement.o(.text)
    ADC_MEASUREMENT_Init                     0x080006a5   Thumb Code   374  adc_measurement.o(.text)
    ADC_MEASUREMENT_StartConversion          0x0800081b   Thumb Code    14  adc_measurement.o(.text)
    ADC_MEASUREMENT_GetResult                0x08000829   Thumb Code    30  adc_measurement.o(.text)
    ADC_MEASUREMENT_GetDetailedResult        0x08000847   Thumb Code    28  adc_measurement.o(.text)
    CLOCK_XMC4_GetDriverVersion              0x08000879   Thumb Code    36  clock_xmc4.o(.text)
    OSCHP_GetFrequency                       0x0800089d   Thumb Code     4  clock_xmc4.o(.text)
    SystemCoreClockSetup                     0x080008a5   Thumb Code    54  clock_xmc4_conf.o(.text)
    CPU_CTRL_XMC4_GetAppVersion              0x080008e1   Thumb Code    34  cpu_ctrl_xmc4.o(.text)
    CPU_CTRL_XMC4_Init                       0x08000903   Thumb Code    52  cpu_ctrl_xmc4.o(.text)
    DAVE_Init                                0x08000941   Thumb Code    48  dave.o(.text)
    DIGITAL_IO_GetAppVersion                 0x08000981   Thumb Code    36  digital_io.o(.text)
    DIGITAL_IO_Init                          0x080009a5   Thumb Code    18  digital_io.o(.text)
    GLOBAL_ADC_GetAppVersion                 0x080009b7   Thumb Code    34  global_adc.o(.text)
    GLOBAL_ADC_Init                          0x080009d9   Thumb Code   116  global_adc.o(.text)
    GLOBAL_CCU4_GetAppVersion                0x08000a4d   Thumb Code    34  global_ccu4.o(.text)
    GLOBAL_CCU4_Init                         0x08000a6f   Thumb Code    36  global_ccu4.o(.text)
    GLOBAL_SCU_XMC4_GetAppVersion            0x08000a95   Thumb Code    34  global_scu_xmc4.o(.text)
    GLOBAL_SCU_XMC4_Init                     0x08000ab7   Thumb Code   206  global_scu_xmc4.o(.text)
    GLOBAL_SCU_XMC4_RegisterCallback         0x08000b85   Thumb Code    20  global_scu_xmc4.o(.text)
    SCU_0_IRQHandler                         0x08000b99   Thumb Code    10  global_scu_xmc4.o(.text)
    PWM_lCCU4_Start                          0x08000bb1   Thumb Code    46  pwm.o(.text)
    PWM_Start                                0x08000bdf   Thumb Code    16  pwm.o(.text)
    PWM_lCCU4_ConfigInterrupts               0x08000bef   Thumb Code    66  pwm.o(.text)
    PWM_lCCU4_Init                           0x08000c31   Thumb Code   136  pwm.o(.text)
    PWM_lCCU4_Stop                           0x08000cb9   Thumb Code    60  pwm.o(.text)
    PWM_lCCU4_SetDutyCycle                   0x08000cf5   Thumb Code   102  pwm.o(.text)
    PWM_lCCU4_SetFreq                        0x08000d5b   Thumb Code   166  pwm.o(.text)
    PWM_lCCU4_SetFreqAndDutyCycle            0x08000e01   Thumb Code   180  pwm.o(.text)
    PWM_lCCU4_GetInterruptStatus             0x08000eb5   Thumb Code    22  pwm.o(.text)
    PWM_lCCU4_AcknowledgeInterrupt           0x08000ecb   Thumb Code    26  pwm.o(.text)
    PWM_lCCU4_SetPassiveLevel                0x08000ee5   Thumb Code    18  pwm.o(.text)
    PWM_GetAppVersion                        0x08000ef7   Thumb Code    34  pwm.o(.text)
    PWM_Init                                 0x08000f19   Thumb Code    22  pwm.o(.text)
    PWM_Stop                                 0x08000f2f   Thumb Code    16  pwm.o(.text)
    PWM_SetDutyCycle                         0x08000f3f   Thumb Code    26  pwm.o(.text)
    PWM_SetFreq                              0x08000f59   Thumb Code    26  pwm.o(.text)
    PWM_SetFreqAndDutyCycle                  0x08000f73   Thumb Code    34  pwm.o(.text)
    PWM_GetTimerStatus                       0x08000f95   Thumb Code    24  pwm.o(.text)
    PWM_GetInterruptStatus                   0x08000fad   Thumb Code    26  pwm.o(.text)
    PWM_AcknowledgeInterrupt                 0x08000fc7   Thumb Code    20  pwm.o(.text)
    PWM_SetPassiveLevel                      0x08000fdb   Thumb Code    20  pwm.o(.text)
    RTC_GetAppVersion                        0x08001009   Thumb Code    36  rtc.o(.text)
    RTC_lRegister_Callbacks                  0x0800102d   Thumb Code    46  rtc.o(.text)
    RTC_lConfigureInterrupts                 0x0800105b   Thumb Code    92  rtc.o(.text)
    RTC_Init                                 0x080010b7   Thumb Code    92  rtc.o(.text)
    RTC_SetTime                              0x08001113   Thumb Code    64  rtc.o(.text)
    RTC_GetTime                              0x08001153   Thumb Code    40  rtc.o(.text)
    RTC_SetAlarmTime                         0x0800117b   Thumb Code    64  rtc.o(.text)
    RTC_GetAlarmTime                         0x080011bb   Thumb Code    40  rtc.o(.text)
    RTC_GetFlagStatus                        0x080011e3   Thumb Code    12  rtc.o(.text)
    RTC_lleapyear                            0x080011ef   Thumb Code    40  rtc.o(.text)
    RTC_Time                                 0x08001217   Thumb Code   196  rtc.o(.text)
    XMC_GPIO_Init                            0x080012fd   Thumb Code   166  xmc4_gpio.o(.text)
    XMC_GPIO_SetOutputStrength               0x080013a3   Thumb Code    64  xmc4_gpio.o(.text)
    XMC_RTC_Enable                           0x080013ed   Thumb Code     8  xmc4_rtc.o(.text)
    XMC_RTC_Disable                          0x080013f5   Thumb Code     2  xmc4_rtc.o(.text)
    XMC_RTC_IsEnabled                        0x080013f7   Thumb Code     8  xmc4_rtc.o(.text)
    XMC_RTC_Init                             0x080013ff   Thumb Code   124  xmc4_rtc.o(.text)
    XMC_RTC_EnableEvent                      0x0800147b   Thumb Code    34  xmc4_rtc.o(.text)
    XMC_RTC_DisableEvent                     0x0800149d   Thumb Code    34  xmc4_rtc.o(.text)
    XMC_RTC_ClearEvent                       0x080014bf   Thumb Code    34  xmc4_rtc.o(.text)
    XMC_SCU_GetBootMode                      0x08001513   Thumb Code    10  xmc4_scu.o(.text)
    XMC_SCU_SetBootMode                      0x0800151d   Thumb Code     6  xmc4_scu.o(.text)
    XMC_SCU_ReadGPR                          0x08001523   Thumb Code    12  xmc4_scu.o(.text)
    XMC_SCU_WriteGPR                         0x0800152f   Thumb Code    10  xmc4_scu.o(.text)
    XMC_SCU_EnableOutOfRangeComparator       0x08001539   Thumb Code    24  xmc4_scu.o(.text)
    XMC_SCU_DisableOutOfRangeComparator      0x08001551   Thumb Code    24  xmc4_scu.o(.text)
    XMC_SCU_CalibrateTemperatureSensor       0x08001569   Thumb Code    18  xmc4_scu.o(.text)
    XMC_SCU_EnableTemperatureSensor          0x0800157b   Thumb Code    18  xmc4_scu.o(.text)
    XMC_SCU_DisableTemperatureSensor         0x0800158d   Thumb Code    18  xmc4_scu.o(.text)
    XMC_SCU_IsTemperatureSensorEnabled       0x0800159f   Thumb Code    16  xmc4_scu.o(.text)
    XMC_SCU_IsTemperatureSensorReady         0x080015af   Thumb Code    12  xmc4_scu.o(.text)
    XMC_SCU_IsTemperatureSensorBusy          0x080015bb   Thumb Code    12  xmc4_scu.o(.text)
    XMC_SCU_StartTemperatureMeasurement      0x080015c7   Thumb Code    40  xmc4_scu.o(.text)
    XMC_SCU_GetTemperature                   0x080015ef   Thumb Code    28  xmc4_scu.o(.text)
    XMC_SCU_WriteToRetentionMemory           0x0800160b   Thumb Code    42  xmc4_scu.o(.text)
    XMC_SCU_ReadFromRetentionMemory          0x08001635   Thumb Code    44  xmc4_scu.o(.text)
    XMC_SCU_CLOCK_SetSystemClockSource       0x08001661   Thumb Code    16  xmc4_scu.o(.text)
    XMC_SCU_CLOCK_StepSystemPllFrequency     0x08001671   Thumb Code    30  xmc4_scu.o(.text)
    XMC_SCU_CLOCK_SetSystemPllClockSource    0x0800168f   Thumb Code    42  xmc4_scu.o(.text)
    XMC_SCU_CLOCK_StartSystemPll             0x080016b9   Thumb Code   344  xmc4_scu.o(.text)
    XMC_SCU_CLOCK_EnableSystemPll            0x08001811   Thumb Code    18  xmc4_scu.o(.text)
    XMC_SCU_CLOCK_DisableSystemPll           0x08001823   Thumb Code    20  xmc4_scu.o(.text)
    XMC_SCU_CLOCK_EnableHighPerformanceOscillator 0x08001837   Thumb Code    86  xmc4_scu.o(.text)
    XMC_SCU_CLOCK_SetPeripheralClockDivider  0x0800188d   Thumb Code    22  xmc4_scu.o(.text)
    XMC_SCU_CLOCK_SetCcuClockDivider         0x080018a3   Thumb Code    22  xmc4_scu.o(.text)
    XMC_SCU_CLOCK_SetCpuClockDivider         0x080018b9   Thumb Code    22  xmc4_scu.o(.text)
    XMC_SCU_CLOCK_SetSystemClockDivider      0x080018cf   Thumb Code    70  xmc4_scu.o(.text)
    XMC_SCU_CLOCK_SetBackupClockCalibrationMode 0x08001915   Thumb Code    56  xmc4_scu.o(.text)
    XMC_SCU_HIB_SetStandbyClockSource        0x0800194d   Thumb Code    34  xmc4_scu.o(.text)
    XMC_SCU_CLOCK_EnableLowPowerOscillator   0x0800196f   Thumb Code   120  xmc4_scu.o(.text)
    XMC_SCU_HIB_EnableHibernateDomain        0x080019e7   Thumb Code    80  xmc4_scu.o(.text)
    XMC_SCU_CLOCK_Init                       0x08001a37   Thumb Code   122  xmc4_scu.o(.text)
    XMC_SCU_TRAP_Enable                      0x08001ab1   Thumb Code    18  xmc4_scu.o(.text)
    XMC_SCU_TRAP_Disable                     0x08001ac3   Thumb Code    18  xmc4_scu.o(.text)
    XMC_SCU_TRAP_GetStatus                   0x08001ad5   Thumb Code     8  xmc4_scu.o(.text)
    XMC_SCU_TRAP_Trigger                     0x08001add   Thumb Code    18  xmc4_scu.o(.text)
    XMC_SCU_TRAP_ClearStatus                 0x08001aef   Thumb Code    18  xmc4_scu.o(.text)
    XMC_SCU_PARITY_ClearStatus               0x08001b01   Thumb Code    18  xmc4_scu.o(.text)
    XMC_SCU_PARITY_GetStatus                 0x08001b13   Thumb Code     8  xmc4_scu.o(.text)
    XMC_SCU_PARITY_Enable                    0x08001b1b   Thumb Code    18  xmc4_scu.o(.text)
    XMC_SCU_PARITY_Disable                   0x08001b2d   Thumb Code    18  xmc4_scu.o(.text)
    XMC_SCU_PARITY_EnableTrapGeneration      0x08001b3f   Thumb Code    18  xmc4_scu.o(.text)
    XMC_SCU_PARITY_DisableTrapGeneration     0x08001b51   Thumb Code    18  xmc4_scu.o(.text)
    XMC_SCU_INTERRUPT_EnableNmiRequest       0x08001b63   Thumb Code    18  xmc4_scu.o(.text)
    XMC_SCU_INTERRUPT_DisableNmiRequest      0x08001b75   Thumb Code    18  xmc4_scu.o(.text)
    XMC_SCU_RESET_AssertPeripheralReset      0x08001b87   Thumb Code    28  xmc4_scu.o(.text)
    XMC_SCU_RESET_DeassertPeripheralReset    0x08001ba3   Thumb Code    28  xmc4_scu.o(.text)
    XMC_SCU_RESET_IsPeripheralResetAsserted  0x08001bbf   Thumb Code    28  xmc4_scu.o(.text)
    XMC_SCU_CLOCK_GetSystemPllClockSourceFrequency 0x08001bdb   Thumb Code    24  xmc4_scu.o(.text)
    XMC_SCU_CLOCK_GetSystemPllClockFrequency 0x08001bf3   Thumb Code    94  xmc4_scu.o(.text)
    XMC_SCU_CLOCK_GetUsbPllClockFrequency    0x08001c51   Thumb Code    58  xmc4_scu.o(.text)
    XMC_SCU_CLOCK_GetCcuClockFrequency       0x08001c8b   Thumb Code    26  xmc4_scu.o(.text)
    XMC_SCU_CLOCK_GetUsbClockFrequency       0x08001ca5   Thumb Code    58  xmc4_scu.o(.text)
    XMC_SCU_CLOCK_GetEbuClockFrequency       0x08001cdf   Thumb Code    62  xmc4_scu.o(.text)
    XMC_SCU_CLOCK_GetWdtClockFrequency       0x08001d1d   Thumb Code    60  xmc4_scu.o(.text)
    XMC_SCU_CLOCK_GetExternalOutputClockFrequency 0x08001d59   Thumb Code    86  xmc4_scu.o(.text)
    XMC_SCU_CLOCK_GetPeripheralClockFrequency 0x08001daf   Thumb Code    20  xmc4_scu.o(.text)
    XMC_SCU_CLOCK_SetUsbClockSource          0x08001dc3   Thumb Code    20  xmc4_scu.o(.text)
    XMC_SCU_CLOCK_SetWdtClockSource          0x08001dd7   Thumb Code    16  xmc4_scu.o(.text)
    XMC_SCU_CLOCK_SetExternalOutputClockSource 0x08001de7   Thumb Code    20  xmc4_scu.o(.text)
    XMC_SCU_HIB_SetRtcClockSource            0x08001dfb   Thumb Code    34  xmc4_scu.o(.text)
    XMC_SCU_CLOCK_SetUsbClockDivider         0x08001e1d   Thumb Code    22  xmc4_scu.o(.text)
    XMC_SCU_CLOCK_SetEbuClockDivider         0x08001e33   Thumb Code    22  xmc4_scu.o(.text)
    XMC_SCU_CLOCK_SetWdtClockDivider         0x08001e49   Thumb Code    18  xmc4_scu.o(.text)
    XMC_SCU_CLOCK_SetExternalOutputClockDivider 0x08001e5b   Thumb Code    24  xmc4_scu.o(.text)
    XMC_SCU_CLOCK_EnableClock                0x08001e73   Thumb Code     8  xmc4_scu.o(.text)
    XMC_SCU_CLOCK_DisableClock               0x08001e7b   Thumb Code     8  xmc4_scu.o(.text)
    XMC_SCU_CLOCK_IsClockEnabled             0x08001e83   Thumb Code    20  xmc4_scu.o(.text)
    XMC_SCU_CLOCK_EnableUsbPll               0x08001e97   Thumb Code    14  xmc4_scu.o(.text)
    XMC_SCU_CLOCK_DisableUsbPll              0x08001ea5   Thumb Code    16  xmc4_scu.o(.text)
    XMC_SCU_CLOCK_StartUsbPll                0x08001eb5   Thumb Code    84  xmc4_scu.o(.text)
    XMC_SCU_CLOCK_StopUsbPll                 0x08001f09   Thumb Code    10  xmc4_scu.o(.text)
    XMC_SCU_POWER_EnableUsb                  0x08001f13   Thumb Code    32  xmc4_scu.o(.text)
    XMC_SCU_POWER_DisableUsb                 0x08001f33   Thumb Code    34  xmc4_scu.o(.text)
    XMC_SCU_CLOCK_IsUsbPllLocked             0x08001f55   Thumb Code    12  xmc4_scu.o(.text)
    XMC_SCU_HIB_DisableHibernateDomain       0x08001f61   Thumb Code    36  xmc4_scu.o(.text)
    XMC_SCU_HIB_IsHibernateDomainEnabled     0x08001f85   Thumb Code    32  xmc4_scu.o(.text)
    XMC_SCU_HIB_EnableInternalSlowClock      0x08001fa5   Thumb Code    34  xmc4_scu.o(.text)
    XMC_SCU_HIB_DisableInternalSlowClock     0x08001fc7   Thumb Code    34  xmc4_scu.o(.text)
    XMC_SCU_CLOCK_DisableLowPowerOscillator  0x08001fe9   Thumb Code    34  xmc4_scu.o(.text)
    XMC_SCU_CLOCK_DisableHighPerformanceOscillator 0x0800200b   Thumb Code    18  xmc4_scu.o(.text)
    XMC_SCU_CLOCK_StopSystemPll              0x0800201d   Thumb Code    18  xmc4_scu.o(.text)
    XMC_SCU_CLOCK_IsSystemPllLocked          0x0800202f   Thumb Code    12  xmc4_scu.o(.text)
    XMC_SCU_INTERRUPT_SetEventHandler        0x0800203b   Thumb Code    38  xmc4_scu.o(.text)
    XMC_SCU_IRQHandler                       0x08002061   Thumb Code    76  xmc4_scu.o(.text)
    XMC_CCU4_GetDriverVersion                0x080020e9   Thumb Code    36  xmc_ccu4.o(.text)
    XMC_CCU4_lDeassertReset                  0x0800210d   Thumb Code    54  xmc_ccu4.o(.text)
    XMC_CCU4_EnableModule                    0x08002143   Thumb Code    18  xmc_ccu4.o(.text)
    XMC_CCU4_lAssertReset                    0x08002155   Thumb Code    54  xmc_ccu4.o(.text)
    XMC_CCU4_DisableModule                   0x0800218b   Thumb Code    12  xmc_ccu4.o(.text)
    XMC_CCU4_Init                            0x08002197   Thumb Code    26  xmc_ccu4.o(.text)
    XMC_CCU4_SetModuleClock                  0x080021b1   Thumb Code    16  xmc_ccu4.o(.text)
    XMC_CCU4_SetMultiChannelShadowTransferMode 0x080021c1   Thumb Code    14  xmc_ccu4.o(.text)
    XMC_CCU4_SLICE_CompareInit               0x080021cf   Thumb Code    48  xmc_ccu4.o(.text)
    XMC_CCU4_SLICE_CaptureInit               0x080021ff   Thumb Code    32  xmc_ccu4.o(.text)
    XMC_CCU4_SLICE_StartConfig               0x0800221f   Thumb Code    36  xmc_ccu4.o(.text)
    XMC_CCU4_SLICE_StopConfig                0x08002243   Thumb Code    32  xmc_ccu4.o(.text)
    XMC_CCU4_SLICE_LoadConfig                0x08002263   Thumb Code    16  xmc_ccu4.o(.text)
    XMC_CCU4_SLICE_ModulationConfig          0x08002273   Thumb Code    52  xmc_ccu4.o(.text)
    XMC_CCU4_SLICE_CountConfig               0x080022a7   Thumb Code    16  xmc_ccu4.o(.text)
    XMC_CCU4_SLICE_GateConfig                0x080022b7   Thumb Code    16  xmc_ccu4.o(.text)
    XMC_CCU4_SLICE_Capture0Config            0x080022c7   Thumb Code    16  xmc_ccu4.o(.text)
    XMC_CCU4_SLICE_Capture1Config            0x080022d7   Thumb Code    16  xmc_ccu4.o(.text)
    XMC_CCU4_SLICE_DirectionConfig           0x080022e7   Thumb Code    16  xmc_ccu4.o(.text)
    XMC_CCU4_SLICE_StatusBitOverrideConfig   0x080022f7   Thumb Code    14  xmc_ccu4.o(.text)
    XMC_CCU4_SLICE_TrapConfig                0x08002305   Thumb Code    52  xmc_ccu4.o(.text)
    XMC_CCU4_SLICE_ConfigureStatusBitOverrideEvent 0x08002339   Thumb Code    90  xmc_ccu4.o(.text)
    XMC_CCU4_SLICE_ConfigureEvent            0x08002393   Thumb Code    94  xmc_ccu4.o(.text)
    XMC_CCU4_SLICE_SetInput                  0x080023f1   Thumb Code    34  xmc_ccu4.o(.text)
    XMC_CCU4_SLICE_SetTimerRepeatMode        0x08002413   Thumb Code    22  xmc_ccu4.o(.text)
    XMC_CCU4_SLICE_SetTimerCountingMode      0x08002429   Thumb Code    22  xmc_ccu4.o(.text)
    XMC_CCU4_SLICE_GetCaptureRegisterValue   0x0800243f   Thumb Code    12  xmc_ccu4.o(.text)
    XMC_CCU4_SLICE_GetLastCapturedTimerValue 0x0800244b   Thumb Code    82  xmc_ccu4.o(.text)
    XMC_CCU4_GetCapturedValueFromFifo        0x0800249d   Thumb Code    20  xmc_ccu4.o(.text)
    XMC_CCU4_SLICE_EnableDithering           0x080024b1   Thumb Code    36  xmc_ccu4.o(.text)
    XMC_CCU4_SLICE_SetPrescaler              0x080024d5   Thumb Code    16  xmc_ccu4.o(.text)
    XMC_CCU4_EnableShadowTransfer            0x080024e5   Thumb Code    24  xmc_ccu4.o(.text)
    XMC_CCU4_SLICE_GetEvent                  0x080024fd   Thumb Code    22  xmc_ccu4.o(.text)
    XMC_CCU4_SLICE_SetInterruptNode          0x08002513   Thumb Code    86  xmc_ccu4.o(.text)
    XMC_CCU4_SLICE_SetPassiveLevel           0x08002569   Thumb Code    14  xmc_ccu4.o(.text)
    XMC_RTC_GetDriverVersion                 0x08002579   Thumb Code    36  xmc_rtc.o(.text)
    XMC_RTC_Start                            0x0800259d   Thumb Code    30  xmc_rtc.o(.text)
    XMC_RTC_Stop                             0x080025bb   Thumb Code    30  xmc_rtc.o(.text)
    XMC_RTC_SetPrescaler                     0x080025d9   Thumb Code    32  xmc_rtc.o(.text)
    XMC_RTC_SetTime                          0x080025f9   Thumb Code    50  xmc_rtc.o(.text)
    XMC_RTC_GetTime                          0x0800262b   Thumb Code    18  xmc_rtc.o(.text)
    XMC_RTC_GetTimeStdFormat                 0x0800263d   Thumb Code    82  xmc_rtc.o(.text)
    XMC_RTC_SetAlarm                         0x0800268f   Thumb Code    50  xmc_rtc.o(.text)
    XMC_RTC_GetAlarm                         0x080026c1   Thumb Code    18  xmc_rtc.o(.text)
    XMC_RTC_GetAlarmStdFormat                0x080026d3   Thumb Code    74  xmc_rtc.o(.text)
    XMC_RTC_GetEventStatus                   0x0800271d   Thumb Code     8  xmc_rtc.o(.text)
    XMC_VADC_GetDriverVersion                0x08002735   Thumb Code    36  xmc_vadc.o(.text)
    XMC_VADC_GLOBAL_EnableModule             0x08002759   Thumb Code    10  xmc_vadc.o(.text)
    XMC_VADC_GLOBAL_DisableModule            0x08002763   Thumb Code    10  xmc_vadc.o(.text)
    XMC_VADC_GLOBAL_Init                     0x0800276d   Thumb Code    50  xmc_vadc.o(.text)
    XMC_VADC_GLOBAL_InputClassInit           0x0800279f   Thumb Code    38  xmc_vadc.o(.text)
    XMC_VADC_GLOBAL_StartupCalibration       0x080027c5   Thumb Code    56  xmc_vadc.o(.text)
    XMC_VADC_GLOBAL_SetBoundaries            0x080027fd   Thumb Code    18  xmc_vadc.o(.text)
    XMC_VADC_GLOBAL_SetCompareValue          0x0800280f   Thumb Code    26  xmc_vadc.o(.text)
    XMC_VADC_GLOBAL_GetCompareResult         0x08002829   Thumb Code    22  xmc_vadc.o(.text)
    XMC_VADC_GLOBAL_BindGroupToEMux          0x0800283f   Thumb Code    44  xmc_vadc.o(.text)
    XMC_VADC_GLOBAL_SetResultEventInterruptNode 0x0800286b   Thumb Code    36  xmc_vadc.o(.text)
    XMC_VADC_GLOBAL_BackgroundSetReqSrcEventInterruptNode 0x0800288f   Thumb Code    34  xmc_vadc.o(.text)
    XMC_VADC_GROUP_InputClassInit            0x080028b1   Thumb Code   110  xmc_vadc.o(.text)
    XMC_VADC_GROUP_Init                      0x0800291f   Thumb Code    84  xmc_vadc.o(.text)
    XMC_VADC_GROUP_SetPowerMode              0x08002973   Thumb Code    18  xmc_vadc.o(.text)
    XMC_VADC_GROUP_SetSyncSlave              0x08002985   Thumb Code    26  xmc_vadc.o(.text)
    XMC_VADC_GROUP_SetSyncMaster             0x0800299f   Thumb Code    14  xmc_vadc.o(.text)
    XMC_VADC_GROUP_CheckSlaveReadiness       0x080029ad   Thumb Code    50  xmc_vadc.o(.text)
    XMC_VADC_GROUP_IgnoreSlaveReadiness      0x080029df   Thumb Code    50  xmc_vadc.o(.text)
    XMC_VADC_GROUP_EnableChannelSyncRequest  0x08002a11   Thumb Code    34  xmc_vadc.o(.text)
    XMC_VADC_GROUP_DisableChannelSyncRequest 0x08002a33   Thumb Code    34  xmc_vadc.o(.text)
    XMC_VADC_GROUP_IsConverterBusy           0x08002a55   Thumb Code    16  xmc_vadc.o(.text)
    XMC_VADC_GROUP_SetBoundaries             0x08002a65   Thumb Code    28  xmc_vadc.o(.text)
    XMC_VADC_GROUP_TriggerServiceRequest     0x08002a81   Thumb Code    36  xmc_vadc.o(.text)
    XMC_VADC_GROUP_ScanInit                  0x08002aa5   Thumb Code   114  xmc_vadc.o(.text)
    XMC_VADC_GROUP_ScanSelectTrigger         0x08002b17   Thumb Code    24  xmc_vadc.o(.text)
    XMC_VADC_GROUP_ScanSelectGating          0x08002b2f   Thumb Code    24  xmc_vadc.o(.text)
    XMC_VADC_GROUP_ScanSequenceAbort         0x08002b47   Thumb Code    94  xmc_vadc.o(.text)
    XMC_VADC_GROUP_ScanGetNumChannelsPending 0x08002ba5   Thumb Code    38  xmc_vadc.o(.text)
    XMC_VADC_GROUP_ScanSetReqSrcEventInterruptNode 0x08002bcb   Thumb Code    20  xmc_vadc.o(.text)
    XMC_VADC_GLOBAL_BackgroundInit           0x08002bdf   Thumb Code   168  xmc_vadc.o(.text)
    XMC_VADC_GLOBAL_BackgroundSelectTrigger  0x08002c87   Thumb Code    24  xmc_vadc.o(.text)
    XMC_VADC_GLOBAL_BackgroundSelectGating   0x08002c9f   Thumb Code    24  xmc_vadc.o(.text)
    XMC_VADC_GLOBAL_BackgroundAbortSequence  0x08002cb7   Thumb Code   104  xmc_vadc.o(.text)
    XMC_VADC_GLOBAL_BackgroundGetNumChannelsPending 0x08002d1f   Thumb Code    56  xmc_vadc.o(.text)
    XMC_VADC_GROUP_QueueInit                 0x08002d57   Thumb Code   108  xmc_vadc.o(.text)
    XMC_VADC_GROUP_QueueSelectTrigger        0x08002dc3   Thumb Code    24  xmc_vadc.o(.text)
    XMC_VADC_GROUP_QueueSelectGating         0x08002ddb   Thumb Code    24  xmc_vadc.o(.text)
    XMC_VADC_GROUP_QueueGetLength            0x08002df3   Thumb Code    38  xmc_vadc.o(.text)
    XMC_VADC_GROUP_QueueAbortSequence        0x08002e19   Thumb Code    80  xmc_vadc.o(.text)
    XMC_VADC_GROUP_QueueRemoveChannel        0x08002e69   Thumb Code   102  xmc_vadc.o(.text)
    XMC_VADC_GROUP_QueueGetNextChannel       0x08002ecf   Thumb Code    48  xmc_vadc.o(.text)
    XMC_VADC_GROUP_QueueGetInterruptedChannel 0x08002eff   Thumb Code    28  xmc_vadc.o(.text)
    XMC_VADC_GROUP_QueueSetReqSrcEventInterruptNode 0x08002f1b   Thumb Code    18  xmc_vadc.o(.text)
    XMC_VADC_GROUP_ChannelInit               0x08002f2d   Thumb Code    96  xmc_vadc.o(.text)
    XMC_VADC_GROUP_SetChannelAlias           0x08002f8d   Thumb Code    38  xmc_vadc.o(.text)
    XMC_VADC_GROUP_ChannelIsResultOutOfBounds 0x08002fb3   Thumb Code    54  xmc_vadc.o(.text)
    XMC_VADC_GROUP_ChannelSetInputReference  0x08002fe9   Thumb Code    26  xmc_vadc.o(.text)
    XMC_VADC_GROUP_ChannelSetResultRegister  0x08003003   Thumb Code    26  xmc_vadc.o(.text)
    XMC_VADC_GROUP_ChannelGetResultRegister  0x0800301d   Thumb Code    16  xmc_vadc.o(.text)
    XMC_VADC_GROUP_ChannelTriggerEvent       0x0800302d   Thumb Code    16  xmc_vadc.o(.text)
    XMC_VADC_GROUP_ChannelSetEventInterruptNode 0x0800303d   Thumb Code    30  xmc_vadc.o(.text)
    XMC_VADC_GROUP_ChannelTriggerEventGenCriteria 0x0800305b   Thumb Code    26  xmc_vadc.o(.text)
    XMC_VADC_GROUP_AddResultToFifo           0x08003075   Thumb Code    22  xmc_vadc.o(.text)
    XMC_VADC_GROUP_SetResultFastCompareValue 0x0800308b   Thumb Code    26  xmc_vadc.o(.text)
    XMC_VADC_GROUP_GetFastCompareResult      0x080030a5   Thumb Code    28  xmc_vadc.o(.text)
    XMC_VADC_GROUP_SetResultInterruptNode    0x080030c1   Thumb Code    68  xmc_vadc.o(.text)
    XMC_VADC_GROUP_IsResultRegisterFifoHead  0x08003105   Thumb Code    46  xmc_vadc.o(.text)
    XMC_VADC_GROUP_GetResultFifoTail         0x08003133   Thumb Code    94  xmc_vadc.o(.text)
    XMC_VADC_GROUP_GetResultFifoHead         0x08003191   Thumb Code    60  xmc_vadc.o(.text)
    Reset_Handler                            0x08003205   Thumb Code    28  startup_xmc4500.o(.text)
    NMI_Handler                              0x08003221   Thumb Code     2  startup_xmc4500.o(.text)
    NMI_Handler_Veneer                       0x08003223   Thumb Code    42  startup_xmc4500.o(.text)
    HardFault_Handler                        0x0800324d   Thumb Code     2  startup_xmc4500.o(.text)
    HardFault_Handler_Veneer                 0x0800324f   Thumb Code    18  startup_xmc4500.o(.text)
    MemManage_Handler                        0x08003261   Thumb Code     2  startup_xmc4500.o(.text)
    MemManage_Handler_Veneer                 0x08003263   Thumb Code    18  startup_xmc4500.o(.text)
    BusFault_Handler                         0x08003275   Thumb Code     2  startup_xmc4500.o(.text)
    BusFault_Handler_Veneer                  0x08003277   Thumb Code    18  startup_xmc4500.o(.text)
    UsageFault_Handler                       0x08003289   Thumb Code     2  startup_xmc4500.o(.text)
    UsageFault_Handler_Veneer                0x0800328b   Thumb Code    18  startup_xmc4500.o(.text)
    DebugMon_Handler                         0x080032b1   Thumb Code     2  startup_xmc4500.o(.text)
    DebugMon_Handler_Veneer                  0x080032b3   Thumb Code    18  startup_xmc4500.o(.text)
    SCU_0_IRQHandler_Veneer                  0x080032ef   Thumb Code    18  startup_xmc4500.o(.text)
    ERU0_0_IRQHandler                        0x08003301   Thumb Code     2  startup_xmc4500.o(.text)
    ERU0_0_IRQHandler_Veneer                 0x08003303   Thumb Code    18  startup_xmc4500.o(.text)
    ERU0_1_IRQHandler                        0x08003315   Thumb Code     2  startup_xmc4500.o(.text)
    ERU0_1_IRQHandler_Veneer                 0x08003317   Thumb Code    18  startup_xmc4500.o(.text)
    ERU0_2_IRQHandler                        0x08003329   Thumb Code     2  startup_xmc4500.o(.text)
    ERU0_2_IRQHandler_Veneer                 0x0800332b   Thumb Code    18  startup_xmc4500.o(.text)
    ERU0_3_IRQHandler                        0x0800333d   Thumb Code     2  startup_xmc4500.o(.text)
    ERU0_3_IRQHandler_Veneer                 0x0800333f   Thumb Code    18  startup_xmc4500.o(.text)
    ERU1_0_IRQHandler                        0x08003351   Thumb Code     2  startup_xmc4500.o(.text)
    ERU1_0_IRQHandler_Veneer                 0x08003353   Thumb Code    18  startup_xmc4500.o(.text)
    ERU1_1_IRQHandler                        0x08003365   Thumb Code     2  startup_xmc4500.o(.text)
    ERU1_1_IRQHandler_Veneer                 0x08003367   Thumb Code    18  startup_xmc4500.o(.text)
    ERU1_2_IRQHandler                        0x08003379   Thumb Code     2  startup_xmc4500.o(.text)
    ERU1_2_IRQHandler_Veneer                 0x0800337b   Thumb Code    18  startup_xmc4500.o(.text)
    ERU1_3_IRQHandler                        0x0800338d   Thumb Code     2  startup_xmc4500.o(.text)
    ERU1_3_IRQHandler_Veneer                 0x0800338f   Thumb Code    18  startup_xmc4500.o(.text)
    PMU0_0_IRQHandler                        0x080033a1   Thumb Code     2  startup_xmc4500.o(.text)
    PMU0_0_IRQHandler_Veneer                 0x080033a3   Thumb Code    18  startup_xmc4500.o(.text)
    VADC0_C0_0_IRQHandler                    0x080033b5   Thumb Code     2  startup_xmc4500.o(.text)
    VADC0_C0_0_IRQHandler_Veneer             0x080033b7   Thumb Code    18  startup_xmc4500.o(.text)
    VADC0_C0_1_IRQHandler                    0x080033c9   Thumb Code     2  startup_xmc4500.o(.text)
    VADC0_C0_1_IRQHandler_Veneer             0x080033cb   Thumb Code    18  startup_xmc4500.o(.text)
    VADC0_C0_2_IRQHandler                    0x080033dd   Thumb Code     2  startup_xmc4500.o(.text)
    VADC0_C0_2_IRQHandler_Veneer             0x080033df   Thumb Code    18  startup_xmc4500.o(.text)
    VADC0_C0_3_IRQHandler                    0x080033f1   Thumb Code     2  startup_xmc4500.o(.text)
    VADC0_C0_3_IRQHandler_Veneer             0x080033f3   Thumb Code    18  startup_xmc4500.o(.text)
    VADC0_G0_0_IRQHandler                    0x08003405   Thumb Code     2  startup_xmc4500.o(.text)
    VADC0_G0_0_IRQHandler_Veneer             0x08003407   Thumb Code    18  startup_xmc4500.o(.text)
    VADC0_G0_1_IRQHandler                    0x08003419   Thumb Code     2  startup_xmc4500.o(.text)
    VADC0_G0_1_IRQHandler_Veneer             0x0800341b   Thumb Code    18  startup_xmc4500.o(.text)
    VADC0_G0_2_IRQHandler                    0x0800342d   Thumb Code     2  startup_xmc4500.o(.text)
    VADC0_G0_2_IRQHandler_Veneer             0x0800342f   Thumb Code    18  startup_xmc4500.o(.text)
    VADC0_G0_3_IRQHandler                    0x08003441   Thumb Code     2  startup_xmc4500.o(.text)
    VADC0_G0_3_IRQHandler_Veneer             0x08003443   Thumb Code    18  startup_xmc4500.o(.text)
    VADC0_G1_0_IRQHandler                    0x08003455   Thumb Code     2  startup_xmc4500.o(.text)
    VADC0_G1_0_IRQHandler_Veneer             0x08003457   Thumb Code    18  startup_xmc4500.o(.text)
    VADC0_G1_1_IRQHandler                    0x08003469   Thumb Code     2  startup_xmc4500.o(.text)
    VADC0_G1_1_IRQHandler_Veneer             0x0800346b   Thumb Code    18  startup_xmc4500.o(.text)
    VADC0_G1_2_IRQHandler                    0x0800347d   Thumb Code     2  startup_xmc4500.o(.text)
    VADC0_G1_2_IRQHandler_Veneer             0x0800347f   Thumb Code    18  startup_xmc4500.o(.text)
    VADC0_G1_3_IRQHandler                    0x08003491   Thumb Code     2  startup_xmc4500.o(.text)
    VADC0_G1_3_IRQHandler_Veneer             0x08003493   Thumb Code    18  startup_xmc4500.o(.text)
    VADC0_G2_0_IRQHandler                    0x080034a5   Thumb Code     2  startup_xmc4500.o(.text)
    VADC0_G2_0_IRQHandler_Veneer             0x080034a7   Thumb Code    18  startup_xmc4500.o(.text)
    VADC0_G2_1_IRQHandler                    0x080034b9   Thumb Code     2  startup_xmc4500.o(.text)
    VADC0_G2_1_IRQHandler_Veneer             0x080034bb   Thumb Code    18  startup_xmc4500.o(.text)
    VADC0_G2_2_IRQHandler                    0x080034cd   Thumb Code     2  startup_xmc4500.o(.text)
    VADC0_G2_2_IRQHandler_Veneer             0x080034cf   Thumb Code    18  startup_xmc4500.o(.text)
    VADC0_G2_3_IRQHandler                    0x080034e1   Thumb Code     2  startup_xmc4500.o(.text)
    VADC0_G2_3_IRQHandler_Veneer             0x080034e3   Thumb Code    18  startup_xmc4500.o(.text)
    VADC0_G3_0_IRQHandler                    0x080034f5   Thumb Code     2  startup_xmc4500.o(.text)
    VADC0_G3_0_IRQHandler_Veneer             0x080034f7   Thumb Code    18  startup_xmc4500.o(.text)
    VADC0_G3_1_IRQHandler                    0x08003509   Thumb Code     2  startup_xmc4500.o(.text)
    VADC0_G3_1_IRQHandler_Veneer             0x0800350b   Thumb Code    18  startup_xmc4500.o(.text)
    VADC0_G3_2_IRQHandler                    0x0800351d   Thumb Code     2  startup_xmc4500.o(.text)
    VADC0_G3_2_IRQHandler_Veneer             0x0800351f   Thumb Code    18  startup_xmc4500.o(.text)
    VADC0_G3_3_IRQHandler                    0x08003531   Thumb Code     2  startup_xmc4500.o(.text)
    VADC0_G3_3_IRQHandler_Veneer             0x08003533   Thumb Code    18  startup_xmc4500.o(.text)
    DSD0_0_IRQHandler                        0x08003545   Thumb Code     2  startup_xmc4500.o(.text)
    DSD0_0_IRQHandler_Veneer                 0x08003547   Thumb Code    18  startup_xmc4500.o(.text)
    DSD0_1_IRQHandler                        0x08003559   Thumb Code     2  startup_xmc4500.o(.text)
    DSD0_1_IRQHandler_Veneer                 0x0800355b   Thumb Code    18  startup_xmc4500.o(.text)
    DSD0_2_IRQHandler                        0x0800356d   Thumb Code     2  startup_xmc4500.o(.text)
    DSD0_2_IRQHandler_Veneer                 0x0800356f   Thumb Code    18  startup_xmc4500.o(.text)
    DSD0_3_IRQHandler                        0x08003581   Thumb Code     2  startup_xmc4500.o(.text)
    DSD0_3_IRQHandler_Veneer                 0x08003583   Thumb Code    18  startup_xmc4500.o(.text)
    DSD0_4_IRQHandler                        0x08003595   Thumb Code     2  startup_xmc4500.o(.text)
    DSD0_4_IRQHandler_Veneer                 0x08003597   Thumb Code    18  startup_xmc4500.o(.text)
    DSD0_5_IRQHandler                        0x080035a9   Thumb Code     2  startup_xmc4500.o(.text)
    DSD0_5_IRQHandler_Veneer                 0x080035ab   Thumb Code    18  startup_xmc4500.o(.text)
    DSD0_6_IRQHandler                        0x080035bd   Thumb Code     2  startup_xmc4500.o(.text)
    DSD0_6_IRQHandler_Veneer                 0x080035bf   Thumb Code    18  startup_xmc4500.o(.text)
    DSD0_7_IRQHandler                        0x080035d1   Thumb Code     2  startup_xmc4500.o(.text)
    DSD0_7_IRQHandler_Veneer                 0x080035d3   Thumb Code    18  startup_xmc4500.o(.text)
    DAC0_0_IRQHandler                        0x080035e5   Thumb Code     2  startup_xmc4500.o(.text)
    DAC0_0_IRQHandler_Veneer                 0x080035e7   Thumb Code    18  startup_xmc4500.o(.text)
    DAC0_1_IRQHandler                        0x080035f9   Thumb Code     2  startup_xmc4500.o(.text)
    DAC0_1_IRQHandler_Veneer                 0x080035fb   Thumb Code    18  startup_xmc4500.o(.text)
    CCU40_0_IRQHandler                       0x0800360d   Thumb Code     2  startup_xmc4500.o(.text)
    CCU40_0_IRQHandler_Veneer                0x0800360f   Thumb Code    18  startup_xmc4500.o(.text)
    CCU40_1_IRQHandler                       0x08003621   Thumb Code     2  startup_xmc4500.o(.text)
    CCU40_1_IRQHandler_Veneer                0x08003623   Thumb Code    18  startup_xmc4500.o(.text)
    CCU40_2_IRQHandler                       0x08003635   Thumb Code     2  startup_xmc4500.o(.text)
    CCU40_2_IRQHandler_Veneer                0x08003637   Thumb Code    18  startup_xmc4500.o(.text)
    CCU40_3_IRQHandler                       0x08003649   Thumb Code     2  startup_xmc4500.o(.text)
    CCU40_3_IRQHandler_Veneer                0x0800364b   Thumb Code    18  startup_xmc4500.o(.text)
    CCU41_0_IRQHandler                       0x0800365d   Thumb Code     2  startup_xmc4500.o(.text)
    CCU41_0_IRQHandler_Veneer                0x0800365f   Thumb Code    18  startup_xmc4500.o(.text)
    CCU41_1_IRQHandler                       0x08003671   Thumb Code     2  startup_xmc4500.o(.text)
    CCU41_1_IRQHandler_Veneer                0x08003673   Thumb Code    18  startup_xmc4500.o(.text)
    CCU41_2_IRQHandler                       0x08003685   Thumb Code     2  startup_xmc4500.o(.text)
    CCU41_2_IRQHandler_Veneer                0x08003687   Thumb Code    18  startup_xmc4500.o(.text)
    CCU41_3_IRQHandler                       0x08003699   Thumb Code     2  startup_xmc4500.o(.text)
    CCU41_3_IRQHandler_Veneer                0x0800369b   Thumb Code    18  startup_xmc4500.o(.text)
    CCU42_0_IRQHandler                       0x080036ad   Thumb Code     2  startup_xmc4500.o(.text)
    CCU42_0_IRQHandler_Veneer                0x080036af   Thumb Code    18  startup_xmc4500.o(.text)
    CCU42_1_IRQHandler                       0x080036c1   Thumb Code     2  startup_xmc4500.o(.text)
    CCU42_1_IRQHandler_Veneer                0x080036c3   Thumb Code    18  startup_xmc4500.o(.text)
    CCU42_2_IRQHandler                       0x080036d5   Thumb Code     2  startup_xmc4500.o(.text)
    CCU42_2_IRQHandler_Veneer                0x080036d7   Thumb Code    18  startup_xmc4500.o(.text)
    CCU42_3_IRQHandler                       0x080036e9   Thumb Code     2  startup_xmc4500.o(.text)
    CCU42_3_IRQHandler_Veneer                0x080036eb   Thumb Code    18  startup_xmc4500.o(.text)
    CCU43_0_IRQHandler                       0x080036fd   Thumb Code     2  startup_xmc4500.o(.text)
    CCU43_0_IRQHandler_Veneer                0x080036ff   Thumb Code    18  startup_xmc4500.o(.text)
    CCU43_1_IRQHandler                       0x08003711   Thumb Code     2  startup_xmc4500.o(.text)
    CCU43_1_IRQHandler_Veneer                0x08003713   Thumb Code    18  startup_xmc4500.o(.text)
    CCU43_2_IRQHandler                       0x08003725   Thumb Code     2  startup_xmc4500.o(.text)
    CCU43_2_IRQHandler_Veneer                0x08003727   Thumb Code    18  startup_xmc4500.o(.text)
    CCU43_3_IRQHandler                       0x08003739   Thumb Code     2  startup_xmc4500.o(.text)
    CCU43_3_IRQHandler_Veneer                0x0800373b   Thumb Code    18  startup_xmc4500.o(.text)
    CCU80_0_IRQHandler                       0x0800374d   Thumb Code     2  startup_xmc4500.o(.text)
    CCU80_0_IRQHandler_Veneer                0x0800374f   Thumb Code    18  startup_xmc4500.o(.text)
    CCU80_1_IRQHandler                       0x08003761   Thumb Code     2  startup_xmc4500.o(.text)
    CCU80_1_IRQHandler_Veneer                0x08003763   Thumb Code    18  startup_xmc4500.o(.text)
    CCU80_2_IRQHandler                       0x08003775   Thumb Code     2  startup_xmc4500.o(.text)
    CCU80_2_IRQHandler_Veneer                0x08003777   Thumb Code    18  startup_xmc4500.o(.text)
    CCU80_3_IRQHandler                       0x08003789   Thumb Code     2  startup_xmc4500.o(.text)
    CCU80_3_IRQHandler_Veneer                0x0800378b   Thumb Code    18  startup_xmc4500.o(.text)
    CCU81_0_IRQHandler                       0x0800379d   Thumb Code     2  startup_xmc4500.o(.text)
    CCU81_0_IRQHandler_Veneer                0x0800379f   Thumb Code    18  startup_xmc4500.o(.text)
    CCU81_1_IRQHandler                       0x080037b1   Thumb Code     2  startup_xmc4500.o(.text)
    CCU81_1_IRQHandler_Veneer                0x080037b3   Thumb Code    18  startup_xmc4500.o(.text)
    CCU81_2_IRQHandler                       0x080037c5   Thumb Code     2  startup_xmc4500.o(.text)
    CCU81_2_IRQHandler_Veneer                0x080037c7   Thumb Code    18  startup_xmc4500.o(.text)
    CCU81_3_IRQHandler                       0x080037d9   Thumb Code     2  startup_xmc4500.o(.text)
    CCU81_3_IRQHandler_Veneer                0x080037db   Thumb Code    18  startup_xmc4500.o(.text)
    POSIF0_0_IRQHandler                      0x080037ed   Thumb Code     2  startup_xmc4500.o(.text)
    POSIF0_0_IRQHandler_Veneer               0x080037ef   Thumb Code    18  startup_xmc4500.o(.text)
    POSIF0_1_IRQHandler                      0x08003801   Thumb Code     2  startup_xmc4500.o(.text)
    POSIF0_1_IRQHandler_Veneer               0x08003803   Thumb Code    18  startup_xmc4500.o(.text)
    POSIF1_0_IRQHandler                      0x08003815   Thumb Code     2  startup_xmc4500.o(.text)
    POSIF1_0_IRQHandler_Veneer               0x08003817   Thumb Code    18  startup_xmc4500.o(.text)
    POSIF1_1_IRQHandler                      0x08003829   Thumb Code     2  startup_xmc4500.o(.text)
    POSIF1_1_IRQHandler_Veneer               0x0800382b   Thumb Code    18  startup_xmc4500.o(.text)
    CAN0_0_IRQHandler                        0x0800383d   Thumb Code     2  startup_xmc4500.o(.text)
    CAN0_0_IRQHandler_Veneer                 0x0800383f   Thumb Code    18  startup_xmc4500.o(.text)
    CAN0_1_IRQHandler                        0x08003851   Thumb Code     2  startup_xmc4500.o(.text)
    CAN0_1_IRQHandler_Veneer                 0x08003853   Thumb Code    18  startup_xmc4500.o(.text)
    CAN0_2_IRQHandler                        0x08003865   Thumb Code     2  startup_xmc4500.o(.text)
    CAN0_2_IRQHandler_Veneer                 0x08003867   Thumb Code    18  startup_xmc4500.o(.text)
    CAN0_3_IRQHandler                        0x08003879   Thumb Code     2  startup_xmc4500.o(.text)
    CAN0_3_IRQHandler_Veneer                 0x0800387b   Thumb Code    18  startup_xmc4500.o(.text)
    CAN0_4_IRQHandler                        0x0800388d   Thumb Code     2  startup_xmc4500.o(.text)
    CAN0_4_IRQHandler_Veneer                 0x0800388f   Thumb Code    18  startup_xmc4500.o(.text)
    CAN0_5_IRQHandler                        0x080038a1   Thumb Code     2  startup_xmc4500.o(.text)
    CAN0_5_IRQHandler_Veneer                 0x080038a3   Thumb Code    18  startup_xmc4500.o(.text)
    CAN0_6_IRQHandler                        0x080038b5   Thumb Code     2  startup_xmc4500.o(.text)
    CAN0_6_IRQHandler_Veneer                 0x080038b7   Thumb Code    18  startup_xmc4500.o(.text)
    CAN0_7_IRQHandler                        0x080038c9   Thumb Code     2  startup_xmc4500.o(.text)
    CAN0_7_IRQHandler_Veneer                 0x080038cb   Thumb Code    18  startup_xmc4500.o(.text)
    USIC0_0_IRQHandler                       0x080038dd   Thumb Code     2  startup_xmc4500.o(.text)
    USIC0_0_IRQHandler_Veneer                0x080038df   Thumb Code    18  startup_xmc4500.o(.text)
    USIC0_1_IRQHandler                       0x080038f1   Thumb Code     2  startup_xmc4500.o(.text)
    USIC0_1_IRQHandler_Veneer                0x080038f3   Thumb Code    18  startup_xmc4500.o(.text)
    USIC0_2_IRQHandler                       0x08003905   Thumb Code     2  startup_xmc4500.o(.text)
    USIC0_2_IRQHandler_Veneer                0x08003907   Thumb Code    18  startup_xmc4500.o(.text)
    USIC0_3_IRQHandler                       0x08003919   Thumb Code     2  startup_xmc4500.o(.text)
    USIC0_3_IRQHandler_Veneer                0x0800391b   Thumb Code    18  startup_xmc4500.o(.text)
    USIC0_4_IRQHandler                       0x0800392d   Thumb Code     2  startup_xmc4500.o(.text)
    USIC0_4_IRQHandler_Veneer                0x0800392f   Thumb Code    18  startup_xmc4500.o(.text)
    USIC0_5_IRQHandler                       0x08003941   Thumb Code     2  startup_xmc4500.o(.text)
    USIC0_5_IRQHandler_Veneer                0x08003943   Thumb Code    18  startup_xmc4500.o(.text)
    USIC1_0_IRQHandler                       0x08003955   Thumb Code     2  startup_xmc4500.o(.text)
    USIC1_0_IRQHandler_Veneer                0x08003957   Thumb Code    18  startup_xmc4500.o(.text)
    USIC1_1_IRQHandler                       0x08003969   Thumb Code     2  startup_xmc4500.o(.text)
    USIC1_1_IRQHandler_Veneer                0x0800396b   Thumb Code    18  startup_xmc4500.o(.text)
    USIC1_2_IRQHandler                       0x0800397d   Thumb Code     2  startup_xmc4500.o(.text)
    USIC1_2_IRQHandler_Veneer                0x0800397f   Thumb Code    18  startup_xmc4500.o(.text)
    USIC1_3_IRQHandler                       0x08003991   Thumb Code     2  startup_xmc4500.o(.text)
    USIC1_3_IRQHandler_Veneer                0x08003993   Thumb Code    18  startup_xmc4500.o(.text)
    USIC1_4_IRQHandler                       0x080039a5   Thumb Code     2  startup_xmc4500.o(.text)
    USIC1_4_IRQHandler_Veneer                0x080039a7   Thumb Code    18  startup_xmc4500.o(.text)
    USIC1_5_IRQHandler                       0x080039b9   Thumb Code     2  startup_xmc4500.o(.text)
    USIC1_5_IRQHandler_Veneer                0x080039bb   Thumb Code    18  startup_xmc4500.o(.text)
    USIC2_0_IRQHandler                       0x080039cd   Thumb Code     2  startup_xmc4500.o(.text)
    USIC2_0_IRQHandler_Veneer                0x080039cf   Thumb Code    18  startup_xmc4500.o(.text)
    USIC2_1_IRQHandler                       0x080039e1   Thumb Code     2  startup_xmc4500.o(.text)
    USIC2_1_IRQHandler_Veneer                0x080039e3   Thumb Code    18  startup_xmc4500.o(.text)
    USIC2_2_IRQHandler                       0x080039f5   Thumb Code     2  startup_xmc4500.o(.text)
    USIC2_2_IRQHandler_Veneer                0x080039f7   Thumb Code    18  startup_xmc4500.o(.text)
    USIC2_3_IRQHandler                       0x08003a09   Thumb Code     2  startup_xmc4500.o(.text)
    USIC2_3_IRQHandler_Veneer                0x08003a0b   Thumb Code    18  startup_xmc4500.o(.text)
    USIC2_4_IRQHandler                       0x08003a1d   Thumb Code     2  startup_xmc4500.o(.text)
    USIC2_4_IRQHandler_Veneer                0x08003a1f   Thumb Code    18  startup_xmc4500.o(.text)
    USIC2_5_IRQHandler                       0x08003a31   Thumb Code     2  startup_xmc4500.o(.text)
    USIC2_5_IRQHandler_Veneer                0x08003a33   Thumb Code    18  startup_xmc4500.o(.text)
    LEDTS0_0_IRQHandler                      0x08003a45   Thumb Code     2  startup_xmc4500.o(.text)
    LEDTS0_0_IRQHandler_Veneer               0x08003a47   Thumb Code    18  startup_xmc4500.o(.text)
    FCE0_0_IRQHandler                        0x08003a59   Thumb Code     2  startup_xmc4500.o(.text)
    FCE0_0_IRQHandler_Veneer                 0x08003a5b   Thumb Code    18  startup_xmc4500.o(.text)
    GPDMA0_0_IRQHandler                      0x08003a6d   Thumb Code     2  startup_xmc4500.o(.text)
    GPDMA0_0_IRQHandler_Veneer               0x08003a6f   Thumb Code    18  startup_xmc4500.o(.text)
    SDMMC0_0_IRQHandler                      0x08003a81   Thumb Code     2  startup_xmc4500.o(.text)
    SDMMC0_0_IRQHandler_Veneer               0x08003a83   Thumb Code    18  startup_xmc4500.o(.text)
    USB0_0_IRQHandler                        0x08003a95   Thumb Code     2  startup_xmc4500.o(.text)
    USB0_0_IRQHandler_Veneer                 0x08003a97   Thumb Code    18  startup_xmc4500.o(.text)
    ETH0_0_IRQHandler                        0x08003aa9   Thumb Code     2  startup_xmc4500.o(.text)
    ETH0_0_IRQHandler_Veneer                 0x08003aab   Thumb Code    18  startup_xmc4500.o(.text)
    GPDMA1_0_IRQHandler                      0x08003abd   Thumb Code     2  startup_xmc4500.o(.text)
    GPDMA1_0_IRQHandler_Veneer               0x08003abf   Thumb Code    18  startup_xmc4500.o(.text)
    SystemInit_DAVE3                         0x08003ad1   Thumb Code     4  startup_xmc4500.o(.text)
    AllowPLLInitByStartup                    0x08003ad5   Thumb Code     6  startup_xmc4500.o(.text)
    SystemCoreClockUpdate                    0x08003af9   Thumb Code   148  system_xmc4500.o(.text)
    SystemCoreSetup                          0x08003d89   Thumb Code    74  system_xmc4500.o(.text)
    SystemInit                               0x08003dd3   Thumb Code    22  system_xmc4500.o(.text)
    __aeabi_memcpy                           0x08003e31   Thumb Code    36  memcpya.o(.text)
    __aeabi_memcpy4                          0x08003e31   Thumb Code     0  memcpya.o(.text)
    __aeabi_memcpy8                          0x08003e31   Thumb Code     0  memcpya.o(.text)
    __scatterload                            0x08003e55   Thumb Code    28  init.o(.text)
    __scatterload_rt2                        0x08003e55   Thumb Code     0  init.o(.text)
    __decompress                             0x08003e79   Thumb Code     0  __dczerorl2.o(.text)
    __decompress1                            0x08003e79   Thumb Code    86  __dczerorl2.o(.text)
    SVC_Count                                0x08003ed0   Data           4  svc_table.o(SVC_TABLE)
    SVC_Table                                0x08003ed4   Data           0  svc_table.o(SVC_TABLE)
    __scatterload_copy                       0x08003ed5   Thumb Code    14  handlers.o(i.__scatterload_copy)
    __scatterload_null                       0x08003ee3   Thumb Code     2  handlers.o(i.__scatterload_null)
    __scatterload_zeroinit                   0x08003ee5   Thumb Code    14  handlers.o(i.__scatterload_zeroinit)
    _init_box                                0x08003ef3   Thumb Code    70  rt_membox.o(i._init_box)
    dbg_init                                 0x08003f39   Thumb Code    34  hal_cm.o(i.dbg_init)
    dbg_task_notify                          0x08003f69   Thumb Code    32  hal_cm.o(i.dbg_task_notify)
    dbg_task_switch                          0x08003f89   Thumb Code    16  hal_cm.o(i.dbg_task_switch)
    isrMessageGet                            0x08003f99   Thumb Code    42  rt_cmsis.o(i.isrMessageGet)
    isrMessagePut                            0x08003fc3   Thumb Code    44  rt_cmsis.o(i.isrMessagePut)
    isrSignalSet                             0x08003fef   Thumb Code    36  rt_cmsis.o(i.isrSignalSet)
    isr_evt_set                              0x08004015   Thumb Code    34  rt_event.o(i.isr_evt_set)
    isr_mbx_receive                          0x0800403d   Thumb Code    82  rt_mailbox.o(i.isr_mbx_receive)
    isr_mbx_send                             0x0800408f   Thumb Code    14  rt_mailbox.o(i.isr_mbx_send)
    osDelay                                  0x0800409d   Thumb Code    18  rt_cmsis.o(i.osDelay)
    osKernelInitialize                       0x080040b5   Thumb Code    30  rt_cmsis.o(i.osKernelInitialize)
    osKernelStart                            0x080040d9   Thumb Code    98  rt_cmsis.o(i.osKernelStart)
    osMessageGet                             0x08004145   Thumb Code    18  rt_cmsis.o(i.osMessageGet)
    osSignalSet                              0x0800415d   Thumb Code    18  rt_cmsis.o(i.osSignalSet)
    osSignalWait                             0x08004175   Thumb Code    18  rt_cmsis.o(i.osSignalWait)
    osThreadCreate                           0x0800418d   Thumb Code    38  rt_cmsis.o(i.osThreadCreate)
    osThreadExit                             0x080041bd   Thumb Code    14  rt_cmsis.o(i.osThreadExit)
    osTimerCall                              0x080041d5   Thumb Code     8  rt_cmsis.o(i.osTimerCall)
    osTimerThread                            0x080041e1   Thumb Code    38  rt_cmsis.o(i.osTimerThread)
    os_tick_init                             0x0800420d   Thumb Code    32  rt_system.o(i.os_tick_init)
    os_tick_irqack                           0x08004235   Thumb Code     2  rt_system.o(i.os_tick_irqack)
    rt_alloc_box                             0x08004237   Thumb Code    26  rt_membox.o(i.rt_alloc_box)
    rt_alloc_mem                             0x08004251   Thumb Code    62  rt_memory.o(i.rt_alloc_mem)
    rt_block                                 0x08004291   Thumb Code    48  rt_task.o(i.rt_block)
    rt_chk_robin                             0x080042c9   Thumb Code    60  rt_robin.o(i.rt_chk_robin)
    rt_dec_dly                               0x08004311   Thumb Code   102  rt_list.o(i.rt_dec_dly)
    rt_dispatch                              0x08004381   Thumb Code    60  rt_task.o(i.rt_dispatch)
    rt_dly_wait                              0x080043c5   Thumb Code     6  rt_time.o(i.rt_dly_wait)
    rt_evt_psh                               0x080043cd   Thumb Code    76  rt_event.o(i.rt_evt_psh)
    rt_evt_set                               0x0800441d   Thumb Code    88  rt_event.o(i.rt_evt_set)
    rt_evt_wait                              0x08004479   Thumb Code    56  rt_event.o(i.rt_evt_wait)
    rt_free_box                              0x080044b5   Thumb Code    32  rt_membox.o(i.rt_free_box)
    rt_free_mem                              0x080044d5   Thumb Code    40  rt_memory.o(i.rt_free_mem)
    rt_get_first                             0x080044fd   Thumb Code    40  rt_list.o(i.rt_get_first)
    rt_init_mem                              0x08004575   Thumb Code    26  rt_memory.o(i.rt_init_mem)
    rt_init_robin                            0x08004591   Thumb Code    14  rt_robin.o(i.rt_init_robin)
    rt_init_stack                            0x080045a9   Thumb Code   118  hal_cm.o(i.rt_init_stack)
    rt_mbx_check                             0x08004629   Thumb Code     8  rt_mailbox.o(i.rt_mbx_check)
    rt_mbx_init                              0x08004631   Thumb Code    26  rt_mailbox.o(i.rt_mbx_init)
    rt_mbx_psh                               0x0800464d   Thumb Code   236  rt_mailbox.o(i.rt_mbx_psh)
    rt_mbx_wait                              0x0800473d   Thumb Code   174  rt_mailbox.o(i.rt_mbx_wait)
    rt_pop_req                               0x0800482d   Thumb Code   112  rt_system.o(i.rt_pop_req)
    rt_psh_req                               0x080048a9   Thumb Code    22  rt_system.o(i.rt_psh_req)
    rt_psq_enq                               0x080048c9   Thumb Code    88  rt_list.o(i.rt_psq_enq)
    rt_put_dly                               0x08004925   Thumb Code    68  rt_list.o(i.rt_put_dly)
    rt_put_prio                              0x0800496d   Thumb Code    54  rt_list.o(i.rt_put_prio)
    rt_put_rdy_first                         0x080049a5   Thumb Code    14  rt_list.o(i.rt_put_rdy_first)
    rt_resort_prio                           0x080049b9   Thumb Code    46  rt_list.o(i.rt_resort_prio)
    rt_ret_val                               0x080049fd   Thumb Code    12  hal_cm.o(i.rt_ret_val)
    rt_ret_val2                              0x08004a09   Thumb Code    16  hal_cm.o(i.rt_ret_val2)
    rt_rmv_dly                               0x08004a19   Thumb Code    40  rt_list.o(i.rt_rmv_dly)
    rt_rmv_list                              0x08004a41   Thumb Code    44  rt_list.o(i.rt_rmv_list)
    rt_sem_psh                               0x08004a71   Thumb Code    48  rt_semaphore.o(i.rt_sem_psh)
    rt_stk_check                             0x08004aa5   Thumb Code    28  rt_system.o(i.rt_stk_check)
    rt_switch_req                            0x08004ac9   Thumb Code    30  rt_task.o(i.rt_switch_req)
    rt_sys_init                              0x08004af1   Thumb Code   138  rt_task.o(i.rt_sys_init)
    rt_sys_start                             0x08004bbd   Thumb Code   110  rt_task.o(i.rt_sys_start)
    rt_systick                               0x08004c35   Thumb Code    50  rt_system.o(i.rt_systick)
    rt_tsk_create                            0x08004cbd   Thumb Code   112  rt_task.o(i.rt_tsk_create)
    rt_tsk_delete                            0x08004d3d   Thumb Code   342  rt_task.o(i.rt_tsk_delete)
    rt_tsk_prio                              0x08004eb1   Thumb Code   108  rt_task.o(i.rt_tsk_prio)
    rt_tsk_self                              0x08004f2d   Thumb Code    12  rt_task.o(i.rt_tsk_self)
    svcDelay                                 0x08004f3d   Thumb Code    20  rt_cmsis.o(i.svcDelay)
    svcKernelInitialize                      0x08004f51   Thumb Code    80  rt_cmsis.o(i.svcKernelInitialize)
    svcKernelStart                           0x08004fc1   Thumb Code    62  rt_cmsis.o(i.svcKernelStart)
    svcMessageCreate                         0x08005009   Thumb Code    36  rt_cmsis.o(i.svcMessageCreate)
    svcMessageGet                            0x0800502d   Thumb Code    58  rt_cmsis.o(i.svcMessageGet)
    svcSignalSet                             0x08005067   Thumb Code    36  rt_cmsis.o(i.svcSignalSet)
    svcSignalWait                            0x0800508d   Thumb Code    80  rt_cmsis.o(i.svcSignalWait)
    svcThreadCreate                          0x080050e1   Thumb Code   100  rt_cmsis.o(i.svcThreadCreate)
    svcThreadGetId                           0x08005151   Thumb Code    22  rt_cmsis.o(i.svcThreadGetId)
    svcThreadTerminate                       0x0800516d   Thumb Code    50  rt_cmsis.o(i.svcThreadTerminate)
    svcTimerCall                             0x080051a5   Thumb Code    24  rt_cmsis.o(i.svcTimerCall)
    sysTimerTick                             0x080051bd   Thumb Code    84  rt_cmsis.o(i.sysTimerTick)
    os_thread_def_pump                       0x08005218   Data          16  thread_pump.o(.constdata)
    os_thread_def_webServer                  0x08005228   Data          16  thread_webserver.o(.constdata)
    os_thread_def_sensors                    0x08005238   Data          16  thread_sensors.o(.constdata)
    os_maxtaskrun                            0x08005248   Data           2  rtx_conf_cm.o(.constdata)
    os_stackinfo                             0x0800524c   Data           4  rtx_conf_cm.o(.constdata)
    os_rrobin                                0x08005250   Data           4  rtx_conf_cm.o(.constdata)
    os_tickfreq                              0x08005254   Data           4  rtx_conf_cm.o(.constdata)
    os_tickus_i                              0x08005258   Data           2  rtx_conf_cm.o(.constdata)
    os_tickus_f                              0x0800525a   Data           2  rtx_conf_cm.o(.constdata)
    os_trv                                   0x0800525c   Data           4  rtx_conf_cm.o(.constdata)
    os_flags                                 0x08005260   Data           1  rtx_conf_cm.o(.constdata)
    CMSIS_RTOS_API_Version                   0x08005264   Data           4  rtx_conf_cm.o(.constdata)
    CMSIS_RTOS_RTX_Version                   0x08005268   Data           4  rtx_conf_cm.o(.constdata)
    os_clockrate                             0x0800526c   Data           4  rtx_conf_cm.o(.constdata)
    os_timernum                              0x08005270   Data           4  rtx_conf_cm.o(.constdata)
    mp_tcb_size                              0x08005274   Data           2  rtx_conf_cm.o(.constdata)
    mp_stk_size                              0x08005278   Data           4  rtx_conf_cm.o(.constdata)
    os_stack_sz                              0x0800527c   Data           4  rtx_conf_cm.o(.constdata)
    os_fifo_size                             0x08005280   Data           1  rtx_conf_cm.o(.constdata)
    os_thread_def_osTimerThread              0x08005284   Data          16  rtx_conf_cm.o(.constdata)
    os_messageQ_def_osTimerMessageQ          0x08005294   Data           8  rtx_conf_cm.o(.constdata)
    mp_tmr_size                              0x0800529c   Data           2  rtx_conf_cm.o(.constdata)
    global_iclass_config                     0x080052a0   Data           4  adc_measurement_conf.o(.constdata)
    backgnd_config                           0x080052a4   Data          12  adc_measurement_conf.o(.constdata)
    CLOCK_XMC4_0_ScuClk                      0x080052b0   Data          20  clock_xmc4_conf.o(.constdata)
    CPU_CTRL_XMC4_0_config                   0x080052c4   Data           1  cpu_ctrl_xmc4_conf.o(.constdata)
    group_init_handle0                       0x080052c8   Data          20  global_adc_conf.o(.constdata)
    group_init_handle1                       0x080052dc   Data          20  global_adc_conf.o(.constdata)
    group_init_handle2                       0x080052f0   Data          20  global_adc_conf.o(.constdata)
    group_init_handle3                       0x08005304   Data          20  global_adc_conf.o(.constdata)
    global_config                            0x08005318   Data          24  global_adc_conf.o(.constdata)
    GLOBAL_SCU_XMC4_0_config                 0x08005330   Data           4  global_scu_xmc4_conf.o(.constdata)
    PWM_0_Config_Handle                      0x08005334   Data           8  pwm_conf.o(.constdata)
    PWM_0_gpio_out_config                    0x0800533c   Data          12  pwm_conf.o(.constdata)
    PWM_0_ConfigHandle                       0x08005348   Data          44  pwm_conf.o(.constdata)
    RTC_DAYS_IN_MONTH                        0x08005374   Data          52  rtc.o(.constdata)
    RTC_0_config                             0x080053a8   Data          20  rtc_conf.o(.constdata)
    RTC_0_time_alarm_config                  0x080053bc   Data          20  rtc_conf.o(.constdata)
    Region$$Table$$Base                      0x08005410   Number         0  anon$$obj.o(Region$$Table)
    Region$$Table$$Limit                     0x08005430   Number         0  anon$$obj.o(Region$$Table)
    t_pump                                   0x20000000   Data           4  thread_pump.o(.data)
    t_webServer                              0x20000010   Data           4  thread_webserver.o(.data)
    t_sensors                                0x20000014   Data           4  thread_sensors.o(.data)
    osThreadId_osTimerThread                 0x20000020   Data           4  rtx_conf_cm.o(.data)
    osMessageQId_osTimerMessageQ             0x20000024   Data           4  rtx_conf_cm.o(.data)
    os_tmr                                   0x20000028   Data           4  rtx_conf_cm.o(.data)
    m_tmr                                    0x2000002c   Data           4  rtx_conf_cm.o(.data)
    os_thread_def_main                       0x20000030   Data          16  rtx_conf_cm.o(.data)
    Channel_A_ch_config                      0x20000040   Data          12  adc_measurement_conf.o(.data)
    Channel_A_res_config                     0x2000004c   Data           4  adc_measurement_conf.o(.data)
    ADC_MEASUREMENT_Channel_A_handle         0x20000050   Data          16  adc_measurement_conf.o(.data)
    Channel_B_ch_config                      0x20000060   Data          12  adc_measurement_conf.o(.data)
    Channel_B_res_config                     0x2000006c   Data           4  adc_measurement_conf.o(.data)
    ADC_MEASUREMENT_Channel_B_handle         0x20000070   Data          16  adc_measurement_conf.o(.data)
    Channel_C_ch_config                      0x20000080   Data          12  adc_measurement_conf.o(.data)
    Channel_C_res_config                     0x2000008c   Data           4  adc_measurement_conf.o(.data)
    ADC_MEASUREMENT_Channel_C_handle         0x20000090   Data          16  adc_measurement_conf.o(.data)
    ADC_MEASUREMENT_channel_array            0x200000a0   Data          12  adc_measurement_conf.o(.data)
    ADC_MEASUREMENT_0                        0x200000ac   Data          28  adc_measurement_conf.o(.data)
    CPU_CTRL_XMC4_0                          0x200000c8   Data           8  cpu_ctrl_xmc4_conf.o(.data)
    DIGITAL_IO_0_config                      0x200000d0   Data          12  digital_io_conf.o(.data)
    DIGITAL_IO_0                             0x200000dc   Data          12  digital_io_conf.o(.data)
    group_0_config                           0x200000e8   Data          12  global_adc_conf.o(.data)
    group_1_config                           0x200000f4   Data          12  global_adc_conf.o(.data)
    group_2_config                           0x20000100   Data          12  global_adc_conf.o(.data)
    group_3_config                           0x2000010c   Data          12  global_adc_conf.o(.data)
    GLOBAL_ADC_0                             0x20000118   Data          28  global_adc_conf.o(.data)
    GLOBAL_CCU4_0                            0x20000134   Data          12  global_ccu4_conf.o(.data)
    GLOBAL_SCU_XMC4_0                        0x20000140   Data           8  global_scu_xmc4_conf.o(.data)
    PWM_0_config_value                       0x20000148   Data          12  pwm_conf.o(.data)
    PWM_0                                    0x20000154   Data          12  pwm_conf.o(.data)
    RTC_0                                    0x20000160   Data          12  rtc_conf.o(.data)
    os_initialized                           0x2000016c   Data           1  rt_cmsis.o(.data)
    os_running                               0x2000016d   Data           1  rt_cmsis.o(.data)
    os_timer_head                            0x20000170   Data           4  rt_cmsis.o(.data)
    os_tsk                                   0x20000174   Data           8  rt_task.o(.data)
    os_tick_irqn                             0x20000180   Data           4  rt_system.o(.data)
    os_time                                  0x20000184   Data           4  rt_time.o(.data)
    dbg_msg                                  0x20000188   Data           1  hal_cm.o(.data)
    os_robin                                 0x2000018c   Data           8  rt_robin.o(.data)
    mp_tcb                                   0x200001e8   Data         376  rtx_conf_cm.o(.bss)
    mp_stk                                   0x20000360   Data        6160  rtx_conf_cm.o(.bss)
    os_stack_mem                             0x20001b70   Data        1256  rtx_conf_cm.o(.bss)
    os_fifo                                  0x20002058   Data         132  rtx_conf_cm.o(.bss)
    os_active_TCB                            0x200020dc   Data          28  rtx_conf_cm.o(.bss)
    os_messageQ_q_osTimerMessageQ            0x200020f8   Data          32  rtx_conf_cm.o(.bss)
    event_handler_list                       0x20002118   Data         128  xmc4_scu.o(.bss)
    os_idle_TCB                              0x20002198   Data          52  rt_task.o(.bss)
    os_rdy                                   0x200021cc   Data          24  rt_list.o(.bss)
    os_dly                                   0x200021e4   Data          24  rt_list.o(.bss)
    __initial_sp                             0x20002600   Data           0  startup_xmc4500.o(STACK)
    SystemCoreClock                          0x2000ffc0   Data           4  system_xmc4500.o(.ARM.__AT_0x2000FFC0)
    g_chipid                                 0x2000ffc4   Data          16  system_xmc4500.o(.ARM.__AT_0x2000FFC4)



==============================================================================

Memory Map of the image

  Image Entry point : 0x08000201

  Load Region LR_IROM1 (Base: 0x08000000, Size: 0x000055c4, Max: 0x00100000, ABSOLUTE, COMPRESSED[0x000054ec])

    Execution Region ER_IROM1 (Base: 0x08000000, Size: 0x00005430, Max: 0x00100000, ABSOLUTE)

    Base Addr    Size         Type   Attr      Idx    E Section Name        Object

    0x08000000   0x00000200   Data   RO         1874    RESET               startup_xmc4500.o
    0x08000200   0x00000000   Code   RO         3126  * .ARM.Collect$$$$00000000  mc_w.l(entry.o)
    0x08000200   0x00000004   Code   RO         3137    .ARM.Collect$$$$00000001  mc_w.l(entry2.o)
    0x08000204   0x00000004   Code   RO         3140    .ARM.Collect$$$$00000004  mc_w.l(entry5.o)
    0x08000208   0x00000000   Code   RO         3142    .ARM.Collect$$$$00000008  mc_w.l(entry7b.o)
    0x08000208   0x00000000   Code   RO         3144    .ARM.Collect$$$$0000000A  mc_w.l(entry8b.o)
    0x08000208   0x00000000   Code   RO         3145    .ARM.Collect$$$$0000000D  mc_w.l(entry10a.o)
    0x08000208   0x00000000   Code   RO         3147    .ARM.Collect$$$$0000000F  mc_w.l(entry11a.o)
    0x08000208   0x00000018   Code   RO          424    .ARM.Collect$$$$000000FF  rtx_conf_cm.o
    0x08000220   0x00000004   Code   RO         3138    .ARM.Collect$$$$00002712  mc_w.l(entry2.o)
    0x08000224   0x00000188   Code   RO         3113    .emb_text           RTX_CM4_IFX.lib(hal_cm4.o)
    0x080003ac   0x00000040   Code   RO            4    .text               main.o
    0x080003ec   0x000000e0   Code   RO          209    .text               thread_pump.o
    0x080004cc   0x00000064   Code   RO          284    .text               thread_webserver.o
    0x08000530   0x000000d0   Code   RO          332    .text               thread_sensors.o
    0x08000600   0x0000005c   Code   RO          401    .text               logging_system.o
    0x0800065c   0x00000024   Code   RO          425    .text               rtx_conf_cm.o
    0x08000680   0x000001f8   Code   RO          456    .text               adc_measurement.o
    0x08000878   0x0000002c   Code   RO          526    .text               clock_xmc4.o
    0x080008a4   0x0000003c   Code   RO          559    .text               clock_xmc4_conf.o
    0x080008e0   0x00000060   Code   RO          586    .text               cpu_ctrl_xmc4.o
    0x08000940   0x00000040   Code   RO          649    .text               dave.o
    0x08000980   0x00000036   Code   RO          673    .text               digital_io.o
    0x080009b6   0x00000096   Code   RO          731    .text               global_adc.o
    0x08000a4c   0x00000046   Code   RO          796    .text               global_ccu4.o
    0x08000a92   0x00000002   PAD
    0x08000a94   0x0000011c   Code   RO          860    .text               global_scu_xmc4.o
    0x08000bb0   0x00000456   Code   RO          919    .text               pwm.o
    0x08001006   0x00000002   PAD
    0x08001008   0x000002f4   Code   RO          988    .text               rtc.o
    0x080012fc   0x000000f0   Code   RO         1121    .text               xmc4_gpio.o
    0x080013ec   0x00000104   Code   RO         1145    .text               xmc4_rtc.o
    0x080014f0   0x00000bf8   Code   RO         1172    .text               xmc4_scu.o
    0x080020e8   0x0000048e   Code   RO         1267    .text               xmc_ccu4.o
    0x08002576   0x00000002   PAD
    0x08002578   0x000001bc   Code   RO         1622    .text               xmc_rtc.o
    0x08002734   0x00000ad0   Code   RO         1819    .text               xmc_vadc.o
    0x08003204   0x000008d8   Code   RO         1875    .text               startup_xmc4500.o
    0x08003adc   0x00000354   Code   RO         1882    .text               system_xmc4500.o
    0x08003e30   0x00000024   Code   RO         3131    .text               mc_w.l(memcpya.o)
    0x08003e54   0x00000024   Code   RO         3153    .text               mc_w.l(init.o)
    0x08003e78   0x00000056   Code   RO         3163    .text               mc_w.l(__dczerorl2.o)
    0x08003ece   0x00000002   PAD
    0x08003ed0   0x00000004   Code   RO         3123    SVC_TABLE           RTX_CM4_IFX.lib(svc_table.o)
    0x08003ed4   0x0000000e   Code   RO         3157    i.__scatterload_copy  mc_w.l(handlers.o)
    0x08003ee2   0x00000002   Code   RO         3158    i.__scatterload_null  mc_w.l(handlers.o)
    0x08003ee4   0x0000000e   Code   RO         3159    i.__scatterload_zeroinit  mc_w.l(handlers.o)
    0x08003ef2   0x00000046   Code   RO         2986    i._init_box         RTX_CM4_IFX.lib(rt_membox.o)
    0x08003f38   0x00000030   Code   RO         3039    i.dbg_init          RTX_CM4_IFX.lib(hal_cm.o)
    0x08003f68   0x00000020   Code   RO         3040    i.dbg_task_notify   RTX_CM4_IFX.lib(hal_cm.o)
    0x08003f88   0x00000010   Code   RO         3041    i.dbg_task_switch   RTX_CM4_IFX.lib(hal_cm.o)
    0x08003f98   0x0000002a   Code   RO         1917    i.isrMessageGet     RTX_CM4_IFX.lib(rt_cmsis.o)
    0x08003fc2   0x0000002c   Code   RO         1918    i.isrMessagePut     RTX_CM4_IFX.lib(rt_cmsis.o)
    0x08003fee   0x00000024   Code   RO         1920    i.isrSignalSet      RTX_CM4_IFX.lib(rt_cmsis.o)
    0x08004012   0x00000002   PAD
    0x08004014   0x00000028   Code   RO         2714    i.isr_evt_set       RTX_CM4_IFX.lib(rt_event.o)
    0x0800403c   0x00000052   Code   RO         2832    i.isr_mbx_receive   RTX_CM4_IFX.lib(rt_mailbox.o)
    0x0800408e   0x0000000e   Code   RO         2833    i.isr_mbx_send      RTX_CM4_IFX.lib(rt_mailbox.o)
    0x0800409c   0x00000018   Code   RO         1921    i.osDelay           RTX_CM4_IFX.lib(rt_cmsis.o)
    0x080040b4   0x00000024   Code   RO         1922    i.osKernelInitialize  RTX_CM4_IFX.lib(rt_cmsis.o)
    0x080040d8   0x0000006c   Code   RO         1924    i.osKernelStart     RTX_CM4_IFX.lib(rt_cmsis.o)
    0x08004144   0x00000018   Code   RO         1933    i.osMessageGet      RTX_CM4_IFX.lib(rt_cmsis.o)
    0x0800415c   0x00000018   Code   RO         1948    i.osSignalSet       RTX_CM4_IFX.lib(rt_cmsis.o)
    0x08004174   0x00000018   Code   RO         1949    i.osSignalWait      RTX_CM4_IFX.lib(rt_cmsis.o)
    0x0800418c   0x00000030   Code   RO         1950    i.osThreadCreate    RTX_CM4_IFX.lib(rt_cmsis.o)
    0x080041bc   0x00000018   Code   RO         1951    i.osThreadExit      RTX_CM4_IFX.lib(rt_cmsis.o)
    0x080041d4   0x0000000c   Code   RO         1957    i.osTimerCall       RTX_CM4_IFX.lib(rt_cmsis.o)
    0x080041e0   0x0000002c   Code   RO         1962    i.osTimerThread     RTX_CM4_IFX.lib(rt_cmsis.o)
    0x0800420c   0x00000028   Code   RO         2624    i.os_tick_init      RTX_CM4_IFX.lib(rt_system.o)
    0x08004234   0x00000002   Code   RO         2625    i.os_tick_irqack    RTX_CM4_IFX.lib(rt_system.o)
    0x08004236   0x0000001a   Code   RO         2987    i.rt_alloc_box      RTX_CM4_IFX.lib(rt_membox.o)
    0x08004250   0x0000003e   Code   RO         3015    i.rt_alloc_mem      RTX_CM4_IFX.lib(rt_memory.o)
    0x0800428e   0x00000002   PAD
    0x08004290   0x00000038   Code   RO         2539    i.rt_block          RTX_CM4_IFX.lib(rt_task.o)
    0x080042c8   0x00000048   Code   RO         3092    i.rt_chk_robin      RTX_CM4_IFX.lib(rt_robin.o)
    0x08004310   0x00000070   Code   RO         2756    i.rt_dec_dly        RTX_CM4_IFX.lib(rt_list.o)
    0x08004380   0x00000044   Code   RO         2540    i.rt_dispatch       RTX_CM4_IFX.lib(rt_task.o)
    0x080043c4   0x00000006   Code   RO         2922    i.rt_dly_wait       RTX_CM4_IFX.lib(rt_time.o)
    0x080043ca   0x00000002   PAD
    0x080043cc   0x00000050   Code   RO         2717    i.rt_evt_psh        RTX_CM4_IFX.lib(rt_event.o)
    0x0800441c   0x0000005c   Code   RO         2718    i.rt_evt_set        RTX_CM4_IFX.lib(rt_event.o)
    0x08004478   0x0000003c   Code   RO         2719    i.rt_evt_wait       RTX_CM4_IFX.lib(rt_event.o)
    0x080044b4   0x00000020   Code   RO         2988    i.rt_free_box       RTX_CM4_IFX.lib(rt_membox.o)
    0x080044d4   0x00000028   Code   RO         3016    i.rt_free_mem       RTX_CM4_IFX.lib(rt_memory.o)
    0x080044fc   0x00000028   Code   RO         2757    i.rt_get_first      RTX_CM4_IFX.lib(rt_list.o)
    0x08004524   0x00000008   Code   RO         1967    i.rt_id2obj         RTX_CM4_IFX.lib(rt_cmsis.o)
    0x0800452c   0x00000048   Code   RO         2541    i.rt_init_context   RTX_CM4_IFX.lib(rt_task.o)
    0x08004574   0x0000001a   Code   RO         3017    i.rt_init_mem       RTX_CM4_IFX.lib(rt_memory.o)
    0x0800458e   0x00000002   PAD
    0x08004590   0x00000018   Code   RO         3093    i.rt_init_robin     RTX_CM4_IFX.lib(rt_robin.o)
    0x080045a8   0x00000080   Code   RO         3042    i.rt_init_stack     RTX_CM4_IFX.lib(hal_cm.o)
    0x08004628   0x00000008   Code   RO         2834    i.rt_mbx_check      RTX_CM4_IFX.lib(rt_mailbox.o)
    0x08004630   0x0000001a   Code   RO         2835    i.rt_mbx_init       RTX_CM4_IFX.lib(rt_mailbox.o)
    0x0800464a   0x00000002   PAD
    0x0800464c   0x000000f0   Code   RO         2836    i.rt_mbx_psh        RTX_CM4_IFX.lib(rt_mailbox.o)
    0x0800473c   0x000000b4   Code   RO         2838    i.rt_mbx_wait       RTX_CM4_IFX.lib(rt_mailbox.o)
    0x080047f0   0x0000003c   Code   RO         1968    i.rt_ms2tick        RTX_CM4_IFX.lib(rt_cmsis.o)
    0x0800482c   0x0000007c   Code   RO         2628    i.rt_pop_req        RTX_CM4_IFX.lib(rt_system.o)
    0x080048a8   0x00000020   Code   RO         2629    i.rt_psh_req        RTX_CM4_IFX.lib(rt_system.o)
    0x080048c8   0x0000005c   Code   RO         2759    i.rt_psq_enq        RTX_CM4_IFX.lib(rt_list.o)
    0x08004924   0x00000048   Code   RO         2760    i.rt_put_dly        RTX_CM4_IFX.lib(rt_list.o)
    0x0800496c   0x00000036   Code   RO         2761    i.rt_put_prio       RTX_CM4_IFX.lib(rt_list.o)
    0x080049a2   0x00000002   PAD
    0x080049a4   0x00000014   Code   RO         2762    i.rt_put_rdy_first  RTX_CM4_IFX.lib(rt_list.o)
    0x080049b8   0x00000034   Code   RO         2763    i.rt_resort_prio    RTX_CM4_IFX.lib(rt_list.o)
    0x080049ec   0x00000010   Code   RO         3043    i.rt_ret_regs       RTX_CM4_IFX.lib(hal_cm.o)
    0x080049fc   0x0000000c   Code   RO         3044    i.rt_ret_val        RTX_CM4_IFX.lib(hal_cm.o)
    0x08004a08   0x00000010   Code   RO         3045    i.rt_ret_val2       RTX_CM4_IFX.lib(hal_cm.o)
    0x08004a18   0x00000028   Code   RO         2764    i.rt_rmv_dly        RTX_CM4_IFX.lib(rt_list.o)
    0x08004a40   0x00000030   Code   RO         2765    i.rt_rmv_list       RTX_CM4_IFX.lib(rt_list.o)
    0x08004a70   0x00000034   Code   RO         2883    i.rt_sem_psh        RTX_CM4_IFX.lib(rt_semaphore.o)
    0x08004aa4   0x00000024   Code   RO         2631    i.rt_stk_check      RTX_CM4_IFX.lib(rt_system.o)
    0x08004ac8   0x00000028   Code   RO         2542    i.rt_switch_req     RTX_CM4_IFX.lib(rt_task.o)
    0x08004af0   0x000000cc   Code   RO         2543    i.rt_sys_init       RTX_CM4_IFX.lib(rt_task.o)
    0x08004bbc   0x00000078   Code   RO         2544    i.rt_sys_start      RTX_CM4_IFX.lib(rt_task.o)
    0x08004c34   0x00000040   Code   RO         2633    i.rt_systick        RTX_CM4_IFX.lib(rt_system.o)
    0x08004c74   0x00000012   Code   RO         1969    i.rt_tid2ptcb       RTX_CM4_IFX.lib(rt_cmsis.o)
    0x08004c86   0x00000002   PAD
    0x08004c88   0x00000034   Code   RO         1970    i.rt_timer_insert   RTX_CM4_IFX.lib(rt_cmsis.o)
    0x08004cbc   0x00000080   Code   RO         2545    i.rt_tsk_create     RTX_CM4_IFX.lib(rt_task.o)
    0x08004d3c   0x00000174   Code   RO         2546    i.rt_tsk_delete     RTX_CM4_IFX.lib(rt_task.o)
    0x08004eb0   0x0000007c   Code   RO         2548    i.rt_tsk_prio       RTX_CM4_IFX.lib(rt_task.o)
    0x08004f2c   0x00000010   Code   RO         2549    i.rt_tsk_self       RTX_CM4_IFX.lib(rt_task.o)
    0x08004f3c   0x00000014   Code   RO         1972    i.svcDelay          RTX_CM4_IFX.lib(rt_cmsis.o)
    0x08004f50   0x00000070   Code   RO         1973    i.svcKernelInitialize  RTX_CM4_IFX.lib(rt_cmsis.o)
    0x08004fc0   0x00000048   Code   RO         1975    i.svcKernelStart    RTX_CM4_IFX.lib(rt_cmsis.o)
    0x08005008   0x00000024   Code   RO         1978    i.svcMessageCreate  RTX_CM4_IFX.lib(rt_cmsis.o)
    0x0800502c   0x0000003a   Code   RO         1979    i.svcMessageGet     RTX_CM4_IFX.lib(rt_cmsis.o)
    0x08005066   0x00000024   Code   RO         1991    i.svcSignalSet      RTX_CM4_IFX.lib(rt_cmsis.o)
    0x0800508a   0x00000002   PAD
    0x0800508c   0x00000054   Code   RO         1992    i.svcSignalWait     RTX_CM4_IFX.lib(rt_cmsis.o)
    0x080050e0   0x00000070   Code   RO         1993    i.svcThreadCreate   RTX_CM4_IFX.lib(rt_cmsis.o)
    0x08005150   0x0000001c   Code   RO         1994    i.svcThreadGetId    RTX_CM4_IFX.lib(rt_cmsis.o)
    0x0800516c   0x00000038   Code   RO         1997    i.svcThreadTerminate  RTX_CM4_IFX.lib(rt_cmsis.o)
    0x080051a4   0x00000018   Code   RO         1999    i.svcTimerCall      RTX_CM4_IFX.lib(rt_cmsis.o)
    0x080051bc   0x0000005c   Code   RO         2008    i.sysTimerTick      RTX_CM4_IFX.lib(rt_cmsis.o)
    0x08005218   0x00000010   Data   RO          210    .constdata          thread_pump.o
    0x08005228   0x00000010   Data   RO          285    .constdata          thread_webserver.o
    0x08005238   0x00000010   Data   RO          333    .constdata          thread_sensors.o
    0x08005248   0x00000056   Data   RO          427    .constdata          rtx_conf_cm.o
    0x0800529e   0x00000002   PAD
    0x080052a0   0x00000010   Data   RO          501    .constdata          adc_measurement_conf.o
    0x080052b0   0x00000014   Data   RO          560    .constdata          clock_xmc4_conf.o
    0x080052c4   0x00000001   Data   RO          624    .constdata          cpu_ctrl_xmc4_conf.o
    0x080052c5   0x00000003   PAD
    0x080052c8   0x00000068   Data   RO          768    .constdata          global_adc_conf.o
    0x08005330   0x00000004   Data   RO          894    .constdata          global_scu_xmc4_conf.o
    0x08005334   0x00000040   Data   RO          960    .constdata          pwm_conf.o
    0x08005374   0x00000034   Data   RO          989    .constdata          rtc.o
    0x080053a8   0x00000028   Data   RO         1035    .constdata          rtc_conf.o
    0x080053d0   0x00000030   Data   RO         1174    .constdata          xmc4_scu.o
    0x08005400   0x00000010   Data   RO         1820    .constdata          xmc_vadc.o
    0x08005410   0x00000020   Data   RO         3155    Region$$Table       anon$$obj.o


    Execution Region RW_IRAM1 (Base: 0x20000000, Size: 0x0000ffd4, Max: 0x00010000, ABSOLUTE, COMPRESSED[0x000000bc])

    Base Addr    Size         Type   Attr      Idx    E Section Name        Object

    0x20000000   0x00000010   Data   RW          211    .data               thread_pump.o
    0x20000010   0x00000004   Data   RW          286    .data               thread_webserver.o
    0x20000014   0x00000008   Data   RW          334    .data               thread_sensors.o
    0x2000001c   0x00000002   Data   RW          403    .data               logging_system.o
    0x2000001e   0x00000002   PAD
    0x20000020   0x00000020   Data   RW          428    .data               rtx_conf_cm.o
    0x20000040   0x00000088   Data   RW          502    .data               adc_measurement_conf.o
    0x200000c8   0x00000008   Data   RW          625    .data               cpu_ctrl_xmc4_conf.o
    0x200000d0   0x00000018   Data   RW          707    .data               digital_io_conf.o
    0x200000e8   0x0000004c   Data   RW          769    .data               global_adc_conf.o
    0x20000134   0x0000000c   Data   RW          833    .data               global_ccu4_conf.o
    0x20000140   0x00000008   Data   RW          895    .data               global_scu_xmc4_conf.o
    0x20000148   0x00000018   Data   RW          961    .data               pwm_conf.o
    0x20000160   0x0000000c   Data   RW         1036    .data               rtc_conf.o
    0x2000016c   0x00000008   Data   RW         2011    .data               RTX_CM4_IFX.lib(rt_cmsis.o)
    0x20000174   0x00000008   Data   RW         2551    .data               RTX_CM4_IFX.lib(rt_task.o)
    0x2000017c   0x00000008   Data   RW         2636    .data               RTX_CM4_IFX.lib(rt_system.o)
    0x20000184   0x00000004   Data   RW         2926    .data               RTX_CM4_IFX.lib(rt_time.o)
    0x20000188   0x00000001   Data   RW         3046    .data               RTX_CM4_IFX.lib(hal_cm.o)
    0x20000189   0x00000003   PAD
    0x2000018c   0x00000008   Data   RW         3094    .data               RTX_CM4_IFX.lib(rt_robin.o)
    0x20000194   0x00000050   Zero   RW          402    .bss                logging_system.o
    0x200001e4   0x00000004   PAD
    0x200001e8   0x00001f30   Zero   RW          426    .bss                rtx_conf_cm.o
    0x20002118   0x00000080   Zero   RW         1173    .bss                xmc4_scu.o
    0x20002198   0x00000034   Zero   RW         2550    .bss                RTX_CM4_IFX.lib(rt_task.o)
    0x200021cc   0x00000030   Zero   RW         2766    .bss                RTX_CM4_IFX.lib(rt_list.o)
    0x200021fc   0x00000004   PAD
    0x20002200   0x00000400   Zero   RW         1872    STACK               startup_xmc4500.o
    0x20002600   0x0000d9c0   PAD
    0x2000ffc0   0x00000004   Zero   RW         1883    .ARM.__AT_0x2000FFC0  system_xmc4500.o
    0x2000ffc4   0x00000010   Zero   RW         1884    .ARM.__AT_0x2000FFC4  system_xmc4500.o


==============================================================================

Image component sizes


      Code (inc. data)   RO Data    RW Data    ZI Data      Debug   Object Name

       504          8          0          0          0      47744   adc_measurement.o
         0          0         16        136          0       1440   adc_measurement_conf.o
        44          4          0          0          0        841   clock_xmc4.o
        60          6         20          0          0        821   clock_xmc4_conf.o
        96         10          0          0          0      28556   cpu_ctrl_xmc4.o
         0          0          1          8          0        301   cpu_ctrl_xmc4_conf.o
        64         16          0          0          0        568   dave.o
        54          0          0          0          0       1859   digital_io.o
         0          0          0         24          0        283   digital_io_conf.o
       150          0          0          0          0      18219   global_adc.o
         0          0        104         76          0       2093   global_adc_conf.o
        70          0          0          0          0      13265   global_ccu4.o
         0          0          0         12          0       1152   global_ccu4_conf.o
       284         14          0          0          0       3619   global_scu_xmc4.o
         0          0          4          8          0        313   global_scu_xmc4_conf.o
        92          8          0          2         80       1394   logging_system.o
        64          6          0          0          0     520072   main.o
      1110          0          0          0          0      21234   pwm.o
         0          0         64         24          0       2716   pwm_conf.o
       756         22         52          0          0       9593   rtc.o
         0          0         40         12          0        641   rtc_conf.o
        60          6         86         32       7984       7334   rtx_conf_cm.o
      2264        688        512          0       1024      11008   startup_xmc4500.o
       852         72          0          0         20       5034   system_xmc4500.o
       224         30         16         16          0       6725   thread_pump.o
       208         36         16          8          0      12655   thread_sensors.o
       100         12         16          4          0       9096   thread_webserver.o
       240         10          0          0          0       1447   xmc4_gpio.o
       260         10          0          0          0       3504   xmc4_rtc.o
      3064        128         48          0        128      27437   xmc4_scu.o
      1166         26          0          0          0      24103   xmc_ccu4.o
       444         10          0          0          0       3595   xmc_rtc.o
      2768         30         16          0          0      35563   xmc_vadc.o

    ----------------------------------------------------------------------
     15004       1152       1048        364      64984     824225   Object Totals
         0          0         32          0          0          0   (incl. Generated)
         6          0          5          2      55748          0   (incl. Padding)

    ----------------------------------------------------------------------

      Code (inc. data)   RO Data    RW Data    ZI Data      Debug   Library Member Name

       268         24          0          1          0       4128   hal_cm.o
       392         28          0          0          0        796   hal_cm4.o
      1358        162          0          8          0      34090   rt_cmsis.o
       272         18          0          0          0       2470   rt_event.o
       530         34          0          0         48       7765   rt_list.o
       550         10          0          0          0       3661   rt_mailbox.o
       128          0          0          0          0       1821   rt_membox.o
       128          0          0          0          0       2203   rt_memory.o
        96         22          0          8          0       1230   rt_robin.o
        52          4          0          0          0        557   rt_semaphore.o
       298         52          0          8          0       6239   rt_system.o
      1200        174          0          8         52       9253   rt_task.o
         6          0          0          4          0        668   rt_time.o
         4          4          0          0          0        200   svc_table.o
        86          0          0          0          0          0   __dczerorl2.o
         0          0          0          0          0          0   entry.o
         0          0          0          0          0          0   entry10a.o
         0          0          0          0          0          0   entry11a.o
         8          4          0          0          0          0   entry2.o
         4          0          0          0          0          0   entry5.o
         0          0          0          0          0          0   entry7b.o
         0          0          0          0          0          0   entry8b.o
        30          0          0          0          0          0   handlers.o
        36          8          0          0          0         68   init.o
        36          0          0          0          0         68   memcpya.o

    ----------------------------------------------------------------------
      5500        544          0         40        104      75217   Library Totals
        18          0          0          3          4          0   (incl. Padding)

    ----------------------------------------------------------------------

      Code (inc. data)   RO Data    RW Data    ZI Data      Debug   Library Name

      5282        532          0         37        100      75081   RTX_CM4_IFX.lib
       200         12          0          0          0        136   mc_w.l

    ----------------------------------------------------------------------
      5500        544          0         40        104      75217   Library Totals

    ----------------------------------------------------------------------

==============================================================================


      Code (inc. data)   RO Data    RW Data    ZI Data      Debug   

     20504       1696       1048        404      65088     886926   Grand Totals
     20504       1696       1048        188      65088     886926   ELF Image Totals (compressed)
     20504       1696       1048        188          0          0   ROM Totals

==============================================================================

    Total RO  Size (Code + RO Data)                21552 (  21.05kB)
    Total RW  Size (RW Data + ZI Data)             65492 (  63.96kB)
    Total ROM Size (Code + RO Data + RW Data)      21740 (  21.23kB)

==============================================================================

