<html>
<body>
<pre>
<h1>µVision Build Log</h1>
<h2>Tool Versions:</h2>
IDE-Version: µVision V5.14.0.0
Copyright (C) 2015 ARM Ltd and ARM Germany GmbH. All rights reserved.
License Information: Alexander Dmitriev, Symmetron, LIC=V85GQ-7RHGE-7DHPX-F0QK5-21WVS-ZCPY5
 
Tool Versions:
Toolchain:       MDK-ARM Professional  Version: 5.14.0.0
Toolchain Path:  C:\Keil_v5\ARM\ARMCC\Bin
C Compiler:      Armcc.exe V5.05 update 1 (build 106)
Assembler:       Armasm.exe V5.05 update 1 (build 106)
Linker/Locator:  ArmLink.exe V5.05 update 1 (build 106)
Library Manager: ArmAr.exe V5.05 update 1 (build 106)
Hex Converter:   FromElf.exe V5.05 update 1 (build 106)
CPU DLL:         SARMCM3.DLL V5.14.0.0
Dialog DLL:      DCM.DLL V1.13.1.0
Target DLL:      Segger\JL2CM3.dll V2.99.13.0
Dialog DLL:      TCM.DLL V1.14.4.0
 
<h2>Project:</h2>
C:\coding\ARM_Contest\web_pot\web_pot.uvprojx
Project File Date:  05/12/2015

<h2>Output:</h2>
Build target 'XMC4500-F100x1024'

FCARM uses the following Files via command file '.\Auto_FcArm_Cmd.inp':
~loc.cgx,
~index.html,
~jquery.min.js.gz,
~graph.html,
~smoothie.js.gz 
TO web.c RTE NOPRINT ROOT(Web)
custom translating @.\Auto_FcArm_Cmd.inp...
Custom: C:\Keil_v5\ARM\Bin\FCARM.exe @.\Auto_FcArm_Cmd.inp
FCARM FILE CONVERTER V2.52
Completed 5 File(s), Ratio 99%
compiling Thread_sensors.c...
compiling HTTP_Server_CGI.c...
compiling web.c...
linking...
Program Size: Code=44944 RO-data=41960 RW-data=9900 ZI-data=55592  
".\UVBuild\web_pot.axf" - 0 Error(s), 0 Warning(s).

<h2>Software Packages used:</h2>

Package Vendor: ARM
                http://www.keil.com/pack/ARM.CMSIS.4.3.0.pack
                ::CMSIS:RTOS:1.0 (API)
                CMSIS (Cortex Microcontroller Software Interface Standard)
   * Component: RTOS Version: 1.0
   * Component: Keil RTX Version: 4.78.0

Package Vendor: Infineon
                http://media.infineon.com/mdk/Infineon.XMC4000_DFP.2.2.0.pack
                Infineon::Device:XMClib:VADC:1.0.0
                Infineon XMC4000 Series Device Support, Drivers and Examples
   * Component: VADC Version: 1.0.0
   * Component: CAN Version: 1.0.0
   * Component: RTE_Device Version: 1.0.0
   * Component: CCU4 Version: 1.0.0
   * Component: Startup Version: 1.0.0
   * Component: Ethernet MAC Version: 2.01
   * Component: Ethernet PHY Version: 2.00
   * Component: CORE Version: 4.1.0
   * Component: FLASH Version: 1.0.0
   * Component: Ethernet MAC Version: 2.01
   * Component: KSZ8031 Version: 1.00
   * Component: RTC Version: 1.0.0
   * Component: SDMMC Version: 1.0.0
   * Component: CCU8 Version: 1.0.0
   * Component: SPI Version: 1.0.0
   * Component: HRPWM Version: 1.0.0
   * Component: UART Version: 1.0.0
   * Component: LEDTS Version: 1.0.0
   * Component: POSIF Version: 1.0.0
   * Component: SCU Version: 1.0.0
   * Component: EBU Version: 1.0.0
   * Component: ERU Version: 1.0.0
   * Component: USB Version: 1.0.0
   * Component: DMA Version: 1.0.0
   * Component: WDT Version: 1.0.0
   * Component: FCE Version: 1.0.0
   * Component: DAC Version: 1.0.0
   * Component: GPIO Version: 1.0.0
   * Component: I2C Version: 1.0.0

Package Vendor: Keil
                http://www.keil.com/pack/Keil.MDK-Middleware.6.3.0.pack
                Keil.MDK-Pro::Network:Interface:ETH:6.3.0
                Keil MDK-ARM Professional Middleware for ARM Cortex-M based devices
   * Component: ETH Version: 6.3.0
   * Component: CORE Variant: Release Version: 6.3.0
   * Component: UDP Version: 6.3.0
   * Component: TCP Version: 6.3.0
   * Component: Web Server Compact Version: 6.3.0

Package Vendor: Infineon
                D:\Infineon\ARM_contest\web_pot/Infineon.web_pot.1.0.0.pack
                Infineon::DAVE:GLOBAL_CCU4:4.0.0
                Generated Configuration Files for CE Project web_pot
   * Component: GLOBAL_CCU4 Version: 4.0.0
   * Component: GLOBAL_SCU_XMC4 Version: 4.0.0
   * Component: PWM Version: 4.0.0
   * Component: CLOCK_XMC4 Version: 4.0.1
   * Component: DIGITAL_IO Version: 4.0.1
   * Component: RTC Version: 4.0.1
   * Component: GLOBAL_ADC Version: 4.0.0
   * Component: CPU_CTRL_XMC4 Version: 4.0.0
   * Component: Framework Version: 1.0.0
   * Component: ADC_MEASUREMENT Version: 4.0.1

<h2>Collection of Component include folders:</h2>
  C:\coding\ARM_Contest\web_pot\RTE
  C:\coding\ARM_Contest\web_pot\RTE\Device\XMC4500-F100x1024
  C:\Keil_v5\ARM\PACK\ARM\CMSIS\4.3.0\CMSIS\Driver\Include
  C:\Keil_v5\ARM\PACK\ARM\CMSIS\4.3.0\CMSIS\Include
  C:\Keil_v5\ARM\PACK\ARM\CMSIS\4.3.0\CMSIS\RTOS\RTX\INC
  C:\Keil_v5\ARM\PACK\Infineon\XMC4000_DFP\2.2.0\Device\XMC4500_series\Include
  C:\Keil_v5\ARM\PACK\Infineon\XMC4000_DFP\2.2.0\Device\XMClib\inc
  C:\Keil_v5\ARM\PACK\Infineon\XMC4000_DFP\2.2.0\RTE_Driver
  C:\Keil_v5\ARM\PACK\Keil\MDK-Middleware\6.3.0\Network\Include
  C:\coding\ARM_Contest\web_pot\Dave\Generated
  C:\coding\ARM_Contest\web_pot\Dave\Generated\ADC_MEASUREMENT
  C:\coding\ARM_Contest\web_pot\Dave\Generated\CLOCK_XMC4
  C:\coding\ARM_Contest\web_pot\Dave\Generated\CPU_CTRL_XMC4
  C:\coding\ARM_Contest\web_pot\Dave\Generated\DIGITAL_IO
  C:\coding\ARM_Contest\web_pot\Dave\Generated\GLOBAL_ADC
  C:\coding\ARM_Contest\web_pot\Dave\Generated\GLOBAL_CCU4
  C:\coding\ARM_Contest\web_pot\Dave\Generated\GLOBAL_SCU_XMC4
  C:\coding\ARM_Contest\web_pot\Dave\Generated\PWM
  C:\coding\ARM_Contest\web_pot\Dave\Generated\RTC

<h2>Collection of Component Files used:</h2>

   * Component: ::CMSIS:RTOS:1.0 (API)

   * Component: ARM::CMSIS:RTOS:Keil RTX:4.78.0
      Include file:  CMSIS\RTOS\RTX\INC\cmsis_os.h
      Source file:   CMSIS\RTOS\RTX\Templates\RTX_Conf_CM.c
      Include file:  CMSIS\RTOS\RTX\UserCodeTemplates\osObjects.h
      Source file:   CMSIS\RTOS\RTX\UserCodeTemplates\MailQueue.c
      Source file:   CMSIS\RTOS\RTX\UserCodeTemplates\MemPool.c
      Source file:   CMSIS\RTOS\RTX\UserCodeTemplates\MsgQueue.c
      Source file:   CMSIS\RTOS\RTX\UserCodeTemplates\Mutex.c
      Source file:   CMSIS\RTOS\RTX\UserCodeTemplates\main.c
      Source file:   CMSIS\RTOS\RTX\UserCodeTemplates\Semaphore.c
      Source file:   CMSIS\RTOS\RTX\UserCodeTemplates\Timer.c
      Source file:   CMSIS\RTOS\RTX\SRC\ARM\SVC_Table.s
      Source file:   CMSIS\RTOS\RTX\UserCodeTemplates\Thread.c
      Library file:  CMSIS\RTOS\RTX\LIB\ARM\RTX_CM4_IFX.lib

   * Component: Infineon::Device:XMClib:VADC:1.0.0
      Source file:   Device\XMClib\src\xmc_common.c
      Source file:   Device\XMClib\src\xmc_vadc.c

   * Component: Infineon::Device:XMClib:CAN:1.0.0
      Source file:   Device\XMClib\src\xmc_common.c
      Source file:   Device\XMClib\src\xmc_can.c

   * Component: Infineon::Device:RTE_Device:1.0.0
      Include file:  RTE_Driver\Config\XMC4500_F100\RTE_Device.h

   * Component: Infineon::Device:XMClib:CCU4:1.0.0
      Source file:   Device\XMClib\src\xmc_ccu4.c
      Source file:   Device\XMClib\src\xmc_common.c

   * Component: Infineon::Device:Startup:1.0.0
      Source file:   Device\XMC4500_series\Source\ARM\startup_XMC4500.s
      Include file:  Device\XMC4500_series\Include\XMC4500.h
      Source file:   Device\XMC4500_series\Source\system_XMC4500.c

   * Component: ::CMSIS Driver:Ethernet MAC:2.01 (API)
      Include file:  CMSIS\Driver\Include\Driver_ETH_MAC.h

   * Component: ::CMSIS Driver:Ethernet PHY:2.00 (API)
      Include file:  CMSIS\Driver\Include\Driver_ETH_PHY.h

   * Component: ARM::CMSIS:CORE:4.1.0

   * Component: Infineon::Device:XMClib:FLASH:1.0.0
      Source file:   Device\XMClib\src\xmc4_flash.c
      Source file:   Device\XMClib\src\xmc_common.c

   * Component: Infineon::CMSIS Driver:Ethernet MAC:2.01
      Source file:   RTE_Driver\ETH_MAC.c

   * Component: Infineon::CMSIS Driver:Ethernet PHY:KSZ8031:1.00
      Source file:   RTE_Driver\ETH_PHY_KSZ8031.c

   * Component: Infineon::Device:XMClib:RTC:1.0.0
      Source file:   Device\XMClib\src\xmc_common.c
      Source file:   Device\XMClib\src\xmc4_rtc.c
      Source file:   Device\XMClib\src\xmc_rtc.c

   * Component: Infineon::Device:XMClib:SDMMC:1.0.0
      Source file:   Device\XMClib\src\xmc_sdmmc.c
      Source file:   Device\XMClib\src\xmc_common.c

   * Component: Infineon::Device:XMClib:CCU8:1.0.0
      Source file:   Device\XMClib\src\xmc_ccu8.c
      Source file:   Device\XMClib\src\xmc_common.c

   * Component: Infineon::Device:XMClib:SPI:1.0.0
      Source file:   Device\XMClib\src\xmc_common.c
      Source file:   Device\XMClib\src\xmc4_usic.c
      Source file:   Device\XMClib\src\xmc_usic.c
      Source file:   Device\XMClib\src\xmc_spi.c

   * Component: Infineon::Device:XMClib:HRPWM:1.0.0
      Source file:   Device\XMClib\src\xmc_common.c
      Source file:   Device\XMClib\src\xmc_hrpwm.c

   * Component: Infineon::Device:XMClib:UART:1.0.0
      Source file:   Device\XMClib\src\xmc_common.c
      Source file:   Device\XMClib\src\xmc_uart.c
      Source file:   Device\XMClib\src\xmc_usic.c
      Source file:   Device\XMClib\src\xmc4_usic.c

   * Component: Infineon::Device:XMClib:LEDTS:1.0.0
      Source file:   Device\XMClib\src\xmc_ledts.c
      Source file:   Device\XMClib\src\xmc_common.c

   * Component: Infineon::Device:XMClib:POSIF:1.0.0
      Source file:   Device\XMClib\src\xmc_common.c
      Source file:   Device\XMClib\src\xmc_posif.c

   * Component: Infineon::Device:XMClib:SCU:1.0.0
      Source file:   Device\XMClib\src\xmc_scu.c
      Source file:   Device\XMClib\src\xmc_common.c
      Source file:   Device\XMClib\src\xmc4_scu.c

   * Component: Infineon::Device:XMClib:EBU:1.0.0
      Source file:   Device\XMClib\src\xmc_common.c
      Source file:   Device\XMClib\src\xmc_ebu.c

   * Component: Infineon::Device:XMClib:ERU:1.0.0
      Source file:   Device\XMClib\src\xmc_common.c
      Source file:   Device\XMClib\src\xmc_eru.c
      Source file:   Device\XMClib\src\xmc4_eru.c

   * Component: Infineon::Device:XMClib:USB:1.0.0
      Source file:   Device\XMClib\src\xmc_common.c
      Source file:   Device\XMClib\src\xmc_usbd.c

   * Component: Infineon::Device:XMClib:DMA:1.0.0
      Source file:   Device\XMClib\src\xmc_dma.c
      Source file:   Device\XMClib\src\xmc_common.c

   * Component: Infineon::Device:XMClib:WDT:1.0.0
      Source file:   Device\XMClib\src\xmc_common.c
      Source file:   Device\XMClib\src\xmc_wdt.c

   * Component: Infineon::Device:XMClib:FCE:1.0.0
      Source file:   Device\XMClib\src\xmc_common.c
      Source file:   Device\XMClib\src\xmc_fce.c

   * Component: Infineon::Device:XMClib:DAC:1.0.0
      Source file:   Device\XMClib\src\xmc_dac.c
      Source file:   Device\XMClib\src\xmc_common.c

   * Component: Infineon::Device:XMClib:GPIO:1.0.0
      Source file:   Device\XMClib\src\xmc_gpio.c
      Source file:   Device\XMClib\src\xmc4_gpio.c
      Source file:   Device\XMClib\src\xmc_common.c

   * Component: Infineon::Device:XMClib:I2C:1.0.0
      Source file:   Device\XMClib\src\xmc_usic.c
      Source file:   Device\XMClib\src\xmc4_usic.c
      Source file:   Device\XMClib\src\xmc_common.c
      Source file:   Device\XMClib\src\xmc_i2c.c

   * Component: Keil.MDK-Pro::Network:Interface:ETH:6.3.0
      Source file:   Network\Config\Net_Config_ETH.h

   * Component: Keil.MDK-Pro::Network:CORE:Release:6.3.0
      Include file:  Network\Include\rl_net.h
      Source file:   Network\Config\Net_Config.c
      Library file:  Network\Lib\ARM\Net_CM3_L.lib

   * Component: Keil.MDK-Pro::Network:Socket:UDP:6.3.0
      Source file:   Network\Template\UDP_Socket.c
      Source file:   Network\Config\Net_Config_UDP.h

   * Component: Keil.MDK-Pro::Network:Socket:TCP:6.3.0
      Source file:   Network\Config\Net_Config_TCP.h
      Source file:   Network\Template\TCP_Socket_Server.c
      Source file:   Network\Template\TCP_Socket_Client.c

   * Component: Keil.MDK-Pro::Network:Service:Web Server Compact:6.3.0
      Source file:   Network\Config\Net_Config_HTTP_Server.h
      Source file:   Network\Template\HTTP_Server_CGI.c
      Source file:   Network\Template\HTTP_Server_Multiuser.c
      Source file:   Network\Template\HTTP_Server_Access.c
      Source file:   Network\Template\HTTP_Server_Error.c

   * Component: Infineon::DAVE:GLOBAL_CCU4:4.0.0
      Include file:  Dave\Generated\GLOBAL_CCU4\global_ccu4_extern.h
      Source file:   Dave\Generated\GLOBAL_CCU4\global_ccu4.c
      Source file:   Dave\Generated\GLOBAL_CCU4\global_ccu4_conf.c
      Include file:  Dave\Generated\GLOBAL_CCU4\global_ccu4.h
      Include file:  Dave\Generated\GLOBAL_CCU4\global_ccu4_conf.h

   * Component: Infineon::DAVE:GLOBAL_SCU_XMC4:4.0.0
      Source file:   Dave\Generated\GLOBAL_SCU_XMC4\global_scu_xmc4_conf.c
      Include file:  Dave\Generated\GLOBAL_SCU_XMC4\global_scu_xmc4.h
      Source file:   Dave\Generated\GLOBAL_SCU_XMC4\global_scu_xmc4.c
      Include file:  Dave\Generated\GLOBAL_SCU_XMC4\global_scu_xmc4_conf.h
      Include file:  Dave\Generated\GLOBAL_SCU_XMC4\global_scu_xmc4_extern.h

   * Component: Infineon::DAVE:PWM:4.0.0
      Source file:   Dave\Generated\PWM\pwm.c
      Include file:  Dave\Generated\PWM\pwm.h
      Include file:  Dave\Generated\PWM\pwm_conf.h
      Source file:   Dave\Generated\PWM\pwm_conf.c
      Include file:  Dave\Generated\PWM\pwm_extern.h

   * Component: Infineon::DAVE:CLOCK_XMC4:4.0.1
      Source file:   Dave\Generated\CLOCK_XMC4\clock_xmc4.c
      Include file:  Dave\Generated\CLOCK_XMC4\clock_xmc4.h
      Include file:  Dave\Generated\CLOCK_XMC4\clock_xmc4_conf.h
      Include file:  Dave\Generated\CLOCK_XMC4\clock_xmc4_extern.h
      Source file:   Dave\Generated\CLOCK_XMC4\clock_xmc4_conf.c

   * Component: Infineon::DAVE:DIGITAL_IO:4.0.1
      Source file:   Dave\Generated\DIGITAL_IO\digital_io_conf.c
      Include file:  Dave\Generated\DIGITAL_IO\digital_io_extern.h
      Source file:   Dave\Generated\DIGITAL_IO\digital_io.c
      Include file:  Dave\Generated\DIGITAL_IO\digital_io.h
      Include file:  Dave\Generated\DIGITAL_IO\digital_io_conf.h

   * Component: Infineon::DAVE:RTC:4.0.1
      Source file:   Dave\Generated\RTC\rtc_conf.c
      Include file:  Dave\Generated\RTC\rtc_conf.h
      Include file:  Dave\Generated\RTC\rtc_extern.h
      Include file:  Dave\Generated\RTC\rtc.h
      Source file:   Dave\Generated\RTC\rtc.c

   * Component: Infineon::DAVE:GLOBAL_ADC:4.0.0
      Include file:  Dave\Generated\GLOBAL_ADC\global_adc_conf.h
      Include file:  Dave\Generated\GLOBAL_ADC\global_adc.h
      Include file:  Dave\Generated\GLOBAL_ADC\global_adc_extern.h
      Source file:   Dave\Generated\GLOBAL_ADC\global_adc.c
      Source file:   Dave\Generated\GLOBAL_ADC\global_adc_conf.c

   * Component: Infineon::DAVE:CPU_CTRL_XMC4:4.0.0
      Include file:  Dave\Generated\CPU_CTRL_XMC4\cpu_ctrl_xmc4.h
      Source file:   Dave\Generated\CPU_CTRL_XMC4\cpu_ctrl_xmc4_conf.c
      Include file:  Dave\Generated\CPU_CTRL_XMC4\cpu_ctrl_xmc4_conf.h
      Include file:  Dave\Generated\CPU_CTRL_XMC4\cpu_ctrl_xmc4_extern.h
      Source file:   Dave\Generated\CPU_CTRL_XMC4\cpu_ctrl_xmc4.c

   * Component: Infineon::DAVE:Framework:1.0.0
      Include file:  Dave\Generated\DAVE.h
      Include file:  Dave\Generated\DAVE_Common.h
      Source file:   Dave\Generated\DAVE.c

   * Component: Infineon::DAVE:ADC_MEASUREMENT:4.0.1
      Include file:  Dave\Generated\ADC_MEASUREMENT\adc_measurement_conf.h
      Include file:  Dave\Generated\ADC_MEASUREMENT\adc_measurement_extern.h
      Source file:   Dave\Generated\ADC_MEASUREMENT\adc_measurement.c
      Source file:   Dave\Generated\ADC_MEASUREMENT\adc_measurement_conf.c
      Include file:  Dave\Generated\ADC_MEASUREMENT\adc_measurement.h
</pre>
</body>
</html>
