<html>
<body>
<pre>
<h1>µVision Build Log</h1>
<h2>Tool Versions:</h2>
IDE-Version: µVision V5.14.0.0
Copyright (C) 2015 ARM Ltd and ARM Germany GmbH. All rights reserved.
License Information: Alexander Dmitriev, Symmetron, LIC=----
 
Tool Versions:
Toolchain:       MDK-Lite  Version: 5.14.0.0
Toolchain Path:  D:\Keil_v5\ARM\ARMCC\Bin
C Compiler:      Armcc.exe V5.05 update 1 (build 106)
Assembler:       Armasm.exe V5.05 update 1 (build 106)
Linker/Locator:  ArmLink.exe V5.05 update 1 (build 106)
Library Manager: ArmAr.exe V5.05 update 1 (build 106)
Hex Converter:   FromElf.exe V5.05 update 1 (build 106)
CPU DLL:         SARMCM3.DLL V5.14.0.0
Dialog DLL:      DCM.DLL V1.13.1.0
Target DLL:      Segger\JL2CM3.dll V2.99.13.0
Dialog DLL:      TCM.DLL V1.14.4.0
 
<h2>Project:</h2>
D:\Infineon\ARM_contest\web_pot\web_pot.uvprojx
Project File Date:  05/06/2015

<h2>Output:</h2>
Build target 'XMC4500-F100x1024'
compiling main.c...
compiling Thread_pump.c...
compiling logging_system.c...
linking...
Program Size: Code=20380 RO-data=1048 RW-data=332 ZI-data=65160  
".\UVBuild\web_pot.axf" - 0 Error(s), 0 Warning(s).

<h2>Software Packages used:</h2>

Package Vendor: ARM
                http://www.keil.com/pack/ARM.CMSIS.4.3.0.pack
                ::CMSIS:RTOS:1.0 (API)
                CMSIS (Cortex Microcontroller Software Interface Standard)
   * Component: RTOS Version: 1.0
   * Component: CORE Version: 4.1.0
   * Component: Keil RTX Version: 4.78.0

Package Vendor: Infineon
                http://media.infineon.com/mdk/Infineon.XMC4000_DFP.2.2.0.pack
                Infineon::Device:Startup:1.0.0
                Infineon XMC4000 Series Device Support, Drivers and Examples
   * Component: Startup Version: 1.0.0
   * Component: RTE_Device Version: 1.0.0
   * Component: VADC Version: 1.0.0
   * Component: CAN Version: 1.0.0
   * Component: CCU4 Version: 1.0.0
   * Component: CCU8 Version: 1.0.0
   * Component: DAC Version: 1.0.0
   * Component: DMA Version: 1.0.0
   * Component: EBU Version: 1.0.0
   * Component: ERU Version: 1.0.0
   * Component: GPIO Version: 1.0.0
   * Component: HRPWM Version: 1.0.0
   * Component: I2C Version: 1.0.0
   * Component: LEDTS Version: 1.0.0
   * Component: POSIF Version: 1.0.0
   * Component: RTC Version: 1.0.0
   * Component: SCU Version: 1.0.0
   * Component: SDMMC Version: 1.0.0
   * Component: SPI Version: 1.0.0
   * Component: UART Version: 1.0.0
   * Component: USB Version: 1.0.0
   * Component: WDT Version: 1.0.0
   * Component: FCE Version: 1.0.0
   * Component: FLASH Version: 1.0.0

Package Vendor: Infineon
                C:\coding\ARM_Contest\web_pot/Infineon.web_pot.1.0.0.pack
                Infineon::DAVE:Framework:1.0.0
                Generated Configuration Files for CE Project web_pot
   * Component: Framework Version: 1.0.0
   * Component: CLOCK_XMC4 Version: 4.0.1
   * Component: RTC Version: 4.0.1
   * Component: ADC_MEASUREMENT Version: 4.0.1
   * Component: DIGITAL_IO Version: 4.0.1
   * Component: PWM Version: 4.0.0
   * Component: GLOBAL_SCU_XMC4 Version: 4.0.0
   * Component: GLOBAL_ADC Version: 4.0.0
   * Component: GLOBAL_CCU4 Version: 4.0.0
   * Component: CPU_CTRL_XMC4 Version: 4.0.0

<h2>Collection of Component include folders:</h2>
  D:\Infineon\ARM_contest\web_pot\RTE
  D:\Infineon\ARM_contest\web_pot\RTE\Device\XMC4500-F100x1024
  D:\Infineon\ARM_contest\web_pot\Dave\Generated
  D:\Infineon\ARM_contest\web_pot\Dave\Generated\ADC_MEASUREMENT
  D:\Infineon\ARM_contest\web_pot\Dave\Generated\CLOCK_XMC4
  D:\Infineon\ARM_contest\web_pot\Dave\Generated\CPU_CTRL_XMC4
  D:\Infineon\ARM_contest\web_pot\Dave\Generated\DIGITAL_IO
  D:\Infineon\ARM_contest\web_pot\Dave\Generated\GLOBAL_ADC
  D:\Infineon\ARM_contest\web_pot\Dave\Generated\GLOBAL_CCU4
  D:\Infineon\ARM_contest\web_pot\Dave\Generated\GLOBAL_SCU_XMC4
  D:\Infineon\ARM_contest\web_pot\Dave\Generated\PWM
  D:\Infineon\ARM_contest\web_pot\Dave\Generated\RTC
  D:\Keil_v5\ARM\PACK\ARM\CMSIS\4.3.0\CMSIS\Include
  D:\Keil_v5\ARM\PACK\ARM\CMSIS\4.3.0\CMSIS\RTOS\RTX\INC
  D:\Keil_v5\ARM\PACK\Infineon\XMC4000_DFP\2.2.0\Device\XMC4500_series\Include
  D:\Keil_v5\ARM\PACK\Infineon\XMC4000_DFP\2.2.0\Device\XMClib\inc
  D:\Keil_v5\ARM\PACK\Infineon\XMC4000_DFP\2.2.0\RTE_Driver

<h2>Collection of Component Files used:</h2>

   * Component: ::CMSIS:RTOS:1.0 (API)

   * Component: ARM::CMSIS:CORE:4.1.0

   * Component: ARM::CMSIS:RTOS:Keil RTX:4.78.0
      Include file:  CMSIS\RTOS\RTX\INC\cmsis_os.h
      Source file:   CMSIS\RTOS\RTX\Templates\RTX_Conf_CM.c
      Include file:  CMSIS\RTOS\RTX\UserCodeTemplates\osObjects.h
      Source file:   CMSIS\RTOS\RTX\UserCodeTemplates\main.c
      Source file:   CMSIS\RTOS\RTX\UserCodeTemplates\MailQueue.c
      Source file:   CMSIS\RTOS\RTX\UserCodeTemplates\MemPool.c
      Source file:   CMSIS\RTOS\RTX\UserCodeTemplates\MsgQueue.c
      Source file:   CMSIS\RTOS\RTX\UserCodeTemplates\Mutex.c
      Source file:   CMSIS\RTOS\RTX\UserCodeTemplates\Semaphore.c
      Source file:   CMSIS\RTOS\RTX\UserCodeTemplates\Thread.c
      Source file:   CMSIS\RTOS\RTX\UserCodeTemplates\Timer.c
      Source file:   CMSIS\RTOS\RTX\SRC\ARM\SVC_Table.s
      Library file:  CMSIS\RTOS\RTX\LIB\ARM\RTX_CM4_IFX.lib

   * Component: Infineon::Device:Startup:1.0.0
      Include file:  Device\XMC4500_series\Include\XMC4500.h
      Source file:   Device\XMC4500_series\Source\system_XMC4500.c
      Source file:   Device\XMC4500_series\Source\ARM\startup_XMC4500.s

   * Component: Infineon::Device:RTE_Device:1.0.0
      Include file:  RTE_Driver\Config\XMC4500_F100\RTE_Device.h

   * Component: Infineon::Device:XMClib:VADC:1.0.0
      Source file:   Device\XMClib\src\xmc_common.c
      Source file:   Device\XMClib\src\xmc_vadc.c

   * Component: Infineon::Device:XMClib:CAN:1.0.0
      Source file:   Device\XMClib\src\xmc_common.c
      Source file:   Device\XMClib\src\xmc_can.c

   * Component: Infineon::Device:XMClib:CCU4:1.0.0
      Source file:   Device\XMClib\src\xmc_common.c
      Source file:   Device\XMClib\src\xmc_ccu4.c

   * Component: Infineon::Device:XMClib:CCU8:1.0.0
      Source file:   Device\XMClib\src\xmc_common.c
      Source file:   Device\XMClib\src\xmc_ccu8.c

   * Component: Infineon::Device:XMClib:DAC:1.0.0
      Source file:   Device\XMClib\src\xmc_common.c
      Source file:   Device\XMClib\src\xmc_dac.c

   * Component: Infineon::Device:XMClib:DMA:1.0.0
      Source file:   Device\XMClib\src\xmc_common.c
      Source file:   Device\XMClib\src\xmc_dma.c

   * Component: Infineon::Device:XMClib:EBU:1.0.0
      Source file:   Device\XMClib\src\xmc_common.c
      Source file:   Device\XMClib\src\xmc_ebu.c

   * Component: Infineon::Device:XMClib:ERU:1.0.0
      Source file:   Device\XMClib\src\xmc_common.c
      Source file:   Device\XMClib\src\xmc_eru.c
      Source file:   Device\XMClib\src\xmc4_eru.c

   * Component: Infineon::Device:XMClib:GPIO:1.0.0
      Source file:   Device\XMClib\src\xmc_common.c
      Source file:   Device\XMClib\src\xmc_gpio.c
      Source file:   Device\XMClib\src\xmc4_gpio.c

   * Component: Infineon::Device:XMClib:HRPWM:1.0.0
      Source file:   Device\XMClib\src\xmc_common.c
      Source file:   Device\XMClib\src\xmc_hrpwm.c

   * Component: Infineon::Device:XMClib:I2C:1.0.0
      Source file:   Device\XMClib\src\xmc_common.c
      Source file:   Device\XMClib\src\xmc_usic.c
      Source file:   Device\XMClib\src\xmc4_usic.c
      Source file:   Device\XMClib\src\xmc_i2c.c

   * Component: Infineon::Device:XMClib:LEDTS:1.0.0
      Source file:   Device\XMClib\src\xmc_common.c
      Source file:   Device\XMClib\src\xmc_ledts.c

   * Component: Infineon::Device:XMClib:POSIF:1.0.0
      Source file:   Device\XMClib\src\xmc_common.c
      Source file:   Device\XMClib\src\xmc_posif.c

   * Component: Infineon::Device:XMClib:RTC:1.0.0
      Source file:   Device\XMClib\src\xmc_common.c
      Source file:   Device\XMClib\src\xmc_rtc.c
      Source file:   Device\XMClib\src\xmc4_rtc.c

   * Component: Infineon::Device:XMClib:SCU:1.0.0
      Source file:   Device\XMClib\src\xmc_common.c
      Source file:   Device\XMClib\src\xmc_scu.c
      Source file:   Device\XMClib\src\xmc4_scu.c

   * Component: Infineon::Device:XMClib:SDMMC:1.0.0
      Source file:   Device\XMClib\src\xmc_common.c
      Source file:   Device\XMClib\src\xmc_sdmmc.c

   * Component: Infineon::Device:XMClib:SPI:1.0.0
      Source file:   Device\XMClib\src\xmc_common.c
      Source file:   Device\XMClib\src\xmc_usic.c
      Source file:   Device\XMClib\src\xmc4_usic.c
      Source file:   Device\XMClib\src\xmc_spi.c

   * Component: Infineon::Device:XMClib:UART:1.0.0
      Source file:   Device\XMClib\src\xmc_common.c
      Source file:   Device\XMClib\src\xmc_usic.c
      Source file:   Device\XMClib\src\xmc4_usic.c
      Source file:   Device\XMClib\src\xmc_uart.c

   * Component: Infineon::Device:XMClib:USB:1.0.0
      Source file:   Device\XMClib\src\xmc_common.c
      Source file:   Device\XMClib\src\xmc_usbd.c

   * Component: Infineon::Device:XMClib:WDT:1.0.0
      Source file:   Device\XMClib\src\xmc_common.c
      Source file:   Device\XMClib\src\xmc_wdt.c

   * Component: Infineon::Device:XMClib:FCE:1.0.0
      Source file:   Device\XMClib\src\xmc_common.c
      Source file:   Device\XMClib\src\xmc_fce.c

   * Component: Infineon::Device:XMClib:FLASH:1.0.0
      Source file:   Device\XMClib\src\xmc_common.c
      Source file:   Device\XMClib\src\xmc4_flash.c

   * Component: Infineon::DAVE:Framework:1.0.0
      Include file:  Dave\Generated\DAVE.h
      Include file:  Dave\Generated\DAVE_Common.h
      Source file:   Dave\Generated\DAVE.c

   * Component: Infineon::DAVE:CLOCK_XMC4:4.0.1
      Include file:  Dave\Generated\CLOCK_XMC4\clock_xmc4.h
      Include file:  Dave\Generated\CLOCK_XMC4\clock_xmc4_conf.h
      Include file:  Dave\Generated\CLOCK_XMC4\clock_xmc4_extern.h
      Source file:   Dave\Generated\CLOCK_XMC4\clock_xmc4.c
      Source file:   Dave\Generated\CLOCK_XMC4\clock_xmc4_conf.c

   * Component: Infineon::DAVE:RTC:4.0.1
      Include file:  Dave\Generated\RTC\rtc.h
      Include file:  Dave\Generated\RTC\rtc_conf.h
      Include file:  Dave\Generated\RTC\rtc_extern.h
      Source file:   Dave\Generated\RTC\rtc.c
      Source file:   Dave\Generated\RTC\rtc_conf.c

   * Component: Infineon::DAVE:ADC_MEASUREMENT:4.0.1
      Include file:  Dave\Generated\ADC_MEASUREMENT\adc_measurement.h
      Include file:  Dave\Generated\ADC_MEASUREMENT\adc_measurement_conf.h
      Include file:  Dave\Generated\ADC_MEASUREMENT\adc_measurement_extern.h
      Source file:   Dave\Generated\ADC_MEASUREMENT\adc_measurement.c
      Source file:   Dave\Generated\ADC_MEASUREMENT\adc_measurement_conf.c

   * Component: Infineon::DAVE:DIGITAL_IO:4.0.1
      Include file:  Dave\Generated\DIGITAL_IO\digital_io.h
      Include file:  Dave\Generated\DIGITAL_IO\digital_io_conf.h
      Include file:  Dave\Generated\DIGITAL_IO\digital_io_extern.h
      Source file:   Dave\Generated\DIGITAL_IO\digital_io.c
      Source file:   Dave\Generated\DIGITAL_IO\digital_io_conf.c

   * Component: Infineon::DAVE:PWM:4.0.0
      Include file:  Dave\Generated\PWM\pwm.h
      Include file:  Dave\Generated\PWM\pwm_conf.h
      Include file:  Dave\Generated\PWM\pwm_extern.h
      Source file:   Dave\Generated\PWM\pwm.c
      Source file:   Dave\Generated\PWM\pwm_conf.c

   * Component: Infineon::DAVE:GLOBAL_SCU_XMC4:4.0.0
      Include file:  Dave\Generated\GLOBAL_SCU_XMC4\global_scu_xmc4.h
      Include file:  Dave\Generated\GLOBAL_SCU_XMC4\global_scu_xmc4_conf.h
      Include file:  Dave\Generated\GLOBAL_SCU_XMC4\global_scu_xmc4_extern.h
      Source file:   Dave\Generated\GLOBAL_SCU_XMC4\global_scu_xmc4.c
      Source file:   Dave\Generated\GLOBAL_SCU_XMC4\global_scu_xmc4_conf.c

   * Component: Infineon::DAVE:GLOBAL_ADC:4.0.0
      Include file:  Dave\Generated\GLOBAL_ADC\global_adc.h
      Include file:  Dave\Generated\GLOBAL_ADC\global_adc_conf.h
      Include file:  Dave\Generated\GLOBAL_ADC\global_adc_extern.h
      Source file:   Dave\Generated\GLOBAL_ADC\global_adc.c
      Source file:   Dave\Generated\GLOBAL_ADC\global_adc_conf.c

   * Component: Infineon::DAVE:GLOBAL_CCU4:4.0.0
      Include file:  Dave\Generated\GLOBAL_CCU4\global_ccu4.h
      Include file:  Dave\Generated\GLOBAL_CCU4\global_ccu4_conf.h
      Include file:  Dave\Generated\GLOBAL_CCU4\global_ccu4_extern.h
      Source file:   Dave\Generated\GLOBAL_CCU4\global_ccu4.c
      Source file:   Dave\Generated\GLOBAL_CCU4\global_ccu4_conf.c

   * Component: Infineon::DAVE:CPU_CTRL_XMC4:4.0.0
      Include file:  Dave\Generated\CPU_CTRL_XMC4\cpu_ctrl_xmc4.h
      Include file:  Dave\Generated\CPU_CTRL_XMC4\cpu_ctrl_xmc4_conf.h
      Include file:  Dave\Generated\CPU_CTRL_XMC4\cpu_ctrl_xmc4_extern.h
      Source file:   Dave\Generated\CPU_CTRL_XMC4\cpu_ctrl_xmc4.c
      Source file:   Dave\Generated\CPU_CTRL_XMC4\cpu_ctrl_xmc4_conf.c
</pre>
</body>
</html>
